Frontend (JS/HTML/CSS)	UNKNOWN STEP	﻿2026-04-04T23:47:49.3902097Z Current runner version: '2.333.1'
Frontend (JS/HTML/CSS)	UNKNOWN STEP	2026-04-04T23:47:49.3926317Z ##[group]Runner Image Provisioner
Frontend (JS/HTML/CSS)	UNKNOWN STEP	2026-04-04T23:47:49.3927065Z Hosted Compute Agent
Frontend (JS/HTML/CSS)	UNKNOWN STEP	2026-04-04T23:47:49.3927587Z Version: 20260213.493
Frontend (JS/HTML/CSS)	UNKNOWN STEP	2026-04-04T23:47:49.3928197Z Commit: 5c115507f6dd24b8de37d8bbe0bb4509d0cc0fa3
Frontend (JS/HTML/CSS)	UNKNOWN STEP	2026-04-04T23:47:49.3928872Z Build Date: 2026-02-13T00:28:41Z
Frontend (JS/HTML/CSS)	UNKNOWN STEP	2026-04-04T23:47:49.3929498Z Worker ID: {e29b3a7b-3836-4b2d-9c68-a4292267f8ec}
Frontend (JS/HTML/CSS)	UNKNOWN STEP	2026-04-04T23:47:49.3930116Z Azure Region: westcentralus
Frontend (JS/HTML/CSS)	UNKNOWN STEP	2026-04-04T23:47:49.3930638Z ##[endgroup]
Frontend (JS/HTML/CSS)	UNKNOWN STEP	2026-04-04T23:47:49.3932278Z ##[group]Operating System
Frontend (JS/HTML/CSS)	UNKNOWN STEP	2026-04-04T23:47:49.3932999Z Ubuntu
Frontend (JS/HTML/CSS)	UNKNOWN STEP	2026-04-04T23:47:49.3933488Z 24.04.4
Frontend (JS/HTML/CSS)	UNKNOWN STEP	2026-04-04T23:47:49.3933937Z LTS
Frontend (JS/HTML/CSS)	UNKNOWN STEP	2026-04-04T23:47:49.3934338Z ##[endgroup]
Frontend (JS/HTML/CSS)	UNKNOWN STEP	2026-04-04T23:47:49.3934828Z ##[group]Runner Image
Frontend (JS/HTML/CSS)	UNKNOWN STEP	2026-04-04T23:47:49.3935307Z Image: ubuntu-24.04
Frontend (JS/HTML/CSS)	UNKNOWN STEP	2026-04-04T23:47:49.3935779Z Version: 20260329.72.1
Frontend (JS/HTML/CSS)	UNKNOWN STEP	2026-04-04T23:47:49.3936867Z Included Software: https://github.com/actions/runner-images/blob/ubuntu24/20260329.72/images/ubuntu/Ubuntu2404-Readme.md
Frontend (JS/HTML/CSS)	UNKNOWN STEP	2026-04-04T23:47:49.3938103Z Image Release: https://github.com/actions/runner-images/releases/tag/ubuntu24%2F20260329.72
Frontend (JS/HTML/CSS)	UNKNOWN STEP	2026-04-04T23:47:49.3938919Z ##[endgroup]
Frontend (JS/HTML/CSS)	UNKNOWN STEP	2026-04-04T23:47:49.3939889Z ##[group]GITHUB_TOKEN Permissions
Frontend (JS/HTML/CSS)	UNKNOWN STEP	2026-04-04T23:47:49.3942065Z Contents: read
Frontend (JS/HTML/CSS)	UNKNOWN STEP	2026-04-04T23:47:49.3942585Z Metadata: read
Frontend (JS/HTML/CSS)	UNKNOWN STEP	2026-04-04T23:47:49.3943137Z Packages: read
Frontend (JS/HTML/CSS)	UNKNOWN STEP	2026-04-04T23:47:49.3943596Z ##[endgroup]
Frontend (JS/HTML/CSS)	UNKNOWN STEP	2026-04-04T23:47:49.3945618Z Secret source: None
Frontend (JS/HTML/CSS)	UNKNOWN STEP	2026-04-04T23:47:49.3946239Z Prepare workflow directory
Frontend (JS/HTML/CSS)	UNKNOWN STEP	2026-04-04T23:47:49.4269398Z Prepare all required actions
Frontend (JS/HTML/CSS)	UNKNOWN STEP	2026-04-04T23:47:49.4308854Z Getting action download info
Frontend (JS/HTML/CSS)	UNKNOWN STEP	2026-04-04T23:47:49.8165340Z Download action repository 'actions/checkout@v4' (SHA:34e114876b0b11c390a56381ad16ebd13914f8d5)
Frontend (JS/HTML/CSS)	UNKNOWN STEP	2026-04-04T23:47:49.9696723Z Download action repository 'actions/setup-node@v4' (SHA:49933ea5288caeca8642d1e84afbd3f7d6820020)
Frontend (JS/HTML/CSS)	UNKNOWN STEP	2026-04-04T23:47:50.2899763Z Complete job name: Frontend (JS/HTML/CSS)
Frontend (JS/HTML/CSS)	UNKNOWN STEP	2026-04-04T23:47:50.3575913Z ##[group]Run actions/checkout@v4
Frontend (JS/HTML/CSS)	UNKNOWN STEP	2026-04-04T23:47:50.3576956Z with:
Frontend (JS/HTML/CSS)	UNKNOWN STEP	2026-04-04T23:47:50.3577467Z   repository: fkcurrie/utba-swarmmap
Frontend (JS/HTML/CSS)	UNKNOWN STEP	2026-04-04T23:47:50.3578377Z   token: ***
Frontend (JS/HTML/CSS)	UNKNOWN STEP	2026-04-04T23:47:50.3578865Z   ssh-strict: true
Frontend (JS/HTML/CSS)	UNKNOWN STEP	2026-04-04T23:47:50.3579420Z   ssh-user: git
Frontend (JS/HTML/CSS)	UNKNOWN STEP	2026-04-04T23:47:50.3579950Z   persist-credentials: true
Frontend (JS/HTML/CSS)	UNKNOWN STEP	2026-04-04T23:47:50.3580490Z   clean: true
Frontend (JS/HTML/CSS)	UNKNOWN STEP	2026-04-04T23:47:50.3581025Z   sparse-checkout-cone-mode: true
Frontend (JS/HTML/CSS)	UNKNOWN STEP	2026-04-04T23:47:50.3581577Z   fetch-depth: 1
Frontend (JS/HTML/CSS)	UNKNOWN STEP	2026-04-04T23:47:50.3582129Z   fetch-tags: false
Frontend (JS/HTML/CSS)	UNKNOWN STEP	2026-04-04T23:47:50.3582633Z   show-progress: true
Frontend (JS/HTML/CSS)	UNKNOWN STEP	2026-04-04T23:47:50.3583536Z   lfs: false
Frontend (JS/HTML/CSS)	UNKNOWN STEP	2026-04-04T23:47:50.3584027Z   submodules: false
Frontend (JS/HTML/CSS)	UNKNOWN STEP	2026-04-04T23:47:50.3584553Z   set-safe-directory: true
Frontend (JS/HTML/CSS)	UNKNOWN STEP	2026-04-04T23:47:50.3585408Z ##[endgroup]
Frontend (JS/HTML/CSS)	UNKNOWN STEP	2026-04-04T23:47:50.4827859Z Syncing repository: fkcurrie/utba-swarmmap
Frontend (JS/HTML/CSS)	UNKNOWN STEP	2026-04-04T23:47:50.4830734Z ##[group]Getting Git version info
Frontend (JS/HTML/CSS)	UNKNOWN STEP	2026-04-04T23:47:50.4832414Z Working directory is '/home/runner/work/utba-swarmmap/utba-swarmmap'
Frontend (JS/HTML/CSS)	UNKNOWN STEP	2026-04-04T23:47:50.4834631Z [command]/usr/bin/git version
Frontend (JS/HTML/CSS)	UNKNOWN STEP	2026-04-04T23:47:50.6679979Z git version 2.53.0
Frontend (JS/HTML/CSS)	UNKNOWN STEP	2026-04-04T23:47:50.6705922Z ##[endgroup]
Frontend (JS/HTML/CSS)	UNKNOWN STEP	2026-04-04T23:47:50.6720236Z Temporarily overriding HOME='/home/runner/work/_temp/18a53ba5-27ae-4f42-8e7b-b172b73f8a0f' before making global git config changes
Frontend (JS/HTML/CSS)	UNKNOWN STEP	2026-04-04T23:47:50.6721614Z Adding repository directory to the temporary git global config as a safe directory
Frontend (JS/HTML/CSS)	UNKNOWN STEP	2026-04-04T23:47:50.6726145Z [command]/usr/bin/git config --global --add safe.directory /home/runner/work/utba-swarmmap/utba-swarmmap
Frontend (JS/HTML/CSS)	UNKNOWN STEP	2026-04-04T23:47:50.6757438Z Deleting the contents of '/home/runner/work/utba-swarmmap/utba-swarmmap'
Frontend (JS/HTML/CSS)	UNKNOWN STEP	2026-04-04T23:47:50.6760713Z ##[group]Initializing the repository
Frontend (JS/HTML/CSS)	UNKNOWN STEP	2026-04-04T23:47:50.6764818Z [command]/usr/bin/git init /home/runner/work/utba-swarmmap/utba-swarmmap
Frontend (JS/HTML/CSS)	UNKNOWN STEP	2026-04-04T23:47:50.6826380Z hint: Using 'master' as the name for the initial branch. This default branch name
Frontend (JS/HTML/CSS)	UNKNOWN STEP	2026-04-04T23:47:50.6827457Z hint: will change to "main" in Git 3.0. To configure the initial branch name
Frontend (JS/HTML/CSS)	UNKNOWN STEP	2026-04-04T23:47:50.6828507Z hint: to use in all of your new repositories, which will suppress this warning,
Frontend (JS/HTML/CSS)	UNKNOWN STEP	2026-04-04T23:47:50.6829793Z hint: call:
Frontend (JS/HTML/CSS)	UNKNOWN STEP	2026-04-04T23:47:50.6830197Z hint:
Frontend (JS/HTML/CSS)	UNKNOWN STEP	2026-04-04T23:47:50.6830748Z hint: 	git config --global init.defaultBranch <name>
Frontend (JS/HTML/CSS)	UNKNOWN STEP	2026-04-04T23:47:50.6831700Z hint:
Frontend (JS/HTML/CSS)	UNKNOWN STEP	2026-04-04T23:47:50.6832309Z hint: Names commonly chosen instead of 'master' are 'main', 'trunk' and
Frontend (JS/HTML/CSS)	UNKNOWN STEP	2026-04-04T23:47:50.6833419Z hint: 'development'. The just-created branch can be renamed via this command:
Frontend (JS/HTML/CSS)	UNKNOWN STEP	2026-04-04T23:47:50.6834136Z hint:
Frontend (JS/HTML/CSS)	UNKNOWN STEP	2026-04-04T23:47:50.6834554Z hint: 	git branch -m <name>
Frontend (JS/HTML/CSS)	UNKNOWN STEP	2026-04-04T23:47:50.6835017Z hint:
Frontend (JS/HTML/CSS)	UNKNOWN STEP	2026-04-04T23:47:50.6835642Z hint: Disable this message with "git config set advice.defaultBranchName false"
Frontend (JS/HTML/CSS)	UNKNOWN STEP	2026-04-04T23:47:50.6836781Z Initialized empty Git repository in /home/runner/work/utba-swarmmap/utba-swarmmap/.git/
Frontend (JS/HTML/CSS)	UNKNOWN STEP	2026-04-04T23:47:50.6838930Z [command]/usr/bin/git remote add origin https://github.com/fkcurrie/utba-swarmmap
Frontend (JS/HTML/CSS)	UNKNOWN STEP	2026-04-04T23:47:50.6862626Z ##[endgroup]
Frontend (JS/HTML/CSS)	UNKNOWN STEP	2026-04-04T23:47:50.6863658Z ##[group]Disabling automatic garbage collection
Frontend (JS/HTML/CSS)	UNKNOWN STEP	2026-04-04T23:47:50.6866636Z [command]/usr/bin/git config --local gc.auto 0
Frontend (JS/HTML/CSS)	UNKNOWN STEP	2026-04-04T23:47:50.6890130Z ##[endgroup]
Frontend (JS/HTML/CSS)	UNKNOWN STEP	2026-04-04T23:47:50.6890873Z ##[group]Setting up auth
Frontend (JS/HTML/CSS)	UNKNOWN STEP	2026-04-04T23:47:50.6896591Z [command]/usr/bin/git config --local --name-only --get-regexp core\.sshCommand
Frontend (JS/HTML/CSS)	UNKNOWN STEP	2026-04-04T23:47:50.6921170Z [command]/usr/bin/git submodule foreach --recursive sh -c "git config --local --name-only --get-regexp 'core\.sshCommand' && git config --local --unset-all 'core.sshCommand' || :"
Frontend (JS/HTML/CSS)	UNKNOWN STEP	2026-04-04T23:47:50.7168158Z [command]/usr/bin/git config --local --name-only --get-regexp http\.https\:\/\/github\.com\/\.extraheader
Frontend (JS/HTML/CSS)	UNKNOWN STEP	2026-04-04T23:47:50.7200228Z [command]/usr/bin/git submodule foreach --recursive sh -c "git config --local --name-only --get-regexp 'http\.https\:\/\/github\.com\/\.extraheader' && git config --local --unset-all 'http.https://github.com/.extraheader' || :"
Frontend (JS/HTML/CSS)	UNKNOWN STEP	2026-04-04T23:47:50.7386762Z [command]/usr/bin/git config --local --name-only --get-regexp ^includeIf\.gitdir:
Frontend (JS/HTML/CSS)	UNKNOWN STEP	2026-04-04T23:47:50.7414577Z [command]/usr/bin/git submodule foreach --recursive git config --local --show-origin --name-only --get-regexp remote.origin.url
Frontend (JS/HTML/CSS)	UNKNOWN STEP	2026-04-04T23:47:50.7592349Z [command]/usr/bin/git config --local http.https://github.com/.extraheader AUTHORIZATION: basic ***
Frontend (JS/HTML/CSS)	UNKNOWN STEP	2026-04-04T23:47:50.7622117Z ##[endgroup]
Frontend (JS/HTML/CSS)	UNKNOWN STEP	2026-04-04T23:47:50.7623141Z ##[group]Fetching the repository
Frontend (JS/HTML/CSS)	UNKNOWN STEP	2026-04-04T23:47:50.7630925Z [command]/usr/bin/git -c protocol.version=2 fetch --no-tags --prune --no-recurse-submodules --depth=1 origin +f8b16e6c588ad5d15776dd69ea64cb67ca2be1b5:refs/remotes/pull/11/merge
Frontend (JS/HTML/CSS)	UNKNOWN STEP	2026-04-04T23:47:51.6675152Z From https://github.com/fkcurrie/utba-swarmmap
Frontend (JS/HTML/CSS)	UNKNOWN STEP	2026-04-04T23:47:51.6677546Z  * [new ref]         f8b16e6c588ad5d15776dd69ea64cb67ca2be1b5 -> pull/11/merge
Frontend (JS/HTML/CSS)	UNKNOWN STEP	2026-04-04T23:47:51.6700745Z ##[endgroup]
Frontend (JS/HTML/CSS)	UNKNOWN STEP	2026-04-04T23:47:51.6702340Z ##[group]Determining the checkout info
Frontend (JS/HTML/CSS)	UNKNOWN STEP	2026-04-04T23:47:51.6704028Z ##[endgroup]
Frontend (JS/HTML/CSS)	UNKNOWN STEP	2026-04-04T23:47:51.6707683Z [command]/usr/bin/git sparse-checkout disable
Frontend (JS/HTML/CSS)	UNKNOWN STEP	2026-04-04T23:47:51.6740084Z [command]/usr/bin/git config --local --unset-all extensions.worktreeConfig
Frontend (JS/HTML/CSS)	UNKNOWN STEP	2026-04-04T23:47:51.6762595Z ##[group]Checking out the ref
Frontend (JS/HTML/CSS)	UNKNOWN STEP	2026-04-04T23:47:51.6766865Z [command]/usr/bin/git checkout --progress --force refs/remotes/pull/11/merge
Frontend (JS/HTML/CSS)	UNKNOWN STEP	2026-04-04T23:47:51.6969035Z Note: switching to 'refs/remotes/pull/11/merge'.
Frontend (JS/HTML/CSS)	UNKNOWN STEP	2026-04-04T23:47:51.6970402Z 
Frontend (JS/HTML/CSS)	UNKNOWN STEP	2026-04-04T23:47:51.6971195Z You are in 'detached HEAD' state. You can look around, make experimental
Frontend (JS/HTML/CSS)	UNKNOWN STEP	2026-04-04T23:47:51.6973248Z changes and commit them, and you can discard any commits you make in this
Frontend (JS/HTML/CSS)	UNKNOWN STEP	2026-04-04T23:47:51.6975955Z state without impacting any branches by switching back to a branch.
Frontend (JS/HTML/CSS)	UNKNOWN STEP	2026-04-04T23:47:51.6977007Z 
Frontend (JS/HTML/CSS)	UNKNOWN STEP	2026-04-04T23:47:51.6977716Z If you want to create a new branch to retain commits you create, you may
Frontend (JS/HTML/CSS)	UNKNOWN STEP	2026-04-04T23:47:51.6979624Z do so (now or later) by using -c with the switch command. Example:
Frontend (JS/HTML/CSS)	UNKNOWN STEP	2026-04-04T23:47:51.6980529Z 
Frontend (JS/HTML/CSS)	UNKNOWN STEP	2026-04-04T23:47:51.6980962Z   git switch -c <new-branch-name>
Frontend (JS/HTML/CSS)	UNKNOWN STEP	2026-04-04T23:47:51.6981587Z 
Frontend (JS/HTML/CSS)	UNKNOWN STEP	2026-04-04T23:47:51.6981947Z Or undo this operation with:
Frontend (JS/HTML/CSS)	UNKNOWN STEP	2026-04-04T23:47:51.6982972Z 
Frontend (JS/HTML/CSS)	UNKNOWN STEP	2026-04-04T23:47:51.6983291Z   git switch -
Frontend (JS/HTML/CSS)	UNKNOWN STEP	2026-04-04T23:47:51.6983804Z 
Frontend (JS/HTML/CSS)	UNKNOWN STEP	2026-04-04T23:47:51.6984751Z Turn off this advice by setting config variable advice.detachedHead to false
Frontend (JS/HTML/CSS)	UNKNOWN STEP	2026-04-04T23:47:51.6985944Z 
Frontend (JS/HTML/CSS)	UNKNOWN STEP	2026-04-04T23:47:51.6987273Z HEAD is now at f8b16e6 Merge a331b96fb995a1ddc5e5d0848f18e5f52e012c46 into 39b1cc3167613169274118bf20f0e4b14edef447
Frontend (JS/HTML/CSS)	UNKNOWN STEP	2026-04-04T23:47:51.6991527Z ##[endgroup]
Frontend (JS/HTML/CSS)	UNKNOWN STEP	2026-04-04T23:47:51.7008963Z [command]/usr/bin/git log -1 --format=%H
Frontend (JS/HTML/CSS)	UNKNOWN STEP	2026-04-04T23:47:51.7030043Z f8b16e6c588ad5d15776dd69ea64cb67ca2be1b5
Frontend (JS/HTML/CSS)	UNKNOWN STEP	2026-04-04T23:47:51.7352455Z ##[group]Run actions/setup-node@v4
Frontend (JS/HTML/CSS)	UNKNOWN STEP	2026-04-04T23:47:51.7353633Z with:
Frontend (JS/HTML/CSS)	UNKNOWN STEP	2026-04-04T23:47:51.7354418Z   node-version: 20
Frontend (JS/HTML/CSS)	UNKNOWN STEP	2026-04-04T23:47:51.7355244Z   cache: npm
Frontend (JS/HTML/CSS)	UNKNOWN STEP	2026-04-04T23:47:51.7356040Z   always-auth: false
Frontend (JS/HTML/CSS)	UNKNOWN STEP	2026-04-04T23:47:51.7356942Z   check-latest: false
Frontend (JS/HTML/CSS)	UNKNOWN STEP	2026-04-04T23:47:51.7358087Z   token: ***
Frontend (JS/HTML/CSS)	UNKNOWN STEP	2026-04-04T23:47:51.7358850Z ##[endgroup]
Frontend (JS/HTML/CSS)	UNKNOWN STEP	2026-04-04T23:47:51.9334573Z Found in cache @ /opt/hostedtoolcache/node/20.20.2/x64
Frontend (JS/HTML/CSS)	UNKNOWN STEP	2026-04-04T23:47:51.9342151Z ##[group]Environment details
Frontend (JS/HTML/CSS)	UNKNOWN STEP	2026-04-04T23:47:58.6146450Z node: v20.20.2
Frontend (JS/HTML/CSS)	UNKNOWN STEP	2026-04-04T23:47:58.6146984Z npm: 10.8.2
Frontend (JS/HTML/CSS)	UNKNOWN STEP	2026-04-04T23:47:58.6147245Z yarn: 1.22.22
Frontend (JS/HTML/CSS)	UNKNOWN STEP	2026-04-04T23:47:58.6148013Z ##[endgroup]
Frontend (JS/HTML/CSS)	UNKNOWN STEP	2026-04-04T23:47:58.6170501Z [command]/opt/hostedtoolcache/node/20.20.2/x64/bin/npm config get cache
Frontend (JS/HTML/CSS)	UNKNOWN STEP	2026-04-04T23:47:58.8700580Z /home/runner/.npm
Frontend (JS/HTML/CSS)	UNKNOWN STEP	2026-04-04T23:47:59.0999605Z Cache hit for: node-cache-Linux-x64-npm-cadd0e37c54b4179e13c1b7ce2245c9ff293dc0649a339b47d6a36ba2bf00bb6
Frontend (JS/HTML/CSS)	UNKNOWN STEP	2026-04-04T23:48:00.2835653Z Received 25535846 of 25535846 (100.0%), 25.1 MBs/sec
Frontend (JS/HTML/CSS)	UNKNOWN STEP	2026-04-04T23:48:00.2836242Z Cache Size: ~24 MB (25535846 B)
Frontend (JS/HTML/CSS)	UNKNOWN STEP	2026-04-04T23:48:00.2866575Z [command]/usr/bin/tar -xf /home/runner/work/_temp/75b62b1c-dd32-4816-8d08-d22f95ddc54d/cache.tzst -P -C /home/runner/work/utba-swarmmap/utba-swarmmap --use-compress-program unzstd
Frontend (JS/HTML/CSS)	UNKNOWN STEP	2026-04-04T23:48:00.3425729Z Cache restored successfully
Frontend (JS/HTML/CSS)	UNKNOWN STEP	2026-04-04T23:48:00.3439859Z Cache restored from key: node-cache-Linux-x64-npm-cadd0e37c54b4179e13c1b7ce2245c9ff293dc0649a339b47d6a36ba2bf00bb6
Frontend (JS/HTML/CSS)	UNKNOWN STEP	2026-04-04T23:48:00.3546333Z ##[group]Run npm ci
Frontend (JS/HTML/CSS)	UNKNOWN STEP	2026-04-04T23:48:00.3546643Z [36;1mnpm ci[0m
Frontend (JS/HTML/CSS)	UNKNOWN STEP	2026-04-04T23:48:00.3575393Z shell: /usr/bin/bash -e {0}
Frontend (JS/HTML/CSS)	UNKNOWN STEP	2026-04-04T23:48:00.3575669Z ##[endgroup]
Frontend (JS/HTML/CSS)	UNKNOWN STEP	2026-04-04T23:48:02.8142682Z npm warn deprecated git-raw-commits@4.0.0: This package is no longer maintained. For the JavaScript API, please use @conventional-changelog/git-client instead.
Frontend (JS/HTML/CSS)	UNKNOWN STEP	2026-04-04T23:48:03.2371490Z npm warn deprecated popper.js@1.16.1: You can find the new Popper v2 at @popperjs/core, this package is dedicated to the legacy v1
Frontend (JS/HTML/CSS)	UNKNOWN STEP	2026-04-04T23:48:03.6709769Z 
Frontend (JS/HTML/CSS)	UNKNOWN STEP	2026-04-04T23:48:03.6710695Z added 354 packages, and audited 355 packages in 3s
Frontend (JS/HTML/CSS)	UNKNOWN STEP	2026-04-04T23:48:03.6711135Z 
Frontend (JS/HTML/CSS)	UNKNOWN STEP	2026-04-04T23:48:03.6711400Z 122 packages are looking for funding
Frontend (JS/HTML/CSS)	UNKNOWN STEP	2026-04-04T23:48:03.6711898Z   run `npm fund` for details
Frontend (JS/HTML/CSS)	UNKNOWN STEP	2026-04-04T23:48:03.6723968Z 
Frontend (JS/HTML/CSS)	UNKNOWN STEP	2026-04-04T23:48:03.6724297Z found 0 vulnerabilities
Frontend (JS/HTML/CSS)	UNKNOWN STEP	2026-04-04T23:48:03.6889823Z ##[group]Run npx eslint "frontend/static/js/**/*.js"
Frontend (JS/HTML/CSS)	UNKNOWN STEP	2026-04-04T23:48:03.6890220Z [36;1mnpx eslint "frontend/static/js/**/*.js"[0m
Frontend (JS/HTML/CSS)	UNKNOWN STEP	2026-04-04T23:48:03.6906615Z shell: /usr/bin/bash -e {0}
Frontend (JS/HTML/CSS)	UNKNOWN STEP	2026-04-04T23:48:03.6906875Z ##[endgroup]
Frontend (JS/HTML/CSS)	UNKNOWN STEP	2026-04-04T23:48:04.2922189Z ##[group]Run npx prettier --check "frontend/static/**/*.{js,css}" "backend/templates/**/*.html"
Frontend (JS/HTML/CSS)	UNKNOWN STEP	2026-04-04T23:48:04.2923212Z [36;1mnpx prettier --check "frontend/static/**/*.{js,css}" "backend/templates/**/*.html"[0m
Frontend (JS/HTML/CSS)	UNKNOWN STEP	2026-04-04T23:48:04.2939239Z shell: /usr/bin/bash -e {0}
Frontend (JS/HTML/CSS)	UNKNOWN STEP	2026-04-04T23:48:04.2939496Z ##[endgroup]
Frontend (JS/HTML/CSS)	UNKNOWN STEP	2026-04-04T23:48:04.6337960Z Checking formatting...
Frontend (JS/HTML/CSS)	UNKNOWN STEP	2026-04-04T23:48:04.8273706Z All matched files use Prettier code style!
Frontend (JS/HTML/CSS)	UNKNOWN STEP	2026-04-04T23:48:04.8394198Z ##[group]Run npx htmlhint "backend/templates/**/*.html"
Frontend (JS/HTML/CSS)	UNKNOWN STEP	2026-04-04T23:48:04.8394739Z [36;1mnpx htmlhint "backend/templates/**/*.html"[0m
Frontend (JS/HTML/CSS)	UNKNOWN STEP	2026-04-04T23:48:04.8410646Z shell: /usr/bin/bash -e {0}
Frontend (JS/HTML/CSS)	UNKNOWN STEP	2026-04-04T23:48:04.8410892Z ##[endgroup]
Frontend (JS/HTML/CSS)	UNKNOWN STEP	2026-04-04T23:48:05.1827557Z 
Frontend (JS/HTML/CSS)	UNKNOWN STEP	2026-04-04T23:48:05.1859390Z    Config loaded: /home/runner/work/utba-swarmmap/utba-swarmmap/.htmlhintrc
Frontend (JS/HTML/CSS)	UNKNOWN STEP	2026-04-04T23:48:05.1860296Z 
Frontend (JS/HTML/CSS)	UNKNOWN STEP	2026-04-04T23:48:05.2077148Z Scanned 9 files, no errors found (27 ms).
Frontend (JS/HTML/CSS)	UNKNOWN STEP	2026-04-04T23:48:05.2188534Z ##[group]Run npx stylelint "frontend/static/css/**/*.css"
Frontend (JS/HTML/CSS)	UNKNOWN STEP	2026-04-04T23:48:05.2188972Z [36;1mnpx stylelint "frontend/static/css/**/*.css"[0m
Frontend (JS/HTML/CSS)	UNKNOWN STEP	2026-04-04T23:48:05.2205475Z shell: /usr/bin/bash -e {0}
Frontend (JS/HTML/CSS)	UNKNOWN STEP	2026-04-04T23:48:05.2205748Z ##[endgroup]
Frontend (JS/HTML/CSS)	UNKNOWN STEP	2026-04-04T23:48:06.0315062Z 
Frontend (JS/HTML/CSS)	UNKNOWN STEP	2026-04-04T23:48:06.0315933Z frontend/static/css/style.css
Frontend (JS/HTML/CSS)	UNKNOWN STEP	2026-04-04T23:48:06.0317222Z   [2m9:3[22m  [31m[31m✖[39m  Expected empty line before declaration  [2mdeclaration-empty-line-before[22m
Frontend (JS/HTML/CSS)	UNKNOWN STEP	2026-04-04T23:48:06.0317617Z 
Frontend (JS/HTML/CSS)	UNKNOWN STEP	2026-04-04T23:48:06.0317906Z [31m✖[39m 1 problem ([31m1 error[39m, [33m0 warnings[39m)
Frontend (JS/HTML/CSS)	UNKNOWN STEP	2026-04-04T23:48:06.0318313Z   1 error potentially fixable with the "--fix" option.
Frontend (JS/HTML/CSS)	UNKNOWN STEP	2026-04-04T23:48:06.0318533Z 
Frontend (JS/HTML/CSS)	UNKNOWN STEP	2026-04-04T23:48:06.0462013Z ##[error]Process completed with exit code 2.
Frontend (JS/HTML/CSS)	UNKNOWN STEP	2026-04-04T23:48:06.0563972Z Post job cleanup.
Frontend (JS/HTML/CSS)	UNKNOWN STEP	2026-04-04T23:48:06.1454609Z [command]/usr/bin/git version
Frontend (JS/HTML/CSS)	UNKNOWN STEP	2026-04-04T23:48:06.1488460Z git version 2.53.0
Frontend (JS/HTML/CSS)	UNKNOWN STEP	2026-04-04T23:48:06.1528977Z Temporarily overriding HOME='/home/runner/work/_temp/752eaaba-01d0-4383-a4fb-b6a22cd4c712' before making global git config changes
Frontend (JS/HTML/CSS)	UNKNOWN STEP	2026-04-04T23:48:06.1530400Z Adding repository directory to the temporary git global config as a safe directory
Frontend (JS/HTML/CSS)	UNKNOWN STEP	2026-04-04T23:48:06.1544909Z [command]/usr/bin/git config --global --add safe.directory /home/runner/work/utba-swarmmap/utba-swarmmap
Frontend (JS/HTML/CSS)	UNKNOWN STEP	2026-04-04T23:48:06.1577040Z [command]/usr/bin/git config --local --name-only --get-regexp core\.sshCommand
Frontend (JS/HTML/CSS)	UNKNOWN STEP	2026-04-04T23:48:06.1605335Z [command]/usr/bin/git submodule foreach --recursive sh -c "git config --local --name-only --get-regexp 'core\.sshCommand' && git config --local --unset-all 'core.sshCommand' || :"
Frontend (JS/HTML/CSS)	UNKNOWN STEP	2026-04-04T23:48:06.1788668Z [command]/usr/bin/git config --local --name-only --get-regexp http\.https\:\/\/github\.com\/\.extraheader
Frontend (JS/HTML/CSS)	UNKNOWN STEP	2026-04-04T23:48:06.1807146Z http.https://github.com/.extraheader
Frontend (JS/HTML/CSS)	UNKNOWN STEP	2026-04-04T23:48:06.1817542Z [command]/usr/bin/git config --local --unset-all http.https://github.com/.extraheader
Frontend (JS/HTML/CSS)	UNKNOWN STEP	2026-04-04T23:48:06.1843470Z [command]/usr/bin/git submodule foreach --recursive sh -c "git config --local --name-only --get-regexp 'http\.https\:\/\/github\.com\/\.extraheader' && git config --local --unset-all 'http.https://github.com/.extraheader' || :"
Frontend (JS/HTML/CSS)	UNKNOWN STEP	2026-04-04T23:48:06.2017947Z [command]/usr/bin/git config --local --name-only --get-regexp ^includeIf\.gitdir:
Frontend (JS/HTML/CSS)	UNKNOWN STEP	2026-04-04T23:48:06.2044830Z [command]/usr/bin/git submodule foreach --recursive git config --local --show-origin --name-only --get-regexp remote.origin.url
Frontend (JS/HTML/CSS)	UNKNOWN STEP	2026-04-04T23:48:06.2315814Z Cleaning up orphan processes
Frontend (JS/HTML/CSS)	UNKNOWN STEP	2026-04-04T23:48:06.2598475Z ##[warning]Node.js 20 actions are deprecated. The following actions are running on Node.js 20 and may not work as expected: actions/checkout@v4, actions/setup-node@v4. Actions will be forced to run with Node.js 24 by default starting June 2nd, 2026. Node.js 20 will be removed from the runner on September 16th, 2026. Please check if updated versions of these actions are available that support Node.js 24. To opt into Node.js 24 now, set the FORCE_JAVASCRIPT_ACTIONS_TO_NODE24=true environment variable on the runner or in your workflow file. Once Node.js 24 becomes the default, you can temporarily opt out by setting ACTIONS_ALLOW_USE_UNSECURE_NODE_VERSION=true. For more information see: https://github.blog/changelog/2025-09-19-deprecation-of-node-20-on-github-actions-runners/
