Backend (Go)	UNKNOWN STEP	﻿2026-04-04T15:45:20.9387523Z Current runner version: '2.333.1'
Backend (Go)	UNKNOWN STEP	2026-04-04T15:45:20.9410949Z ##[group]Runner Image Provisioner
Backend (Go)	UNKNOWN STEP	2026-04-04T15:45:20.9411715Z Hosted Compute Agent
Backend (Go)	UNKNOWN STEP	2026-04-04T15:45:20.9412246Z Version: 20260213.493
Backend (Go)	UNKNOWN STEP	2026-04-04T15:45:20.9412797Z Commit: 5c115507f6dd24b8de37d8bbe0bb4509d0cc0fa3
Backend (Go)	UNKNOWN STEP	2026-04-04T15:45:20.9413384Z Build Date: 2026-02-13T00:28:41Z
Backend (Go)	UNKNOWN STEP	2026-04-04T15:45:20.9413982Z Worker ID: {3b1779dc-9b6a-4e58-9c4c-37004d97b864}
Backend (Go)	UNKNOWN STEP	2026-04-04T15:45:20.9414766Z Azure Region: westus3
Backend (Go)	UNKNOWN STEP	2026-04-04T15:45:20.9415224Z ##[endgroup]
Backend (Go)	UNKNOWN STEP	2026-04-04T15:45:20.9416562Z ##[group]Operating System
Backend (Go)	UNKNOWN STEP	2026-04-04T15:45:20.9417049Z Ubuntu
Backend (Go)	UNKNOWN STEP	2026-04-04T15:45:20.9417468Z 24.04.4
Backend (Go)	UNKNOWN STEP	2026-04-04T15:45:20.9417844Z LTS
Backend (Go)	UNKNOWN STEP	2026-04-04T15:45:20.9418282Z ##[endgroup]
Backend (Go)	UNKNOWN STEP	2026-04-04T15:45:20.9418689Z ##[group]Runner Image
Backend (Go)	UNKNOWN STEP	2026-04-04T15:45:20.9419182Z Image: ubuntu-24.04
Backend (Go)	UNKNOWN STEP	2026-04-04T15:45:20.9419639Z Version: 20260329.72.1
Backend (Go)	UNKNOWN STEP	2026-04-04T15:45:20.9420672Z Included Software: https://github.com/actions/runner-images/blob/ubuntu24/20260329.72/images/ubuntu/Ubuntu2404-Readme.md
Backend (Go)	UNKNOWN STEP	2026-04-04T15:45:20.9421970Z Image Release: https://github.com/actions/runner-images/releases/tag/ubuntu24%2F20260329.72
Backend (Go)	UNKNOWN STEP	2026-04-04T15:45:20.9422819Z ##[endgroup]
Backend (Go)	UNKNOWN STEP	2026-04-04T15:45:20.9423808Z ##[group]GITHUB_TOKEN Permissions
Backend (Go)	UNKNOWN STEP	2026-04-04T15:45:20.9426084Z Contents: read
Backend (Go)	UNKNOWN STEP	2026-04-04T15:45:20.9426517Z Metadata: read
Backend (Go)	UNKNOWN STEP	2026-04-04T15:45:20.9427041Z Packages: read
Backend (Go)	UNKNOWN STEP	2026-04-04T15:45:20.9427451Z ##[endgroup]
Backend (Go)	UNKNOWN STEP	2026-04-04T15:45:20.9429512Z Secret source: None
Backend (Go)	UNKNOWN STEP	2026-04-04T15:45:20.9430134Z Prepare workflow directory
Backend (Go)	UNKNOWN STEP	2026-04-04T15:45:20.9813489Z Prepare all required actions
Backend (Go)	UNKNOWN STEP	2026-04-04T15:45:20.9852371Z Getting action download info
Backend (Go)	UNKNOWN STEP	2026-04-04T15:45:21.4515182Z Download action repository 'actions/checkout@v4' (SHA:34e114876b0b11c390a56381ad16ebd13914f8d5)
Backend (Go)	UNKNOWN STEP	2026-04-04T15:45:21.5279442Z Download action repository 'actions/setup-go@v5' (SHA:40f1582b2485089dde7abd97c1529aa768e1baff)
Backend (Go)	UNKNOWN STEP	2026-04-04T15:45:22.6458712Z Download action repository 'golangci/golangci-lint-action@v6' (SHA:55c2c1448f86e01eaae002a5a3a9624417608d84)
Backend (Go)	UNKNOWN STEP	2026-04-04T15:45:23.6904765Z Download action repository 'securego/gosec@master' (SHA:1af5d582f8fa08ac6621ccc1168b4d3d9d2b2eec)
Backend (Go)	UNKNOWN STEP	2026-04-04T15:45:24.5787268Z Complete job name: Backend (Go)
Backend (Go)	UNKNOWN STEP	2026-04-04T15:45:24.6255551Z ##[group]Pull down action image 'ghcr.io/securego/gosec:2.25.0'
Backend (Go)	UNKNOWN STEP	2026-04-04T15:45:24.6313041Z ##[command]/usr/bin/docker pull ghcr.io/securego/gosec:2.25.0
Backend (Go)	UNKNOWN STEP	2026-04-04T15:45:25.4975956Z 2.25.0: Pulling from securego/gosec
Backend (Go)	UNKNOWN STEP	2026-04-04T15:45:25.6996947Z 589002ba0eae: Already exists
Backend (Go)	UNKNOWN STEP	2026-04-04T15:45:25.7018840Z 644a983862e3: Pulling fs layer
Backend (Go)	UNKNOWN STEP	2026-04-04T15:45:25.7020898Z 6fbff1d4eb7e: Pulling fs layer
Backend (Go)	UNKNOWN STEP	2026-04-04T15:45:25.7021293Z 13ee208a3600: Pulling fs layer
Backend (Go)	UNKNOWN STEP	2026-04-04T15:45:25.7021672Z 4f4fb700ef54: Pulling fs layer
Backend (Go)	UNKNOWN STEP	2026-04-04T15:45:25.7021968Z 8e4ca6825065: Pulling fs layer
Backend (Go)	UNKNOWN STEP	2026-04-04T15:45:25.7022185Z 2de8f3bc93bb: Pulling fs layer
Backend (Go)	UNKNOWN STEP	2026-04-04T15:45:25.7022396Z 19c9efa60884: Pulling fs layer
Backend (Go)	UNKNOWN STEP	2026-04-04T15:45:25.7022617Z 4f4fb700ef54: Waiting
Backend (Go)	UNKNOWN STEP	2026-04-04T15:45:25.7022829Z 8e4ca6825065: Waiting
Backend (Go)	UNKNOWN STEP	2026-04-04T15:45:25.7023021Z 2de8f3bc93bb: Waiting
Backend (Go)	UNKNOWN STEP	2026-04-04T15:45:25.7023241Z 19c9efa60884: Waiting
Backend (Go)	UNKNOWN STEP	2026-04-04T15:45:26.0135432Z 13ee208a3600: Verifying Checksum
Backend (Go)	UNKNOWN STEP	2026-04-04T15:45:26.0136093Z 13ee208a3600: Download complete
Backend (Go)	UNKNOWN STEP	2026-04-04T15:45:26.0371244Z 644a983862e3: Verifying Checksum
Backend (Go)	UNKNOWN STEP	2026-04-04T15:45:26.0372762Z 644a983862e3: Download complete
Backend (Go)	UNKNOWN STEP	2026-04-04T15:45:26.2214130Z 4f4fb700ef54: Verifying Checksum
Backend (Go)	UNKNOWN STEP	2026-04-04T15:45:26.2214768Z 4f4fb700ef54: Download complete
Backend (Go)	UNKNOWN STEP	2026-04-04T15:45:26.6935681Z 2de8f3bc93bb: Verifying Checksum
Backend (Go)	UNKNOWN STEP	2026-04-04T15:45:26.6936401Z 2de8f3bc93bb: Download complete
Backend (Go)	UNKNOWN STEP	2026-04-04T15:45:26.9820558Z 19c9efa60884: Download complete
Backend (Go)	UNKNOWN STEP	2026-04-04T15:45:27.1588352Z 6fbff1d4eb7e: Verifying Checksum
Backend (Go)	UNKNOWN STEP	2026-04-04T15:45:27.1588807Z 6fbff1d4eb7e: Download complete
Backend (Go)	UNKNOWN STEP	2026-04-04T15:45:27.7427348Z 8e4ca6825065: Verifying Checksum
Backend (Go)	UNKNOWN STEP	2026-04-04T15:45:27.7427734Z 8e4ca6825065: Download complete
Backend (Go)	UNKNOWN STEP	2026-04-04T15:45:28.3343465Z 644a983862e3: Pull complete
Backend (Go)	UNKNOWN STEP	2026-04-04T15:45:32.2044890Z 6fbff1d4eb7e: Pull complete
Backend (Go)	UNKNOWN STEP	2026-04-04T15:45:32.2128991Z 13ee208a3600: Pull complete
Backend (Go)	UNKNOWN STEP	2026-04-04T15:45:32.2243531Z 4f4fb700ef54: Pull complete
Backend (Go)	UNKNOWN STEP	2026-04-04T15:45:33.6505545Z 8e4ca6825065: Pull complete
Backend (Go)	UNKNOWN STEP	2026-04-04T15:45:33.8422633Z 2de8f3bc93bb: Pull complete
Backend (Go)	UNKNOWN STEP	2026-04-04T15:45:33.8513454Z 19c9efa60884: Pull complete
Backend (Go)	UNKNOWN STEP	2026-04-04T15:45:33.8546288Z Digest: sha256:a735b6eedb06d3bc95d196b4320d1f3829caa0ee009e4b4749917cdd070ab026
Backend (Go)	UNKNOWN STEP	2026-04-04T15:45:33.8555918Z Status: Downloaded newer image for ghcr.io/securego/gosec:2.25.0
Backend (Go)	UNKNOWN STEP	2026-04-04T15:45:33.8565931Z ghcr.io/securego/gosec:2.25.0
Backend (Go)	UNKNOWN STEP	2026-04-04T15:45:33.8584975Z ##[endgroup]
Backend (Go)	UNKNOWN STEP	2026-04-04T15:45:33.8853748Z ##[group]Run actions/checkout@v4
Backend (Go)	UNKNOWN STEP	2026-04-04T15:45:33.8854266Z with:
Backend (Go)	UNKNOWN STEP	2026-04-04T15:45:33.8854688Z   repository: fkcurrie/utba-swarmmap
Backend (Go)	UNKNOWN STEP	2026-04-04T15:45:33.8855167Z   token: ***
Backend (Go)	UNKNOWN STEP	2026-04-04T15:45:33.8855356Z   ssh-strict: true
Backend (Go)	UNKNOWN STEP	2026-04-04T15:45:33.8855551Z   ssh-user: git
Backend (Go)	UNKNOWN STEP	2026-04-04T15:45:33.8855754Z   persist-credentials: true
Backend (Go)	UNKNOWN STEP	2026-04-04T15:45:33.8855967Z   clean: true
Backend (Go)	UNKNOWN STEP	2026-04-04T15:45:33.8856170Z   sparse-checkout-cone-mode: true
Backend (Go)	UNKNOWN STEP	2026-04-04T15:45:33.8856418Z   fetch-depth: 1
Backend (Go)	UNKNOWN STEP	2026-04-04T15:45:33.8856600Z   fetch-tags: false
Backend (Go)	UNKNOWN STEP	2026-04-04T15:45:33.8856785Z   show-progress: true
Backend (Go)	UNKNOWN STEP	2026-04-04T15:45:33.8856976Z   lfs: false
Backend (Go)	UNKNOWN STEP	2026-04-04T15:45:33.8857140Z   submodules: false
Backend (Go)	UNKNOWN STEP	2026-04-04T15:45:33.8857434Z   set-safe-directory: true
Backend (Go)	UNKNOWN STEP	2026-04-04T15:45:33.8857916Z ##[endgroup]
Backend (Go)	UNKNOWN STEP	2026-04-04T15:45:33.9869513Z Syncing repository: fkcurrie/utba-swarmmap
Backend (Go)	UNKNOWN STEP	2026-04-04T15:45:33.9870848Z ##[group]Getting Git version info
Backend (Go)	UNKNOWN STEP	2026-04-04T15:45:33.9871335Z Working directory is '/home/runner/work/utba-swarmmap/utba-swarmmap'
Backend (Go)	UNKNOWN STEP	2026-04-04T15:45:33.9871925Z [command]/usr/bin/git version
Backend (Go)	UNKNOWN STEP	2026-04-04T15:45:33.9903792Z git version 2.53.0
Backend (Go)	UNKNOWN STEP	2026-04-04T15:45:33.9927160Z ##[endgroup]
Backend (Go)	UNKNOWN STEP	2026-04-04T15:45:33.9940581Z Temporarily overriding HOME='/home/runner/work/_temp/7790dee9-caa1-42a9-b29b-66e7baf50f77' before making global git config changes
Backend (Go)	UNKNOWN STEP	2026-04-04T15:45:33.9941471Z Adding repository directory to the temporary git global config as a safe directory
Backend (Go)	UNKNOWN STEP	2026-04-04T15:45:33.9946058Z [command]/usr/bin/git config --global --add safe.directory /home/runner/work/utba-swarmmap/utba-swarmmap
Backend (Go)	UNKNOWN STEP	2026-04-04T15:45:33.9974108Z Deleting the contents of '/home/runner/work/utba-swarmmap/utba-swarmmap'
Backend (Go)	UNKNOWN STEP	2026-04-04T15:45:33.9977503Z ##[group]Initializing the repository
Backend (Go)	UNKNOWN STEP	2026-04-04T15:45:33.9981482Z [command]/usr/bin/git init /home/runner/work/utba-swarmmap/utba-swarmmap
Backend (Go)	UNKNOWN STEP	2026-04-04T15:45:34.0059699Z hint: Using 'master' as the name for the initial branch. This default branch name
Backend (Go)	UNKNOWN STEP	2026-04-04T15:45:34.0060581Z hint: will change to "main" in Git 3.0. To configure the initial branch name
Backend (Go)	UNKNOWN STEP	2026-04-04T15:45:34.0061396Z hint: to use in all of your new repositories, which will suppress this warning,
Backend (Go)	UNKNOWN STEP	2026-04-04T15:45:34.0062028Z hint: call:
Backend (Go)	UNKNOWN STEP	2026-04-04T15:45:34.0062290Z hint:
Backend (Go)	UNKNOWN STEP	2026-04-04T15:45:34.0062755Z hint: 	git config --global init.defaultBranch <name>
Backend (Go)	UNKNOWN STEP	2026-04-04T15:45:34.0063219Z hint:
Backend (Go)	UNKNOWN STEP	2026-04-04T15:45:34.0063670Z hint: Names commonly chosen instead of 'master' are 'main', 'trunk' and
Backend (Go)	UNKNOWN STEP	2026-04-04T15:45:34.0064584Z hint: 'development'. The just-created branch can be renamed via this command:
Backend (Go)	UNKNOWN STEP	2026-04-04T15:45:34.0065244Z hint:
Backend (Go)	UNKNOWN STEP	2026-04-04T15:45:34.0065546Z hint: 	git branch -m <name>
Backend (Go)	UNKNOWN STEP	2026-04-04T15:45:34.0065852Z hint:
Backend (Go)	UNKNOWN STEP	2026-04-04T15:45:34.0066352Z hint: Disable this message with "git config set advice.defaultBranchName false"
Backend (Go)	UNKNOWN STEP	2026-04-04T15:45:34.0067222Z Initialized empty Git repository in /home/runner/work/utba-swarmmap/utba-swarmmap/.git/
Backend (Go)	UNKNOWN STEP	2026-04-04T15:45:34.0073931Z [command]/usr/bin/git remote add origin https://github.com/fkcurrie/utba-swarmmap
Backend (Go)	UNKNOWN STEP	2026-04-04T15:45:34.0099526Z ##[endgroup]
Backend (Go)	UNKNOWN STEP	2026-04-04T15:45:34.0100172Z ##[group]Disabling automatic garbage collection
Backend (Go)	UNKNOWN STEP	2026-04-04T15:45:34.0105473Z [command]/usr/bin/git config --local gc.auto 0
Backend (Go)	UNKNOWN STEP	2026-04-04T15:45:34.0127500Z ##[endgroup]
Backend (Go)	UNKNOWN STEP	2026-04-04T15:45:34.0128050Z ##[group]Setting up auth
Backend (Go)	UNKNOWN STEP	2026-04-04T15:45:34.0135101Z [command]/usr/bin/git config --local --name-only --get-regexp core\.sshCommand
Backend (Go)	UNKNOWN STEP	2026-04-04T15:45:34.0158614Z [command]/usr/bin/git submodule foreach --recursive sh -c "git config --local --name-only --get-regexp 'core\.sshCommand' && git config --local --unset-all 'core.sshCommand' || :"
Backend (Go)	UNKNOWN STEP	2026-04-04T15:45:34.0386085Z [command]/usr/bin/git config --local --name-only --get-regexp http\.https\:\/\/github\.com\/\.extraheader
Backend (Go)	UNKNOWN STEP	2026-04-04T15:45:34.0409231Z [command]/usr/bin/git submodule foreach --recursive sh -c "git config --local --name-only --get-regexp 'http\.https\:\/\/github\.com\/\.extraheader' && git config --local --unset-all 'http.https://github.com/.extraheader' || :"
Backend (Go)	UNKNOWN STEP	2026-04-04T15:45:34.0579276Z [command]/usr/bin/git config --local --name-only --get-regexp ^includeIf\.gitdir:
Backend (Go)	UNKNOWN STEP	2026-04-04T15:45:34.0610869Z [command]/usr/bin/git submodule foreach --recursive git config --local --show-origin --name-only --get-regexp remote.origin.url
Backend (Go)	UNKNOWN STEP	2026-04-04T15:45:34.0779801Z [command]/usr/bin/git config --local http.https://github.com/.extraheader AUTHORIZATION: basic ***
Backend (Go)	UNKNOWN STEP	2026-04-04T15:45:34.0807285Z ##[endgroup]
Backend (Go)	UNKNOWN STEP	2026-04-04T15:45:34.0807692Z ##[group]Fetching the repository
Backend (Go)	UNKNOWN STEP	2026-04-04T15:45:34.0815135Z [command]/usr/bin/git -c protocol.version=2 fetch --no-tags --prune --no-recurse-submodules --depth=1 origin +b95110c4777c0bd46c3b42193d3d544fc8d7cdec:refs/remotes/pull/27/merge
Backend (Go)	UNKNOWN STEP	2026-04-04T15:45:34.9267163Z From https://github.com/fkcurrie/utba-swarmmap
Backend (Go)	UNKNOWN STEP	2026-04-04T15:45:34.9270167Z  * [new ref]         b95110c4777c0bd46c3b42193d3d544fc8d7cdec -> pull/27/merge
Backend (Go)	UNKNOWN STEP	2026-04-04T15:45:34.9291273Z ##[endgroup]
Backend (Go)	UNKNOWN STEP	2026-04-04T15:45:34.9291814Z ##[group]Determining the checkout info
Backend (Go)	UNKNOWN STEP	2026-04-04T15:45:34.9294766Z ##[endgroup]
Backend (Go)	UNKNOWN STEP	2026-04-04T15:45:34.9299046Z [command]/usr/bin/git sparse-checkout disable
Backend (Go)	UNKNOWN STEP	2026-04-04T15:45:34.9327861Z [command]/usr/bin/git config --local --unset-all extensions.worktreeConfig
Backend (Go)	UNKNOWN STEP	2026-04-04T15:45:34.9347204Z ##[group]Checking out the ref
Backend (Go)	UNKNOWN STEP	2026-04-04T15:45:34.9351089Z [command]/usr/bin/git checkout --progress --force refs/remotes/pull/27/merge
Backend (Go)	UNKNOWN STEP	2026-04-04T15:45:34.9552391Z Note: switching to 'refs/remotes/pull/27/merge'.
Backend (Go)	UNKNOWN STEP	2026-04-04T15:45:34.9552840Z 
Backend (Go)	UNKNOWN STEP	2026-04-04T15:45:34.9553031Z You are in 'detached HEAD' state. You can look around, make experimental
Backend (Go)	UNKNOWN STEP	2026-04-04T15:45:34.9553493Z changes and commit them, and you can discard any commits you make in this
Backend (Go)	UNKNOWN STEP	2026-04-04T15:45:34.9554180Z state without impacting any branches by switching back to a branch.
Backend (Go)	UNKNOWN STEP	2026-04-04T15:45:34.9554743Z 
Backend (Go)	UNKNOWN STEP	2026-04-04T15:45:34.9555134Z If you want to create a new branch to retain commits you create, you may
Backend (Go)	UNKNOWN STEP	2026-04-04T15:45:34.9555804Z do so (now or later) by using -c with the switch command. Example:
Backend (Go)	UNKNOWN STEP	2026-04-04T15:45:34.9556166Z 
Backend (Go)	UNKNOWN STEP	2026-04-04T15:45:34.9556333Z   git switch -c <new-branch-name>
Backend (Go)	UNKNOWN STEP	2026-04-04T15:45:34.9556575Z 
Backend (Go)	UNKNOWN STEP	2026-04-04T15:45:34.9556708Z Or undo this operation with:
Backend (Go)	UNKNOWN STEP	2026-04-04T15:45:34.9556922Z 
Backend (Go)	UNKNOWN STEP	2026-04-04T15:45:34.9557033Z   git switch -
Backend (Go)	UNKNOWN STEP	2026-04-04T15:45:34.9557250Z 
Backend (Go)	UNKNOWN STEP	2026-04-04T15:45:34.9557573Z Turn off this advice by setting config variable advice.detachedHead to false
Backend (Go)	UNKNOWN STEP	2026-04-04T15:45:34.9558011Z 
Backend (Go)	UNKNOWN STEP	2026-04-04T15:45:34.9558515Z HEAD is now at b95110c Merge 87b7bed5bee89cc11670cd08999c0d93639f6135 into ce8c646a1e1a3155ecfdd83f5a8af5e375dad3a3
Backend (Go)	UNKNOWN STEP	2026-04-04T15:45:34.9560017Z ##[endgroup]
Backend (Go)	UNKNOWN STEP	2026-04-04T15:45:34.9592047Z [command]/usr/bin/git log -1 --format=%H
Backend (Go)	UNKNOWN STEP	2026-04-04T15:45:34.9609931Z b95110c4777c0bd46c3b42193d3d544fc8d7cdec
Backend (Go)	UNKNOWN STEP	2026-04-04T15:45:34.9789024Z ##[group]Run actions/setup-go@v5
Backend (Go)	UNKNOWN STEP	2026-04-04T15:45:34.9789259Z with:
Backend (Go)	UNKNOWN STEP	2026-04-04T15:45:34.9789445Z   go-version-file: backend/go.mod
Backend (Go)	UNKNOWN STEP	2026-04-04T15:45:34.9789692Z   cache-dependency-path: backend/go.mod
Backend (Go)	UNKNOWN STEP	2026-04-04T15:45:34.9789933Z   check-latest: false
Backend (Go)	UNKNOWN STEP	2026-04-04T15:45:34.9790259Z   token: ***
Backend (Go)	UNKNOWN STEP	2026-04-04T15:45:34.9790422Z   cache: true
Backend (Go)	UNKNOWN STEP	2026-04-04T15:45:34.9790594Z ##[endgroup]
Backend (Go)	UNKNOWN STEP	2026-04-04T15:45:35.1322148Z Setup go version spec 1.25.8
Backend (Go)	UNKNOWN STEP	2026-04-04T15:45:35.1339700Z Found in cache @ /opt/hostedtoolcache/go/1.25.8/x64
Backend (Go)	UNKNOWN STEP	2026-04-04T15:45:35.1343490Z Added go to the path
Backend (Go)	UNKNOWN STEP	2026-04-04T15:45:35.1347041Z Successfully set up Go version 1.25.8
Backend (Go)	UNKNOWN STEP	2026-04-04T15:45:35.3082891Z [command]/opt/hostedtoolcache/go/1.25.8/x64/bin/go env GOMODCACHE
Backend (Go)	UNKNOWN STEP	2026-04-04T15:45:35.3113838Z [command]/opt/hostedtoolcache/go/1.25.8/x64/bin/go env GOCACHE
Backend (Go)	UNKNOWN STEP	2026-04-04T15:45:35.3136963Z /home/runner/go/pkg/mod
Backend (Go)	UNKNOWN STEP	2026-04-04T15:45:35.3163092Z /home/runner/.cache/go-build
Backend (Go)	UNKNOWN STEP	2026-04-04T15:45:35.5541147Z Cache is not found
Backend (Go)	UNKNOWN STEP	2026-04-04T15:45:35.5560536Z go version go1.25.8 linux/amd64
Backend (Go)	UNKNOWN STEP	2026-04-04T15:45:35.5560742Z 
Backend (Go)	UNKNOWN STEP	2026-04-04T15:45:35.5561036Z ##[group]go env
Backend (Go)	UNKNOWN STEP	2026-04-04T15:45:36.0067023Z AR='ar'
Backend (Go)	UNKNOWN STEP	2026-04-04T15:45:36.0067380Z CC='gcc'
Backend (Go)	UNKNOWN STEP	2026-04-04T15:45:36.0067720Z CGO_CFLAGS='-O2 -g'
Backend (Go)	UNKNOWN STEP	2026-04-04T15:45:36.0068057Z CGO_CPPFLAGS=''
Backend (Go)	UNKNOWN STEP	2026-04-04T15:45:36.0068368Z CGO_CXXFLAGS='-O2 -g'
Backend (Go)	UNKNOWN STEP	2026-04-04T15:45:36.0068709Z CGO_ENABLED='1'
Backend (Go)	UNKNOWN STEP	2026-04-04T15:45:36.0069007Z CGO_FFLAGS='-O2 -g'
Backend (Go)	UNKNOWN STEP	2026-04-04T15:45:36.0069329Z CGO_LDFLAGS='-O2 -g'
Backend (Go)	UNKNOWN STEP	2026-04-04T15:45:36.0069635Z CXX='g++'
Backend (Go)	UNKNOWN STEP	2026-04-04T15:45:36.0069920Z GCCGO='gccgo'
Backend (Go)	UNKNOWN STEP	2026-04-04T15:45:36.0070202Z GO111MODULE=''
Backend (Go)	UNKNOWN STEP	2026-04-04T15:45:36.0070426Z GOAMD64='v1'
Backend (Go)	UNKNOWN STEP	2026-04-04T15:45:36.0070601Z GOARCH='amd64'
Backend (Go)	UNKNOWN STEP	2026-04-04T15:45:36.0070770Z GOAUTH='netrc'
Backend (Go)	UNKNOWN STEP	2026-04-04T15:45:36.0070943Z GOBIN=''
Backend (Go)	UNKNOWN STEP	2026-04-04T15:45:36.0071138Z GOCACHE='/home/runner/.cache/go-build'
Backend (Go)	UNKNOWN STEP	2026-04-04T15:45:36.0071428Z GOCACHEPROG=''
Backend (Go)	UNKNOWN STEP	2026-04-04T15:45:36.0071597Z GODEBUG=''
Backend (Go)	UNKNOWN STEP	2026-04-04T15:45:36.0071789Z GOENV='/home/runner/.config/go/env'
Backend (Go)	UNKNOWN STEP	2026-04-04T15:45:36.0072031Z GOEXE=''
Backend (Go)	UNKNOWN STEP	2026-04-04T15:45:36.0072207Z GOEXPERIMENT=''
Backend (Go)	UNKNOWN STEP	2026-04-04T15:45:36.0072386Z GOFIPS140='off'
Backend (Go)	UNKNOWN STEP	2026-04-04T15:45:36.0072563Z GOFLAGS=''
Backend (Go)	UNKNOWN STEP	2026-04-04T15:45:36.0073174Z GOGCCFLAGS='-fPIC -m64 -pthread -Wl,--no-gc-sections -fmessage-length=0 -ffile-prefix-map=/tmp/go-build1431905224=/tmp/go-build -gno-record-gcc-switches'
Backend (Go)	UNKNOWN STEP	2026-04-04T15:45:36.0073782Z GOHOSTARCH='amd64'
Backend (Go)	UNKNOWN STEP	2026-04-04T15:45:36.0073978Z GOHOSTOS='linux'
Backend (Go)	UNKNOWN STEP	2026-04-04T15:45:36.0074154Z GOINSECURE=''
Backend (Go)	UNKNOWN STEP	2026-04-04T15:45:36.0074492Z GOMOD='/dev/null'
Backend (Go)	UNKNOWN STEP	2026-04-04T15:45:36.0074815Z GOMODCACHE='/home/runner/go/pkg/mod'
Backend (Go)	UNKNOWN STEP	2026-04-04T15:45:36.0075074Z GONOPROXY=''
Backend (Go)	UNKNOWN STEP	2026-04-04T15:45:36.0075262Z GONOSUMDB=''
Backend (Go)	UNKNOWN STEP	2026-04-04T15:45:36.0075452Z GOOS='linux'
Backend (Go)	UNKNOWN STEP	2026-04-04T15:45:36.0075698Z GOPATH='/home/runner/go'
Backend (Go)	UNKNOWN STEP	2026-04-04T15:45:36.0075906Z GOPRIVATE=''
Backend (Go)	UNKNOWN STEP	2026-04-04T15:45:36.0076190Z GOPROXY='https://proxy.golang.org,direct'
Backend (Go)	UNKNOWN STEP	2026-04-04T15:45:36.0076498Z GOROOT='/opt/hostedtoolcache/go/1.25.8/x64'
Backend (Go)	UNKNOWN STEP	2026-04-04T15:45:36.0076781Z GOSUMDB='sum.golang.org'
Backend (Go)	UNKNOWN STEP	2026-04-04T15:45:36.0076998Z GOTELEMETRY='local'
Backend (Go)	UNKNOWN STEP	2026-04-04T15:45:36.0077273Z GOTELEMETRYDIR='/home/runner/.config/go/telemetry'
Backend (Go)	UNKNOWN STEP	2026-04-04T15:45:36.0077543Z GOTMPDIR=''
Backend (Go)	UNKNOWN STEP	2026-04-04T15:45:36.0077721Z GOTOOLCHAIN='auto'
Backend (Go)	UNKNOWN STEP	2026-04-04T15:45:36.0078006Z GOTOOLDIR='/opt/hostedtoolcache/go/1.25.8/x64/pkg/tool/linux_amd64'
Backend (Go)	UNKNOWN STEP	2026-04-04T15:45:36.0078320Z GOVCS=''
Backend (Go)	UNKNOWN STEP	2026-04-04T15:45:36.0078484Z GOVERSION='go1.25.8'
Backend (Go)	UNKNOWN STEP	2026-04-04T15:45:36.0078670Z GOWORK=''
Backend (Go)	UNKNOWN STEP	2026-04-04T15:45:36.0078854Z PKG_CONFIG='pkg-config'
Backend (Go)	UNKNOWN STEP	2026-04-04T15:45:36.0078983Z 
Backend (Go)	UNKNOWN STEP	2026-04-04T15:45:36.0079349Z ##[endgroup]
Backend (Go)	UNKNOWN STEP	2026-04-04T15:45:36.0155396Z ##[group]Run go fmt ./...
Backend (Go)	UNKNOWN STEP	2026-04-04T15:45:36.0155726Z [36;1mgo fmt ./...[0m
Backend (Go)	UNKNOWN STEP	2026-04-04T15:45:36.0176778Z shell: /usr/bin/bash -e {0}
Backend (Go)	UNKNOWN STEP	2026-04-04T15:45:36.0177028Z ##[endgroup]
Backend (Go)	UNKNOWN STEP	2026-04-04T15:45:36.0315411Z go: downloading cloud.google.com/go/firestore v1.14.0
Backend (Go)	UNKNOWN STEP	2026-04-04T15:45:36.0317300Z go: downloading cloud.google.com/go/storage v1.36.0
Backend (Go)	UNKNOWN STEP	2026-04-04T15:45:36.0467930Z go: downloading github.com/google/uuid v1.5.0
Backend (Go)	UNKNOWN STEP	2026-04-04T15:45:36.0579969Z go: downloading google.golang.org/api v0.155.0
Backend (Go)	UNKNOWN STEP	2026-04-04T15:45:36.1512164Z go: downloading google.golang.org/grpc v1.60.1
Backend (Go)	UNKNOWN STEP	2026-04-04T15:45:36.1889443Z go: downloading cloud.google.com/go v0.110.10
Backend (Go)	UNKNOWN STEP	2026-04-04T15:45:36.4528796Z go: downloading golang.org/x/oauth2 v0.15.0
Backend (Go)	UNKNOWN STEP	2026-04-04T15:45:37.0373664Z go: downloading github.com/golang/protobuf v1.5.3
Backend (Go)	UNKNOWN STEP	2026-04-04T15:45:37.0787332Z go: downloading github.com/googleapis/gax-go/v2 v2.12.0
Backend (Go)	UNKNOWN STEP	2026-04-04T15:45:37.0788144Z go: downloading golang.org/x/time v0.5.0
Backend (Go)	UNKNOWN STEP	2026-04-04T15:45:38.5791733Z go: downloading google.golang.org/genproto v0.0.0-20231211222908-989df2bf70f3
Backend (Go)	UNKNOWN STEP	2026-04-04T15:45:38.5793081Z go: downloading google.golang.org/protobuf v1.36.11
Backend (Go)	UNKNOWN STEP	2026-04-04T15:45:38.5998010Z go: downloading cloud.google.com/go/compute/metadata v0.2.3
Backend (Go)	UNKNOWN STEP	2026-04-04T15:45:38.6021498Z go: downloading cloud.google.com/go/iam v1.1.5
Backend (Go)	UNKNOWN STEP	2026-04-04T15:45:38.6229653Z go: downloading cloud.google.com/go/compute v1.23.3
Backend (Go)	UNKNOWN STEP	2026-04-04T15:45:38.8638214Z go: downloading google.golang.org/genproto/googleapis/rpc v0.0.0-20231212172506-995d672761c0
Backend (Go)	UNKNOWN STEP	2026-04-04T15:45:40.1476423Z go: downloading cloud.google.com/go/longrunning v0.5.4
Backend (Go)	UNKNOWN STEP	2026-04-04T15:45:40.2195421Z go: downloading google.golang.org/genproto/googleapis/api v0.0.0-20231211222908-989df2bf70f3
Backend (Go)	UNKNOWN STEP	2026-04-04T15:45:40.2593534Z go: downloading go.opencensus.io v0.24.0
Backend (Go)	UNKNOWN STEP	2026-04-04T15:45:40.2909279Z go: downloading golang.org/x/xerrors v0.0.0-20231012003039-104605ab7028
Backend (Go)	UNKNOWN STEP	2026-04-04T15:45:40.3291426Z go: downloading golang.org/x/sync v0.20.0
Backend (Go)	UNKNOWN STEP	2026-04-04T15:45:40.3389330Z go: downloading golang.org/x/net v0.52.0
Backend (Go)	UNKNOWN STEP	2026-04-04T15:45:40.6493925Z go: downloading go.opentelemetry.io/contrib/instrumentation/net/http/otelhttp v0.46.1
Backend (Go)	UNKNOWN STEP	2026-04-04T15:45:40.6756584Z go: downloading golang.org/x/sys v0.42.0
Backend (Go)	UNKNOWN STEP	2026-04-04T15:45:40.9415164Z go: downloading go.opentelemetry.io/contrib/instrumentation/google.golang.org/grpc/otelgrpc v0.46.1
Backend (Go)	UNKNOWN STEP	2026-04-04T15:45:40.9429772Z go: downloading github.com/golang/groupcache v0.0.0-20210331224755-41bb18bfe9da
Backend (Go)	UNKNOWN STEP	2026-04-04T15:45:40.9565628Z go: downloading github.com/google/s2a-go v0.1.7
Backend (Go)	UNKNOWN STEP	2026-04-04T15:45:41.0109152Z go: downloading github.com/felixge/httpsnoop v1.0.4
Backend (Go)	UNKNOWN STEP	2026-04-04T15:45:41.0330205Z go: downloading go.opentelemetry.io/otel v1.21.0
Backend (Go)	UNKNOWN STEP	2026-04-04T15:45:41.0772787Z go: downloading go.opentelemetry.io/otel/metric v1.21.0
Backend (Go)	UNKNOWN STEP	2026-04-04T15:45:41.1339592Z go: downloading go.opentelemetry.io/otel/trace v1.21.0
Backend (Go)	UNKNOWN STEP	2026-04-04T15:45:41.1341470Z go: downloading github.com/googleapis/enterprise-certificate-proxy v0.3.2
Backend (Go)	UNKNOWN STEP	2026-04-04T15:45:41.2557462Z go: downloading github.com/go-logr/logr v1.3.0
Backend (Go)	UNKNOWN STEP	2026-04-04T15:45:41.2578507Z go: downloading golang.org/x/text v0.35.0
Backend (Go)	UNKNOWN STEP	2026-04-04T15:45:41.3326806Z go: downloading github.com/go-logr/stdr v1.2.2
Backend (Go)	UNKNOWN STEP	2026-04-04T15:45:41.3598223Z go: downloading golang.org/x/crypto v0.49.0
Backend (Go)	UNKNOWN STEP	2026-04-04T15:45:42.2812959Z ##[group]Run go vet ./...
Backend (Go)	UNKNOWN STEP	2026-04-04T15:45:42.2813292Z [36;1mgo vet ./...[0m
Backend (Go)	UNKNOWN STEP	2026-04-04T15:45:42.2829252Z shell: /usr/bin/bash -e {0}
Backend (Go)	UNKNOWN STEP	2026-04-04T15:45:42.2829591Z ##[endgroup]
Backend (Go)	UNKNOWN STEP	2026-04-04T15:46:06.4928855Z ##[group]Run golangci/golangci-lint-action@v6
Backend (Go)	UNKNOWN STEP	2026-04-04T15:46:06.4929184Z with:
Backend (Go)	UNKNOWN STEP	2026-04-04T15:46:06.4929441Z   version: latest
Backend (Go)	UNKNOWN STEP	2026-04-04T15:46:06.4929748Z   working-directory: backend
Backend (Go)	UNKNOWN STEP	2026-04-04T15:46:06.4930023Z   install-mode: binary
Backend (Go)	UNKNOWN STEP	2026-04-04T15:46:06.4930477Z   github-token: ***
Backend (Go)	UNKNOWN STEP	2026-04-04T15:46:06.4930736Z   verify: true
Backend (Go)	UNKNOWN STEP	2026-04-04T15:46:06.4931006Z   only-new-issues: false
Backend (Go)	UNKNOWN STEP	2026-04-04T15:46:06.4931263Z   skip-cache: false
Backend (Go)	UNKNOWN STEP	2026-04-04T15:46:06.4931554Z   skip-save-cache: false
Backend (Go)	UNKNOWN STEP	2026-04-04T15:46:06.4931854Z   problem-matchers: false
Backend (Go)	UNKNOWN STEP	2026-04-04T15:46:06.4932128Z   cache-invalidation-interval: 7
Backend (Go)	UNKNOWN STEP	2026-04-04T15:46:06.4932456Z ##[endgroup]
Backend (Go)	UNKNOWN STEP	2026-04-04T15:46:06.6528886Z ##[group]prepare environment
Backend (Go)	UNKNOWN STEP	2026-04-04T15:46:06.6533414Z Checking for go.mod: backend/go.mod
Backend (Go)	UNKNOWN STEP	2026-04-04T15:46:06.8950009Z Cache not found for input keys: golangci-lint.cache-Linux-backend-2935-5bcab4a83f4ba8ee1f593f65c75494296d4a36ed, golangci-lint.cache-Linux-backend-2935-
Backend (Go)	UNKNOWN STEP	2026-04-04T15:46:06.8951903Z Finding needed golangci-lint version...
Backend (Go)	UNKNOWN STEP	2026-04-04T15:46:06.8954249Z Installation mode: binary
Backend (Go)	UNKNOWN STEP	2026-04-04T15:46:06.8955420Z Installing golangci-lint binary v1.64.8...
Backend (Go)	UNKNOWN STEP	2026-04-04T15:46:06.8957642Z Downloading binary https://github.com/golangci/golangci-lint/releases/download/v1.64.8/golangci-lint-1.64.8-linux-amd64.tar.gz ...
Backend (Go)	UNKNOWN STEP	2026-04-04T15:46:07.3060375Z [command]/usr/bin/tar xz --overwrite --warning=no-unknown-keyword --overwrite -C /home/runner -f /home/runner/work/_temp/6aed8676-8fc1-4d2b-ab05-d2bdb6e93345
Backend (Go)	UNKNOWN STEP	2026-04-04T15:46:07.5158402Z Installed golangci-lint into /home/runner/golangci-lint-1.64.8-linux-amd64/golangci-lint in 620ms
Backend (Go)	UNKNOWN STEP	2026-04-04T15:46:07.5159187Z Prepared env in 863ms
Backend (Go)	UNKNOWN STEP	2026-04-04T15:46:07.5160222Z ##[endgroup]
Backend (Go)	UNKNOWN STEP	2026-04-04T15:46:07.5162218Z ##[group]run golangci-lint
Backend (Go)	UNKNOWN STEP	2026-04-04T15:46:07.5169547Z Running [/home/runner/golangci-lint-1.64.8-linux-amd64/golangci-lint config path] in [/home/runner/work/utba-swarmmap/utba-swarmmap/backend] ...
Backend (Go)	UNKNOWN STEP	2026-04-04T15:46:07.5966210Z Running [/home/runner/golangci-lint-1.64.8-linux-amd64/golangci-lint config verify] in [/home/runner/work/utba-swarmmap/utba-swarmmap/backend] ...
Backend (Go)	UNKNOWN STEP	2026-04-04T15:46:07.8322107Z ##[endgroup]
Backend (Go)	UNKNOWN STEP	2026-04-04T15:46:07.8350801Z ##[error]Failed to run: Error: Command failed: /home/runner/golangci-lint-1.64.8-linux-amd64/golangci-lint config verify
Backend (Go)	UNKNOWN STEP	jsonschema: "run" does not validate with "/properties/run/additionalProperties": additional properties 'working-directory' not allowed
Backend (Go)	UNKNOWN STEP	Failed executing command with error: the configuration contains invalid elements
Backend (Go)	UNKNOWN STEP	, Error: Command failed: /home/runner/golangci-lint-1.64.8-linux-amd64/golangci-lint config verify
Backend (Go)	UNKNOWN STEP	jsonschema: "run" does not validate with "/properties/run/additionalProperties": additional properties 'working-directory' not allowed
Backend (Go)	UNKNOWN STEP	Failed executing command with error: the configuration contains invalid elements
Backend (Go)	UNKNOWN STEP	
Backend (Go)	UNKNOWN STEP	    at genericNodeError (node:internal/errors:984:15)
Backend (Go)	UNKNOWN STEP	    at wrappedFn (node:internal/errors:538:14)
Backend (Go)	UNKNOWN STEP	    at ChildProcess.exithandler (node:child_process:422:12)
Backend (Go)	UNKNOWN STEP	    at ChildProcess.emit (node:events:524:28)
Backend (Go)	UNKNOWN STEP	    at maybeClose (node:internal/child_process:1104:16)
Backend (Go)	UNKNOWN STEP	    at ChildProcess._handle.onexit (node:internal/child_process:304:5)
Backend (Go)	UNKNOWN STEP	2026-04-04T15:46:07.8368233Z ##[error]Command failed: /home/runner/golangci-lint-1.64.8-linux-amd64/golangci-lint config verify
Backend (Go)	UNKNOWN STEP	jsonschema: "run" does not validate with "/properties/run/additionalProperties": additional properties 'working-directory' not allowed
Backend (Go)	UNKNOWN STEP	Failed executing command with error: the configuration contains invalid elements
Backend (Go)	UNKNOWN STEP	
Backend (Go)	UNKNOWN STEP	2026-04-04T15:46:07.8569674Z Post job cleanup.
Backend (Go)	UNKNOWN STEP	2026-04-04T15:46:08.0269870Z [warning] Path Validation Error: Path(s) specified in the action for caching do(es) not exist, hence no cache is being saved.
Backend (Go)	UNKNOWN STEP	2026-04-04T15:46:08.0368637Z Post job cleanup.
Backend (Go)	UNKNOWN STEP	2026-04-04T15:46:08.1252873Z [command]/usr/bin/git version
Backend (Go)	UNKNOWN STEP	2026-04-04T15:46:08.1285389Z git version 2.53.0
Backend (Go)	UNKNOWN STEP	2026-04-04T15:46:08.1330341Z Temporarily overriding HOME='/home/runner/work/_temp/1ea440bf-8574-4548-ab19-ec5aaf0e2c0c' before making global git config changes
Backend (Go)	UNKNOWN STEP	2026-04-04T15:46:08.1331112Z Adding repository directory to the temporary git global config as a safe directory
Backend (Go)	UNKNOWN STEP	2026-04-04T15:46:08.1336629Z [command]/usr/bin/git config --global --add safe.directory /home/runner/work/utba-swarmmap/utba-swarmmap
Backend (Go)	UNKNOWN STEP	2026-04-04T15:46:08.1369624Z [command]/usr/bin/git config --local --name-only --get-regexp core\.sshCommand
Backend (Go)	UNKNOWN STEP	2026-04-04T15:46:08.1397047Z [command]/usr/bin/git submodule foreach --recursive sh -c "git config --local --name-only --get-regexp 'core\.sshCommand' && git config --local --unset-all 'core.sshCommand' || :"
Backend (Go)	UNKNOWN STEP	2026-04-04T15:46:08.1571071Z [command]/usr/bin/git config --local --name-only --get-regexp http\.https\:\/\/github\.com\/\.extraheader
Backend (Go)	UNKNOWN STEP	2026-04-04T15:46:08.1591517Z http.https://github.com/.extraheader
Backend (Go)	UNKNOWN STEP	2026-04-04T15:46:08.1602581Z [command]/usr/bin/git config --local --unset-all http.https://github.com/.extraheader
Backend (Go)	UNKNOWN STEP	2026-04-04T15:46:08.1626801Z [command]/usr/bin/git submodule foreach --recursive sh -c "git config --local --name-only --get-regexp 'http\.https\:\/\/github\.com\/\.extraheader' && git config --local --unset-all 'http.https://github.com/.extraheader' || :"
Backend (Go)	UNKNOWN STEP	2026-04-04T15:46:08.1797006Z [command]/usr/bin/git config --local --name-only --get-regexp ^includeIf\.gitdir:
Backend (Go)	UNKNOWN STEP	2026-04-04T15:46:08.1823132Z [command]/usr/bin/git submodule foreach --recursive git config --local --show-origin --name-only --get-regexp remote.origin.url
Backend (Go)	UNKNOWN STEP	2026-04-04T15:46:08.2085409Z Cleaning up orphan processes
Backend (Go)	UNKNOWN STEP	2026-04-04T15:46:08.2321862Z ##[warning]Node.js 20 actions are deprecated. The following actions are running on Node.js 20 and may not work as expected: actions/checkout@v4, actions/setup-go@v5, golangci/golangci-lint-action@v6. Actions will be forced to run with Node.js 24 by default starting June 2nd, 2026. Node.js 20 will be removed from the runner on September 16th, 2026. Please check if updated versions of these actions are available that support Node.js 24. To opt into Node.js 24 now, set the FORCE_JAVASCRIPT_ACTIONS_TO_NODE24=true environment variable on the runner or in your workflow file. Once Node.js 24 becomes the default, you can temporarily opt out by setting ACTIONS_ALLOW_USE_UNSECURE_NODE_VERSION=true. For more information see: https://github.blog/changelog/2025-09-19-deprecation-of-node-20-on-github-actions-runners/
Frontend (Go Server)	UNKNOWN STEP	﻿2026-04-04T15:45:22.2734396Z Current runner version: '2.333.1'
Frontend (Go Server)	UNKNOWN STEP	2026-04-04T15:45:22.2758438Z ##[group]Runner Image Provisioner
Frontend (Go Server)	UNKNOWN STEP	2026-04-04T15:45:22.2759297Z Hosted Compute Agent
Frontend (Go Server)	UNKNOWN STEP	2026-04-04T15:45:22.2759866Z Version: 20260213.493
Frontend (Go Server)	UNKNOWN STEP	2026-04-04T15:45:22.2760473Z Commit: 5c115507f6dd24b8de37d8bbe0bb4509d0cc0fa3
Frontend (Go Server)	UNKNOWN STEP	2026-04-04T15:45:22.2761168Z Build Date: 2026-02-13T00:28:41Z
Frontend (Go Server)	UNKNOWN STEP	2026-04-04T15:45:22.2761837Z Worker ID: {3816d16b-535f-4fff-b5dd-650b77769fd6}
Frontend (Go Server)	UNKNOWN STEP	2026-04-04T15:45:22.2762518Z Azure Region: westus
Frontend (Go Server)	UNKNOWN STEP	2026-04-04T15:45:22.2763069Z ##[endgroup]
Frontend (Go Server)	UNKNOWN STEP	2026-04-04T15:45:22.2764445Z ##[group]Operating System
Frontend (Go Server)	UNKNOWN STEP	2026-04-04T15:45:22.2765039Z Ubuntu
Frontend (Go Server)	UNKNOWN STEP	2026-04-04T15:45:22.2765445Z 24.04.4
Frontend (Go Server)	UNKNOWN STEP	2026-04-04T15:45:22.2766206Z LTS
Frontend (Go Server)	UNKNOWN STEP	2026-04-04T15:45:22.2766670Z ##[endgroup]
Frontend (Go Server)	UNKNOWN STEP	2026-04-04T15:45:22.2767140Z ##[group]Runner Image
Frontend (Go Server)	UNKNOWN STEP	2026-04-04T15:45:22.2767752Z Image: ubuntu-24.04
Frontend (Go Server)	UNKNOWN STEP	2026-04-04T15:45:22.2768218Z Version: 20260329.72.1
Frontend (Go Server)	UNKNOWN STEP	2026-04-04T15:45:22.2769430Z Included Software: https://github.com/actions/runner-images/blob/ubuntu24/20260329.72/images/ubuntu/Ubuntu2404-Readme.md
Frontend (Go Server)	UNKNOWN STEP	2026-04-04T15:45:22.2770825Z Image Release: https://github.com/actions/runner-images/releases/tag/ubuntu24%2F20260329.72
Frontend (Go Server)	UNKNOWN STEP	2026-04-04T15:45:22.2771699Z ##[endgroup]
Frontend (Go Server)	UNKNOWN STEP	2026-04-04T15:45:22.2772804Z ##[group]GITHUB_TOKEN Permissions
Frontend (Go Server)	UNKNOWN STEP	2026-04-04T15:45:22.2774672Z Contents: read
Frontend (Go Server)	UNKNOWN STEP	2026-04-04T15:45:22.2775295Z Metadata: read
Frontend (Go Server)	UNKNOWN STEP	2026-04-04T15:45:22.2775800Z Packages: read
Frontend (Go Server)	UNKNOWN STEP	2026-04-04T15:45:22.2776553Z ##[endgroup]
Frontend (Go Server)	UNKNOWN STEP	2026-04-04T15:45:22.2778560Z Secret source: None
Frontend (Go Server)	UNKNOWN STEP	2026-04-04T15:45:22.2779233Z Prepare workflow directory
Frontend (Go Server)	UNKNOWN STEP	2026-04-04T15:45:22.3117105Z Prepare all required actions
Frontend (Go Server)	UNKNOWN STEP	2026-04-04T15:45:22.3157678Z Getting action download info
Frontend (Go Server)	UNKNOWN STEP	2026-04-04T15:45:22.7637565Z Download action repository 'actions/checkout@v4' (SHA:34e114876b0b11c390a56381ad16ebd13914f8d5)
Frontend (Go Server)	UNKNOWN STEP	2026-04-04T15:45:22.8730449Z Download action repository 'actions/setup-go@v5' (SHA:40f1582b2485089dde7abd97c1529aa768e1baff)
Frontend (Go Server)	UNKNOWN STEP	2026-04-04T15:45:23.5001008Z Download action repository 'securego/gosec@master' (SHA:1af5d582f8fa08ac6621ccc1168b4d3d9d2b2eec)
Frontend (Go Server)	UNKNOWN STEP	2026-04-04T15:45:24.1821892Z Complete job name: Frontend (Go Server)
Frontend (Go Server)	UNKNOWN STEP	2026-04-04T15:45:24.2323011Z ##[group]Pull down action image 'ghcr.io/securego/gosec:2.25.0'
Frontend (Go Server)	UNKNOWN STEP	2026-04-04T15:45:24.2417476Z ##[command]/usr/bin/docker pull ghcr.io/securego/gosec:2.25.0
Frontend (Go Server)	UNKNOWN STEP	2026-04-04T15:45:24.9214324Z 2.25.0: Pulling from securego/gosec
Frontend (Go Server)	UNKNOWN STEP	2026-04-04T15:45:25.0916174Z 589002ba0eae: Already exists
Frontend (Go Server)	UNKNOWN STEP	2026-04-04T15:45:25.0947514Z 644a983862e3: Pulling fs layer
Frontend (Go Server)	UNKNOWN STEP	2026-04-04T15:45:25.0949382Z 6fbff1d4eb7e: Pulling fs layer
Frontend (Go Server)	UNKNOWN STEP	2026-04-04T15:45:25.0950870Z 13ee208a3600: Pulling fs layer
Frontend (Go Server)	UNKNOWN STEP	2026-04-04T15:45:25.0952255Z 4f4fb700ef54: Pulling fs layer
Frontend (Go Server)	UNKNOWN STEP	2026-04-04T15:45:25.0953516Z 8e4ca6825065: Pulling fs layer
Frontend (Go Server)	UNKNOWN STEP	2026-04-04T15:45:25.0954742Z 2de8f3bc93bb: Pulling fs layer
Frontend (Go Server)	UNKNOWN STEP	2026-04-04T15:45:25.0956221Z 19c9efa60884: Pulling fs layer
Frontend (Go Server)	UNKNOWN STEP	2026-04-04T15:45:25.0957908Z 4f4fb700ef54: Waiting
Frontend (Go Server)	UNKNOWN STEP	2026-04-04T15:45:25.0959461Z 8e4ca6825065: Waiting
Frontend (Go Server)	UNKNOWN STEP	2026-04-04T15:45:25.0960897Z 2de8f3bc93bb: Waiting
Frontend (Go Server)	UNKNOWN STEP	2026-04-04T15:45:25.0962004Z 19c9efa60884: Waiting
Frontend (Go Server)	UNKNOWN STEP	2026-04-04T15:45:25.3479738Z 644a983862e3: Verifying Checksum
Frontend (Go Server)	UNKNOWN STEP	2026-04-04T15:45:25.3485530Z 644a983862e3: Download complete
Frontend (Go Server)	UNKNOWN STEP	2026-04-04T15:45:25.4331092Z 13ee208a3600: Verifying Checksum
Frontend (Go Server)	UNKNOWN STEP	2026-04-04T15:45:25.4332336Z 13ee208a3600: Download complete
Frontend (Go Server)	UNKNOWN STEP	2026-04-04T15:45:25.4654853Z 644a983862e3: Pull complete
Frontend (Go Server)	UNKNOWN STEP	2026-04-04T15:45:25.5166552Z 4f4fb700ef54: Verifying Checksum
Frontend (Go Server)	UNKNOWN STEP	2026-04-04T15:45:25.5167750Z 4f4fb700ef54: Download complete
Frontend (Go Server)	UNKNOWN STEP	2026-04-04T15:45:25.9038106Z 2de8f3bc93bb: Verifying Checksum
Frontend (Go Server)	UNKNOWN STEP	2026-04-04T15:45:25.9039066Z 2de8f3bc93bb: Download complete
Frontend (Go Server)	UNKNOWN STEP	2026-04-04T15:45:26.1382129Z 19c9efa60884: Download complete
Frontend (Go Server)	UNKNOWN STEP	2026-04-04T15:45:26.3118985Z 6fbff1d4eb7e: Download complete
Frontend (Go Server)	UNKNOWN STEP	2026-04-04T15:45:27.3411508Z 8e4ca6825065: Verifying Checksum
Frontend (Go Server)	UNKNOWN STEP	2026-04-04T15:45:27.3412025Z 8e4ca6825065: Download complete
Frontend (Go Server)	UNKNOWN STEP	2026-04-04T15:45:31.4339142Z 6fbff1d4eb7e: Pull complete
Frontend (Go Server)	UNKNOWN STEP	2026-04-04T15:45:31.4448404Z 13ee208a3600: Pull complete
Frontend (Go Server)	UNKNOWN STEP	2026-04-04T15:45:31.4568894Z 4f4fb700ef54: Pull complete
Frontend (Go Server)	UNKNOWN STEP	2026-04-04T15:45:33.0116408Z 8e4ca6825065: Pull complete
Frontend (Go Server)	UNKNOWN STEP	2026-04-04T15:45:33.1830678Z 2de8f3bc93bb: Pull complete
Frontend (Go Server)	UNKNOWN STEP	2026-04-04T15:45:33.1940502Z 19c9efa60884: Pull complete
Frontend (Go Server)	UNKNOWN STEP	2026-04-04T15:45:33.1985792Z Digest: sha256:a735b6eedb06d3bc95d196b4320d1f3829caa0ee009e4b4749917cdd070ab026
Frontend (Go Server)	UNKNOWN STEP	2026-04-04T15:45:33.2000410Z Status: Downloaded newer image for ghcr.io/securego/gosec:2.25.0
Frontend (Go Server)	UNKNOWN STEP	2026-04-04T15:45:33.2013781Z ghcr.io/securego/gosec:2.25.0
Frontend (Go Server)	UNKNOWN STEP	2026-04-04T15:45:33.2035221Z ##[endgroup]
Frontend (Go Server)	UNKNOWN STEP	2026-04-04T15:45:33.2311053Z ##[group]Run actions/checkout@v4
Frontend (Go Server)	UNKNOWN STEP	2026-04-04T15:45:33.2311612Z with:
Frontend (Go Server)	UNKNOWN STEP	2026-04-04T15:45:33.2311822Z   repository: fkcurrie/utba-swarmmap
Frontend (Go Server)	UNKNOWN STEP	2026-04-04T15:45:33.2312234Z   token: ***
Frontend (Go Server)	UNKNOWN STEP	2026-04-04T15:45:33.2312475Z   ssh-strict: true
Frontend (Go Server)	UNKNOWN STEP	2026-04-04T15:45:33.2312674Z   ssh-user: git
Frontend (Go Server)	UNKNOWN STEP	2026-04-04T15:45:33.2312866Z   persist-credentials: true
Frontend (Go Server)	UNKNOWN STEP	2026-04-04T15:45:33.2313089Z   clean: true
Frontend (Go Server)	UNKNOWN STEP	2026-04-04T15:45:33.2313281Z   sparse-checkout-cone-mode: true
Frontend (Go Server)	UNKNOWN STEP	2026-04-04T15:45:33.2313515Z   fetch-depth: 1
Frontend (Go Server)	UNKNOWN STEP	2026-04-04T15:45:33.2313685Z   fetch-tags: false
Frontend (Go Server)	UNKNOWN STEP	2026-04-04T15:45:33.2313878Z   show-progress: true
Frontend (Go Server)	UNKNOWN STEP	2026-04-04T15:45:33.2314061Z   lfs: false
Frontend (Go Server)	UNKNOWN STEP	2026-04-04T15:45:33.2314242Z   submodules: false
Frontend (Go Server)	UNKNOWN STEP	2026-04-04T15:45:33.2314423Z   set-safe-directory: true
Frontend (Go Server)	UNKNOWN STEP	2026-04-04T15:45:33.2314844Z ##[endgroup]
Frontend (Go Server)	UNKNOWN STEP	2026-04-04T15:45:33.3414119Z Syncing repository: fkcurrie/utba-swarmmap
Frontend (Go Server)	UNKNOWN STEP	2026-04-04T15:45:33.3415444Z ##[group]Getting Git version info
Frontend (Go Server)	UNKNOWN STEP	2026-04-04T15:45:33.3416262Z Working directory is '/home/runner/work/utba-swarmmap/utba-swarmmap'
Frontend (Go Server)	UNKNOWN STEP	2026-04-04T15:45:33.3417230Z [command]/usr/bin/git version
Frontend (Go Server)	UNKNOWN STEP	2026-04-04T15:45:33.3466411Z git version 2.53.0
Frontend (Go Server)	UNKNOWN STEP	2026-04-04T15:45:33.3492130Z ##[endgroup]
Frontend (Go Server)	UNKNOWN STEP	2026-04-04T15:45:33.3507235Z Temporarily overriding HOME='/home/runner/work/_temp/a94a8b7f-ca34-451a-a65d-61bce940e821' before making global git config changes
Frontend (Go Server)	UNKNOWN STEP	2026-04-04T15:45:33.3508219Z Adding repository directory to the temporary git global config as a safe directory
Frontend (Go Server)	UNKNOWN STEP	2026-04-04T15:45:33.3513131Z [command]/usr/bin/git config --global --add safe.directory /home/runner/work/utba-swarmmap/utba-swarmmap
Frontend (Go Server)	UNKNOWN STEP	2026-04-04T15:45:33.3544975Z Deleting the contents of '/home/runner/work/utba-swarmmap/utba-swarmmap'
Frontend (Go Server)	UNKNOWN STEP	2026-04-04T15:45:33.3548828Z ##[group]Initializing the repository
Frontend (Go Server)	UNKNOWN STEP	2026-04-04T15:45:33.3552681Z [command]/usr/bin/git init /home/runner/work/utba-swarmmap/utba-swarmmap
Frontend (Go Server)	UNKNOWN STEP	2026-04-04T15:45:33.3634799Z hint: Using 'master' as the name for the initial branch. This default branch name
Frontend (Go Server)	UNKNOWN STEP	2026-04-04T15:45:33.3636326Z hint: will change to "main" in Git 3.0. To configure the initial branch name
Frontend (Go Server)	UNKNOWN STEP	2026-04-04T15:45:33.3637464Z hint: to use in all of your new repositories, which will suppress this warning,
Frontend (Go Server)	UNKNOWN STEP	2026-04-04T15:45:33.3637996Z hint: call:
Frontend (Go Server)	UNKNOWN STEP	2026-04-04T15:45:33.3638203Z hint:
Frontend (Go Server)	UNKNOWN STEP	2026-04-04T15:45:33.3638509Z hint: 	git config --global init.defaultBranch <name>
Frontend (Go Server)	UNKNOWN STEP	2026-04-04T15:45:33.3638885Z hint:
Frontend (Go Server)	UNKNOWN STEP	2026-04-04T15:45:33.3639240Z hint: Names commonly chosen instead of 'master' are 'main', 'trunk' and
Frontend (Go Server)	UNKNOWN STEP	2026-04-04T15:45:33.3639861Z hint: 'development'. The just-created branch can be renamed via this command:
Frontend (Go Server)	UNKNOWN STEP	2026-04-04T15:45:33.3640334Z hint:
Frontend (Go Server)	UNKNOWN STEP	2026-04-04T15:45:33.3640559Z hint: 	git branch -m <name>
Frontend (Go Server)	UNKNOWN STEP	2026-04-04T15:45:33.3640820Z hint:
Frontend (Go Server)	UNKNOWN STEP	2026-04-04T15:45:33.3641232Z hint: Disable this message with "git config set advice.defaultBranchName false"
Frontend (Go Server)	UNKNOWN STEP	2026-04-04T15:45:33.3641849Z Initialized empty Git repository in /home/runner/work/utba-swarmmap/utba-swarmmap/.git/
Frontend (Go Server)	UNKNOWN STEP	2026-04-04T15:45:33.3649483Z [command]/usr/bin/git remote add origin https://github.com/fkcurrie/utba-swarmmap
Frontend (Go Server)	UNKNOWN STEP	2026-04-04T15:45:33.3677680Z ##[endgroup]
Frontend (Go Server)	UNKNOWN STEP	2026-04-04T15:45:33.3678302Z ##[group]Disabling automatic garbage collection
Frontend (Go Server)	UNKNOWN STEP	2026-04-04T15:45:33.3682297Z [command]/usr/bin/git config --local gc.auto 0
Frontend (Go Server)	UNKNOWN STEP	2026-04-04T15:45:33.3709598Z ##[endgroup]
Frontend (Go Server)	UNKNOWN STEP	2026-04-04T15:45:33.3710146Z ##[group]Setting up auth
Frontend (Go Server)	UNKNOWN STEP	2026-04-04T15:45:33.3716384Z [command]/usr/bin/git config --local --name-only --get-regexp core\.sshCommand
Frontend (Go Server)	UNKNOWN STEP	2026-04-04T15:45:33.3744835Z [command]/usr/bin/git submodule foreach --recursive sh -c "git config --local --name-only --get-regexp 'core\.sshCommand' && git config --local --unset-all 'core.sshCommand' || :"
Frontend (Go Server)	UNKNOWN STEP	2026-04-04T15:45:33.4060206Z [command]/usr/bin/git config --local --name-only --get-regexp http\.https\:\/\/github\.com\/\.extraheader
Frontend (Go Server)	UNKNOWN STEP	2026-04-04T15:45:33.4089410Z [command]/usr/bin/git submodule foreach --recursive sh -c "git config --local --name-only --get-regexp 'http\.https\:\/\/github\.com\/\.extraheader' && git config --local --unset-all 'http.https://github.com/.extraheader' || :"
Frontend (Go Server)	UNKNOWN STEP	2026-04-04T15:45:33.4319123Z [command]/usr/bin/git config --local --name-only --get-regexp ^includeIf\.gitdir:
Frontend (Go Server)	UNKNOWN STEP	2026-04-04T15:45:33.4349494Z [command]/usr/bin/git submodule foreach --recursive git config --local --show-origin --name-only --get-regexp remote.origin.url
Frontend (Go Server)	UNKNOWN STEP	2026-04-04T15:45:33.4569535Z [command]/usr/bin/git config --local http.https://github.com/.extraheader AUTHORIZATION: basic ***
Frontend (Go Server)	UNKNOWN STEP	2026-04-04T15:45:33.4602093Z ##[endgroup]
Frontend (Go Server)	UNKNOWN STEP	2026-04-04T15:45:33.4602692Z ##[group]Fetching the repository
Frontend (Go Server)	UNKNOWN STEP	2026-04-04T15:45:33.4610738Z [command]/usr/bin/git -c protocol.version=2 fetch --no-tags --prune --no-recurse-submodules --depth=1 origin +b95110c4777c0bd46c3b42193d3d544fc8d7cdec:refs/remotes/pull/27/merge
Frontend (Go Server)	UNKNOWN STEP	2026-04-04T15:45:34.0685640Z From https://github.com/fkcurrie/utba-swarmmap
Frontend (Go Server)	UNKNOWN STEP	2026-04-04T15:45:34.0688405Z  * [new ref]         b95110c4777c0bd46c3b42193d3d544fc8d7cdec -> pull/27/merge
Frontend (Go Server)	UNKNOWN STEP	2026-04-04T15:45:34.0716638Z ##[endgroup]
Frontend (Go Server)	UNKNOWN STEP	2026-04-04T15:45:34.0717008Z ##[group]Determining the checkout info
Frontend (Go Server)	UNKNOWN STEP	2026-04-04T15:45:34.0719182Z ##[endgroup]
Frontend (Go Server)	UNKNOWN STEP	2026-04-04T15:45:34.0724279Z [command]/usr/bin/git sparse-checkout disable
Frontend (Go Server)	UNKNOWN STEP	2026-04-04T15:45:34.0759813Z [command]/usr/bin/git config --local --unset-all extensions.worktreeConfig
Frontend (Go Server)	UNKNOWN STEP	2026-04-04T15:45:34.0788283Z ##[group]Checking out the ref
Frontend (Go Server)	UNKNOWN STEP	2026-04-04T15:45:34.0788663Z [command]/usr/bin/git checkout --progress --force refs/remotes/pull/27/merge
Frontend (Go Server)	UNKNOWN STEP	2026-04-04T15:45:34.1005659Z Note: switching to 'refs/remotes/pull/27/merge'.
Frontend (Go Server)	UNKNOWN STEP	2026-04-04T15:45:34.1006328Z 
Frontend (Go Server)	UNKNOWN STEP	2026-04-04T15:45:34.1006728Z You are in 'detached HEAD' state. You can look around, make experimental
Frontend (Go Server)	UNKNOWN STEP	2026-04-04T15:45:34.1007594Z changes and commit them, and you can discard any commits you make in this
Frontend (Go Server)	UNKNOWN STEP	2026-04-04T15:45:34.1008410Z state without impacting any branches by switching back to a branch.
Frontend (Go Server)	UNKNOWN STEP	2026-04-04T15:45:34.1009016Z 
Frontend (Go Server)	UNKNOWN STEP	2026-04-04T15:45:34.1009334Z If you want to create a new branch to retain commits you create, you may
Frontend (Go Server)	UNKNOWN STEP	2026-04-04T15:45:34.1010103Z do so (now or later) by using -c with the switch command. Example:
Frontend (Go Server)	UNKNOWN STEP	2026-04-04T15:45:34.1010613Z 
Frontend (Go Server)	UNKNOWN STEP	2026-04-04T15:45:34.1010811Z   git switch -c <new-branch-name>
Frontend (Go Server)	UNKNOWN STEP	2026-04-04T15:45:34.1011124Z 
Frontend (Go Server)	UNKNOWN STEP	2026-04-04T15:45:34.1011308Z Or undo this operation with:
Frontend (Go Server)	UNKNOWN STEP	2026-04-04T15:45:34.1011605Z 
Frontend (Go Server)	UNKNOWN STEP	2026-04-04T15:45:34.1011759Z   git switch -
Frontend (Go Server)	UNKNOWN STEP	2026-04-04T15:45:34.1012032Z 
Frontend (Go Server)	UNKNOWN STEP	2026-04-04T15:45:34.1012450Z Turn off this advice by setting config variable advice.detachedHead to false
Frontend (Go Server)	UNKNOWN STEP	2026-04-04T15:45:34.1013051Z 
Frontend (Go Server)	UNKNOWN STEP	2026-04-04T15:45:34.1013724Z HEAD is now at b95110c Merge 87b7bed5bee89cc11670cd08999c0d93639f6135 into ce8c646a1e1a3155ecfdd83f5a8af5e375dad3a3
Frontend (Go Server)	UNKNOWN STEP	2026-04-04T15:45:34.1016412Z ##[endgroup]
Frontend (Go Server)	UNKNOWN STEP	2026-04-04T15:45:34.1053574Z [command]/usr/bin/git log -1 --format=%H
Frontend (Go Server)	UNKNOWN STEP	2026-04-04T15:45:34.1074846Z b95110c4777c0bd46c3b42193d3d544fc8d7cdec
Frontend (Go Server)	UNKNOWN STEP	2026-04-04T15:45:34.1286691Z ##[group]Run actions/setup-go@v5
Frontend (Go Server)	UNKNOWN STEP	2026-04-04T15:45:34.1286977Z with:
Frontend (Go Server)	UNKNOWN STEP	2026-04-04T15:45:34.1287161Z   go-version-file: backend/go.mod
Frontend (Go Server)	UNKNOWN STEP	2026-04-04T15:45:34.1287411Z   check-latest: false
Frontend (Go Server)	UNKNOWN STEP	2026-04-04T15:45:34.1287732Z   token: ***
Frontend (Go Server)	UNKNOWN STEP	2026-04-04T15:45:34.1287903Z   cache: true
Frontend (Go Server)	UNKNOWN STEP	2026-04-04T15:45:34.1288065Z ##[endgroup]
Frontend (Go Server)	UNKNOWN STEP	2026-04-04T15:45:34.2883947Z Setup go version spec 1.25.8
Frontend (Go Server)	UNKNOWN STEP	2026-04-04T15:45:34.2907738Z Found in cache @ /opt/hostedtoolcache/go/1.25.8/x64
Frontend (Go Server)	UNKNOWN STEP	2026-04-04T15:45:34.2911965Z Added go to the path
Frontend (Go Server)	UNKNOWN STEP	2026-04-04T15:45:34.2916173Z Successfully set up Go version 1.25.8
Frontend (Go Server)	UNKNOWN STEP	2026-04-04T15:45:34.5584437Z [command]/opt/hostedtoolcache/go/1.25.8/x64/bin/go env GOMODCACHE
Frontend (Go Server)	UNKNOWN STEP	2026-04-04T15:45:34.5618058Z [command]/opt/hostedtoolcache/go/1.25.8/x64/bin/go env GOCACHE
Frontend (Go Server)	UNKNOWN STEP	2026-04-04T15:45:34.5641706Z /home/runner/go/pkg/mod
Frontend (Go Server)	UNKNOWN STEP	2026-04-04T15:45:34.5672063Z /home/runner/.cache/go-build
Frontend (Go Server)	UNKNOWN STEP	2026-04-04T15:45:34.5703039Z ##[warning]Restore cache failed: Dependencies file is not found in /home/runner/work/utba-swarmmap/utba-swarmmap. Supported file pattern: go.sum
Frontend (Go Server)	UNKNOWN STEP	2026-04-04T15:45:34.5726964Z go version go1.25.8 linux/amd64
Frontend (Go Server)	UNKNOWN STEP	2026-04-04T15:45:34.5727163Z 
Frontend (Go Server)	UNKNOWN STEP	2026-04-04T15:45:34.5727465Z ##[group]go env
Frontend (Go Server)	UNKNOWN STEP	2026-04-04T15:45:34.6921028Z AR='ar'
Frontend (Go Server)	UNKNOWN STEP	2026-04-04T15:45:34.6921388Z CC='gcc'
Frontend (Go Server)	UNKNOWN STEP	2026-04-04T15:45:34.6921732Z CGO_CFLAGS='-O2 -g'
Frontend (Go Server)	UNKNOWN STEP	2026-04-04T15:45:34.6922056Z CGO_CPPFLAGS=''
Frontend (Go Server)	UNKNOWN STEP	2026-04-04T15:45:34.6922365Z CGO_CXXFLAGS='-O2 -g'
Frontend (Go Server)	UNKNOWN STEP	2026-04-04T15:45:34.6922671Z CGO_ENABLED='1'
Frontend (Go Server)	UNKNOWN STEP	2026-04-04T15:45:34.6922952Z CGO_FFLAGS='-O2 -g'
Frontend (Go Server)	UNKNOWN STEP	2026-04-04T15:45:34.6923257Z CGO_LDFLAGS='-O2 -g'
Frontend (Go Server)	UNKNOWN STEP	2026-04-04T15:45:34.6923552Z CXX='g++'
Frontend (Go Server)	UNKNOWN STEP	2026-04-04T15:45:34.6923805Z GCCGO='gccgo'
Frontend (Go Server)	UNKNOWN STEP	2026-04-04T15:45:34.6924068Z GO111MODULE=''
Frontend (Go Server)	UNKNOWN STEP	2026-04-04T15:45:34.6924322Z GOAMD64='v1'
Frontend (Go Server)	UNKNOWN STEP	2026-04-04T15:45:34.6924593Z GOARCH='amd64'
Frontend (Go Server)	UNKNOWN STEP	2026-04-04T15:45:34.6924964Z GOAUTH='netrc'
Frontend (Go Server)	UNKNOWN STEP	2026-04-04T15:45:34.6925241Z GOBIN=''
Frontend (Go Server)	UNKNOWN STEP	2026-04-04T15:45:34.6925595Z GOCACHE='/home/runner/.cache/go-build'
Frontend (Go Server)	UNKNOWN STEP	2026-04-04T15:45:34.6926265Z GOCACHEPROG=''
Frontend (Go Server)	UNKNOWN STEP	2026-04-04T15:45:34.6926590Z GODEBUG=''
Frontend (Go Server)	UNKNOWN STEP	2026-04-04T15:45:34.6926902Z GOENV='/home/runner/.config/go/env'
Frontend (Go Server)	UNKNOWN STEP	2026-04-04T15:45:34.6927320Z GOEXE=''
Frontend (Go Server)	UNKNOWN STEP	2026-04-04T15:45:34.6927606Z GOEXPERIMENT=''
Frontend (Go Server)	UNKNOWN STEP	2026-04-04T15:45:34.6927943Z GOFIPS140='off'
Frontend (Go Server)	UNKNOWN STEP	2026-04-04T15:45:34.6928255Z GOFLAGS=''
Frontend (Go Server)	UNKNOWN STEP	2026-04-04T15:45:34.6929368Z GOGCCFLAGS='-fPIC -m64 -pthread -Wl,--no-gc-sections -fmessage-length=0 -ffile-prefix-map=/tmp/go-build1723074054=/tmp/go-build -gno-record-gcc-switches'
Frontend (Go Server)	UNKNOWN STEP	2026-04-04T15:45:34.6930549Z GOHOSTARCH='amd64'
Frontend (Go Server)	UNKNOWN STEP	2026-04-04T15:45:34.6930896Z GOHOSTOS='linux'
Frontend (Go Server)	UNKNOWN STEP	2026-04-04T15:45:34.6931234Z GOINSECURE=''
Frontend (Go Server)	UNKNOWN STEP	2026-04-04T15:45:34.6931558Z GOMOD='/dev/null'
Frontend (Go Server)	UNKNOWN STEP	2026-04-04T15:45:34.6931935Z GOMODCACHE='/home/runner/go/pkg/mod'
Frontend (Go Server)	UNKNOWN STEP	2026-04-04T15:45:34.6932362Z GONOPROXY=''
Frontend (Go Server)	UNKNOWN STEP	2026-04-04T15:45:34.6932678Z GONOSUMDB=''
Frontend (Go Server)	UNKNOWN STEP	2026-04-04T15:45:34.6932978Z GOOS='linux'
Frontend (Go Server)	UNKNOWN STEP	2026-04-04T15:45:34.6933298Z GOPATH='/home/runner/go'
Frontend (Go Server)	UNKNOWN STEP	2026-04-04T15:45:34.6933663Z GOPRIVATE=''
Frontend (Go Server)	UNKNOWN STEP	2026-04-04T15:45:34.6934075Z GOPROXY='https://proxy.golang.org,direct'
Frontend (Go Server)	UNKNOWN STEP	2026-04-04T15:45:34.6934612Z GOROOT='/opt/hostedtoolcache/go/1.25.8/x64'
Frontend (Go Server)	UNKNOWN STEP	2026-04-04T15:45:34.6935143Z GOSUMDB='sum.golang.org'
Frontend (Go Server)	UNKNOWN STEP	2026-04-04T15:45:34.6935507Z GOTELEMETRY='local'
Frontend (Go Server)	UNKNOWN STEP	2026-04-04T15:45:34.6936165Z GOTELEMETRYDIR='/home/runner/.config/go/telemetry'
Frontend (Go Server)	UNKNOWN STEP	2026-04-04T15:45:34.6936692Z GOTMPDIR=''
Frontend (Go Server)	UNKNOWN STEP	2026-04-04T15:45:34.6937009Z GOTOOLCHAIN='auto'
Frontend (Go Server)	UNKNOWN STEP	2026-04-04T15:45:34.6937532Z GOTOOLDIR='/opt/hostedtoolcache/go/1.25.8/x64/pkg/tool/linux_amd64'
Frontend (Go Server)	UNKNOWN STEP	2026-04-04T15:45:34.6938137Z GOVCS=''
Frontend (Go Server)	UNKNOWN STEP	2026-04-04T15:45:34.6938448Z GOVERSION='go1.25.8'
Frontend (Go Server)	UNKNOWN STEP	2026-04-04T15:45:34.6938752Z GOWORK=''
Frontend (Go Server)	UNKNOWN STEP	2026-04-04T15:45:34.6939114Z PKG_CONFIG='pkg-config'
Frontend (Go Server)	UNKNOWN STEP	2026-04-04T15:45:34.6939367Z 
Frontend (Go Server)	UNKNOWN STEP	2026-04-04T15:45:34.6939879Z ##[endgroup]
Frontend (Go Server)	UNKNOWN STEP	2026-04-04T15:45:34.7037501Z ##[group]Run go fmt frontend/main.go
Frontend (Go Server)	UNKNOWN STEP	2026-04-04T15:45:34.7037872Z [36;1mgo fmt frontend/main.go[0m
Frontend (Go Server)	UNKNOWN STEP	2026-04-04T15:45:34.7068476Z shell: /usr/bin/bash -e {0}
Frontend (Go Server)	UNKNOWN STEP	2026-04-04T15:45:34.7068738Z ##[endgroup]
Frontend (Go Server)	UNKNOWN STEP	2026-04-04T15:45:37.4887962Z ##[group]Run securego/gosec@master
Frontend (Go Server)	UNKNOWN STEP	2026-04-04T15:45:37.4888241Z with:
Frontend (Go Server)	UNKNOWN STEP	2026-04-04T15:45:37.4888411Z   args: frontend/main.go
Frontend (Go Server)	UNKNOWN STEP	2026-04-04T15:45:37.4888617Z ##[endgroup]
Frontend (Go Server)	UNKNOWN STEP	2026-04-04T15:45:37.4993895Z ##[command]/usr/bin/docker run --name ghcriosecuregogosec2250_6897dd --label 45f669 --workdir /github/workspace --rm -e "INPUT_ARGS" -e "HOME" -e "GITHUB_JOB" -e "GITHUB_REF" -e "GITHUB_SHA" -e "GITHUB_REPOSITORY" -e "GITHUB_REPOSITORY_OWNER" -e "GITHUB_REPOSITORY_OWNER_ID" -e "GITHUB_RUN_ID" -e "GITHUB_RUN_NUMBER" -e "GITHUB_RETENTION_DAYS" -e "GITHUB_RUN_ATTEMPT" -e "GITHUB_ACTOR_ID" -e "GITHUB_ACTOR" -e "GITHUB_WORKFLOW" -e "GITHUB_HEAD_REF" -e "GITHUB_BASE_REF" -e "GITHUB_EVENT_NAME" -e "GITHUB_SERVER_URL" -e "GITHUB_API_URL" -e "GITHUB_GRAPHQL_URL" -e "GITHUB_REF_NAME" -e "GITHUB_REF_PROTECTED" -e "GITHUB_REF_TYPE" -e "GITHUB_WORKFLOW_REF" -e "GITHUB_WORKFLOW_SHA" -e "GITHUB_REPOSITORY_ID" -e "GITHUB_TRIGGERING_ACTOR" -e "GITHUB_WORKSPACE" -e "GITHUB_ACTION" -e "GITHUB_EVENT_PATH" -e "GITHUB_ACTION_REPOSITORY" -e "GITHUB_ACTION_REF" -e "GITHUB_PATH" -e "GITHUB_ENV" -e "GITHUB_STEP_SUMMARY" -e "GITHUB_STATE" -e "GITHUB_OUTPUT" -e "RUNNER_OS" -e "RUNNER_ARCH" -e "RUNNER_NAME" -e "RUNNER_ENVIRONMENT" -e "RUNNER_TOOL_CACHE" -e "RUNNER_TEMP" -e "RUNNER_WORKSPACE" -e "ACTIONS_RUNTIME_URL" -e "ACTIONS_RUNTIME_TOKEN" -e "ACTIONS_CACHE_URL" -e "ACTIONS_RESULTS_URL" -e "ACTIONS_ORCHESTRATION_ID" -e GITHUB_ACTIONS=true -e CI=true -v "/var/run/docker.sock":"/var/run/docker.sock" -v "/home/runner/work/_temp":"/github/runner_temp" -v "/home/runner/work/_temp/_github_home":"/github/home" -v "/home/runner/work/_temp/_github_workflow":"/github/workflow" -v "/home/runner/work/_temp/_runner_file_commands":"/github/file_commands" -v "/home/runner/work/utba-swarmmap/utba-swarmmap":"/github/workspace" ghcr.io/securego/gosec:2.25.0  "frontend/main.go"
Frontend (Go Server)	UNKNOWN STEP	2026-04-04T15:45:37.7324871Z [gosec] 2026/04/04 15:45:37 Including rules: default
Frontend (Go Server)	UNKNOWN STEP	2026-04-04T15:45:37.7325482Z Results:
Frontend (Go Server)	UNKNOWN STEP	2026-04-04T15:45:37.7326150Z 
Frontend (Go Server)	UNKNOWN STEP	2026-04-04T15:45:37.7326707Z Golang errors in file: [frontend/main.go]:
Frontend (Go Server)	UNKNOWN STEP	2026-04-04T15:45:37.7327074Z 
Frontend (Go Server)	UNKNOWN STEP	2026-04-04T15:45:37.7327985Z   > [line 0 : column 0] - importing dir "frontend/main.go": cannot find package "." in:
Frontend (Go Server)	UNKNOWN STEP	2026-04-04T15:45:37.7329105Z [gosec] 2026/04/04 15:45:37 Excluding rules: default
Frontend (Go Server)	UNKNOWN STEP	2026-04-04T15:45:37.7330015Z 	frontend/main.go
Frontend (Go Server)	UNKNOWN STEP	2026-04-04T15:45:37.7330211Z 
Frontend (Go Server)	UNKNOWN STEP	2026-04-04T15:45:37.7330219Z 
Frontend (Go Server)	UNKNOWN STEP	2026-04-04T15:45:37.7330225Z 
Frontend (Go Server)	UNKNOWN STEP	2026-04-04T15:45:37.7330349Z Summary:
Frontend (Go Server)	UNKNOWN STEP	2026-04-04T15:45:37.7330635Z   Gosec  : dev
Frontend (Go Server)	UNKNOWN STEP	2026-04-04T15:45:37.7330930Z   Files  : 0
Frontend (Go Server)	UNKNOWN STEP	2026-04-04T15:45:37.7331203Z   Lines  : 0
Frontend (Go Server)	UNKNOWN STEP	2026-04-04T15:45:37.7331488Z   Nosec  : 0
Frontend (Go Server)	UNKNOWN STEP	2026-04-04T15:45:37.7331767Z   Issues : 0
Frontend (Go Server)	UNKNOWN STEP	2026-04-04T15:45:37.7331931Z 
Frontend (Go Server)	UNKNOWN STEP	2026-04-04T15:45:37.7333842Z [gosec] 2026/04/04 15:45:37 Including analyzers: default
Frontend (Go Server)	UNKNOWN STEP	2026-04-04T15:45:37.7334251Z [gosec] 2026/04/04 15:45:37 Excluding analyzers: default
Frontend (Go Server)	UNKNOWN STEP	2026-04-04T15:45:37.7334726Z [gosec] 2026/04/04 15:45:37 Import directory: /github/workspace/frontend/main.go
Frontend (Go Server)	UNKNOWN STEP	2026-04-04T15:45:37.8053847Z Post job cleanup.
Frontend (Go Server)	UNKNOWN STEP	2026-04-04T15:45:37.9001815Z [command]/usr/bin/git version
Frontend (Go Server)	UNKNOWN STEP	2026-04-04T15:45:37.9038315Z git version 2.53.0
Frontend (Go Server)	UNKNOWN STEP	2026-04-04T15:45:37.9087941Z Temporarily overriding HOME='/home/runner/work/_temp/dee9de60-a156-42e0-836e-000889f77a9b' before making global git config changes
Frontend (Go Server)	UNKNOWN STEP	2026-04-04T15:45:37.9089276Z Adding repository directory to the temporary git global config as a safe directory
Frontend (Go Server)	UNKNOWN STEP	2026-04-04T15:45:37.9093164Z [command]/usr/bin/git config --global --add safe.directory /home/runner/work/utba-swarmmap/utba-swarmmap
Frontend (Go Server)	UNKNOWN STEP	2026-04-04T15:45:37.9126433Z [command]/usr/bin/git config --local --name-only --get-regexp core\.sshCommand
Frontend (Go Server)	UNKNOWN STEP	2026-04-04T15:45:37.9157510Z [command]/usr/bin/git submodule foreach --recursive sh -c "git config --local --name-only --get-regexp 'core\.sshCommand' && git config --local --unset-all 'core.sshCommand' || :"
Frontend (Go Server)	UNKNOWN STEP	2026-04-04T15:45:37.9377760Z [command]/usr/bin/git config --local --name-only --get-regexp http\.https\:\/\/github\.com\/\.extraheader
Frontend (Go Server)	UNKNOWN STEP	2026-04-04T15:45:37.9399487Z http.https://github.com/.extraheader
Frontend (Go Server)	UNKNOWN STEP	2026-04-04T15:45:37.9411129Z [command]/usr/bin/git config --local --unset-all http.https://github.com/.extraheader
Frontend (Go Server)	UNKNOWN STEP	2026-04-04T15:45:37.9441221Z [command]/usr/bin/git submodule foreach --recursive sh -c "git config --local --name-only --get-regexp 'http\.https\:\/\/github\.com\/\.extraheader' && git config --local --unset-all 'http.https://github.com/.extraheader' || :"
Frontend (Go Server)	UNKNOWN STEP	2026-04-04T15:45:37.9657431Z [command]/usr/bin/git config --local --name-only --get-regexp ^includeIf\.gitdir:
Frontend (Go Server)	UNKNOWN STEP	2026-04-04T15:45:37.9686780Z [command]/usr/bin/git submodule foreach --recursive git config --local --show-origin --name-only --get-regexp remote.origin.url
Frontend (Go Server)	UNKNOWN STEP	2026-04-04T15:45:38.0008742Z Cleaning up orphan processes
Frontend (Go Server)	UNKNOWN STEP	2026-04-04T15:45:38.0358102Z ##[warning]Node.js 20 actions are deprecated. The following actions are running on Node.js 20 and may not work as expected: actions/checkout@v4, actions/setup-go@v5. Actions will be forced to run with Node.js 24 by default starting June 2nd, 2026. Node.js 20 will be removed from the runner on September 16th, 2026. Please check if updated versions of these actions are available that support Node.js 24. To opt into Node.js 24 now, set the FORCE_JAVASCRIPT_ACTIONS_TO_NODE24=true environment variable on the runner or in your workflow file. Once Node.js 24 becomes the default, you can temporarily opt out by setting ACTIONS_ALLOW_USE_UNSECURE_NODE_VERSION=true. For more information see: https://github.blog/changelog/2025-09-19-deprecation-of-node-20-on-github-actions-runners/
