Backend (Go)	GolangCI-Lint	﻿2026-04-05T00:05:34.5757898Z ##[group]Run golangci/golangci-lint-action@v9
Backend (Go)	GolangCI-Lint	2026-04-05T00:05:34.5758235Z with:
Backend (Go)	GolangCI-Lint	2026-04-05T00:05:34.5758419Z   version: latest
Backend (Go)	GolangCI-Lint	2026-04-05T00:05:34.5758627Z   working-directory: backend
Backend (Go)	GolangCI-Lint	2026-04-05T00:05:34.5758856Z   only-new-issues: true
Backend (Go)	GolangCI-Lint	2026-04-05T00:05:34.5759070Z   install-mode: goinstall
Backend (Go)	GolangCI-Lint	2026-04-05T00:05:34.5759284Z   install-only: false
Backend (Go)	GolangCI-Lint	2026-04-05T00:05:34.5759625Z   github-token: ***
Backend (Go)	GolangCI-Lint	2026-04-05T00:05:34.5759821Z   verify: true
Backend (Go)	GolangCI-Lint	2026-04-05T00:05:34.5760004Z   skip-cache: false
Backend (Go)	GolangCI-Lint	2026-04-05T00:05:34.5760202Z   skip-save-cache: false
Backend (Go)	GolangCI-Lint	2026-04-05T00:05:34.5760426Z   cache-invalidation-interval: 7
Backend (Go)	GolangCI-Lint	2026-04-05T00:05:34.5760669Z   problem-matchers: false
Backend (Go)	GolangCI-Lint	2026-04-05T00:05:34.5760877Z env:
Backend (Go)	GolangCI-Lint	2026-04-05T00:05:34.5761037Z   GOTOOLCHAIN: local
Backend (Go)	GolangCI-Lint	2026-04-05T00:05:34.5761249Z ##[endgroup]
Backend (Go)	GolangCI-Lint	2026-04-05T00:05:34.7164072Z ##[group]Restore cache
Backend (Go)	GolangCI-Lint	2026-04-05T00:05:34.7167944Z Checking for go.mod: backend/go.mod
Backend (Go)	GolangCI-Lint	2026-04-05T00:05:34.7173041Z (node:2515) [DEP0040] DeprecationWarning: The `punycode` module is deprecated. Please use a userland alternative instead.
Backend (Go)	GolangCI-Lint	2026-04-05T00:05:34.7173824Z (Use `node --trace-deprecation ...` to show where the warning was created)
Backend (Go)	GolangCI-Lint	2026-04-05T00:05:34.8126811Z Cache hit for: golangci-lint.cache-Linux-backend-2935-7fdc7a50fbbd8a0ea0deb7c9ca4e056ddb509e87
Backend (Go)	GolangCI-Lint	2026-04-05T00:05:34.8235385Z (node:2515) [DEP0169] DeprecationWarning: `url.parse()` behavior is not standardized and prone to errors that have security implications. Use the WHATWG URL API instead. CVEs are not issued for `url.parse()` vulnerabilities.
Backend (Go)	GolangCI-Lint	2026-04-05T00:05:35.1790312Z Received 1488794 of 1488794 (100.0%), 5.9 MBs/sec
Backend (Go)	GolangCI-Lint	2026-04-05T00:05:35.1790958Z Cache Size: ~1 MB (1488794 B)
Backend (Go)	GolangCI-Lint	2026-04-05T00:05:35.1818795Z [command]/usr/bin/tar -xf /home/runner/work/_temp/856144ba-65d6-4ab6-ad25-f3fa183621e4/cache.tzst -P -C /home/runner/work/utba-swarmmap/utba-swarmmap --use-compress-program unzstd
Backend (Go)	GolangCI-Lint	2026-04-05T00:05:35.5367748Z Cache restored successfully
Backend (Go)	GolangCI-Lint	2026-04-05T00:05:35.5373547Z Restored cache for golangci-lint from key 'golangci-lint.cache-Linux-backend-2935-7fdc7a50fbbd8a0ea0deb7c9ca4e056ddb509e87' in 821ms
Backend (Go)	GolangCI-Lint	2026-04-05T00:05:35.5375032Z ##[endgroup]
Backend (Go)	GolangCI-Lint	2026-04-05T00:05:35.5375569Z ##[group]Install
Backend (Go)	GolangCI-Lint	2026-04-05T00:05:35.5376267Z Finding needed golangci-lint version...
Backend (Go)	GolangCI-Lint	2026-04-05T00:05:35.5377052Z Installation mode: goinstall
Backend (Go)	GolangCI-Lint	2026-04-05T00:05:35.5378796Z Installing golangci-lint latest...
Backend (Go)	GolangCI-Lint	2026-04-05T00:06:11.8084311Z go: downloading github.com/golangci/golangci-lint/v2 v2.11.4
Backend (Go)	GolangCI-Lint	2026-04-05T00:06:11.8085271Z go: downloading github.com/charmbracelet/lipgloss v1.1.0
Backend (Go)	GolangCI-Lint	2026-04-05T00:06:11.8085954Z go: downloading github.com/fatih/color v1.19.0
Backend (Go)	GolangCI-Lint	2026-04-05T00:06:11.8086488Z go: downloading github.com/gofrs/flock v0.13.0
Backend (Go)	GolangCI-Lint	2026-04-05T00:06:11.8087045Z go: downloading github.com/hashicorp/go-version v1.8.0
Backend (Go)	GolangCI-Lint	2026-04-05T00:06:11.8088385Z go: downloading github.com/ldez/grignotin v0.10.1
Backend (Go)	GolangCI-Lint	2026-04-05T00:06:11.8089001Z go: downloading github.com/pelletier/go-toml/v2 v2.2.4
Backend (Go)	GolangCI-Lint	2026-04-05T00:06:11.8089674Z go: downloading github.com/santhosh-tekuri/jsonschema/v6 v6.0.2
Backend (Go)	GolangCI-Lint	2026-04-05T00:06:11.8090339Z go: downloading github.com/spf13/cobra v1.10.2
Backend (Go)	GolangCI-Lint	2026-04-05T00:06:11.8090884Z go: downloading github.com/spf13/pflag v1.0.10
Backend (Go)	GolangCI-Lint	2026-04-05T00:06:11.8091387Z go: downloading go.yaml.in/yaml/v3 v3.0.4
Backend (Go)	GolangCI-Lint	2026-04-05T00:06:11.8091853Z go: downloading golang.org/x/mod v0.34.0
Backend (Go)	GolangCI-Lint	2026-04-05T00:06:11.8092312Z go: downloading golang.org/x/tools v0.43.0
Backend (Go)	GolangCI-Lint	2026-04-05T00:06:11.8092901Z go: downloading github.com/go-viper/mapstructure/v2 v2.5.0
Backend (Go)	GolangCI-Lint	2026-04-05T00:06:11.8093534Z go: downloading github.com/alecthomas/chroma/v2 v2.23.1
Backend (Go)	GolangCI-Lint	2026-04-05T00:06:11.8094441Z go: downloading github.com/golangci/plugin-module-register v0.1.2
Backend (Go)	GolangCI-Lint	2026-04-05T00:06:11.8095202Z go: downloading github.com/sirupsen/logrus v1.9.4
Backend (Go)	GolangCI-Lint	2026-04-05T00:06:11.8095580Z go: downloading github.com/charmbracelet/x/ansi v0.10.1
Backend (Go)	GolangCI-Lint	2026-04-05T00:06:11.8096062Z go: downloading github.com/charmbracelet/x/cellbuf v0.0.13-0.20250311204145-2c3ea96c31dd
Backend (Go)	GolangCI-Lint	2026-04-05T00:06:11.8096519Z go: downloading github.com/muesli/termenv v0.16.0
Backend (Go)	GolangCI-Lint	2026-04-05T00:06:11.8096838Z go: downloading github.com/spf13/afero v1.15.0
Backend (Go)	GolangCI-Lint	2026-04-05T00:06:11.8097748Z go: downloading golang.org/x/text v0.34.0
Backend (Go)	GolangCI-Lint	2026-04-05T00:06:11.8098064Z go: downloading github.com/daixiang0/gci v0.13.7
Backend (Go)	GolangCI-Lint	2026-04-05T00:06:11.8098366Z go: downloading mvdan.cc/gofumpt v0.9.2
Backend (Go)	GolangCI-Lint	2026-04-05T00:06:11.8098673Z go: downloading github.com/golangci/golines v0.15.0
Backend (Go)	GolangCI-Lint	2026-04-05T00:06:11.8099086Z go: downloading github.com/golangci/swaggoswag v0.0.0-20250504205917-77f2aca3143e
Backend (Go)	GolangCI-Lint	2026-04-05T00:06:11.8099535Z go: downloading go.augendre.info/arangolint v0.4.0
Backend (Go)	GolangCI-Lint	2026-04-05T00:06:11.8099880Z go: downloading github.com/golangci/asciicheck v0.5.0
Backend (Go)	GolangCI-Lint	2026-04-05T00:06:11.8100208Z go: downloading github.com/breml/bidichk v0.3.3
Backend (Go)	GolangCI-Lint	2026-04-05T00:06:11.8100609Z go: downloading github.com/timakin/bodyclose v0.0.0-20241222091800-1db5c5ca4d67
Backend (Go)	GolangCI-Lint	2026-04-05T00:06:11.8101081Z go: downloading github.com/karamaru-alpha/copyloopvar v1.2.2
Backend (Go)	GolangCI-Lint	2026-04-05T00:06:11.8101450Z go: downloading github.com/Abirdcfly/dupword v0.1.7
Backend (Go)	GolangCI-Lint	2026-04-05T00:06:11.8101802Z go: downloading github.com/charithe/durationcheck v0.0.11
Backend (Go)	GolangCI-Lint	2026-04-05T00:06:11.8102230Z go: downloading github.com/manuelarte/embeddedstructfieldcheck v0.4.0
Backend (Go)	GolangCI-Lint	2026-04-05T00:06:11.8102629Z go: downloading github.com/Djarvur/go-err113 v0.1.1
Backend (Go)	GolangCI-Lint	2026-04-05T00:06:11.8103011Z go: downloading github.com/kisielk/errcheck v1.10.0
Backend (Go)	GolangCI-Lint	2026-04-05T00:06:11.8103591Z go: downloading github.com/breml/errchkjson v0.4.1
Backend (Go)	GolangCI-Lint	2026-04-05T00:06:11.8104167Z go: downloading github.com/Antonboom/errname v1.1.1
Backend (Go)	GolangCI-Lint	2026-04-05T00:06:11.8104825Z go: downloading codeberg.org/polyfloyd/go-errorlint v1.9.0
Backend (Go)	GolangCI-Lint	2026-04-05T00:06:11.8105529Z go: downloading dev.gaijin.team/go/exhaustruct/v4 v4.0.0
Backend (Go)	GolangCI-Lint	2026-04-05T00:06:11.8106174Z go: downloading github.com/ldez/exptostd v0.4.5
Backend (Go)	GolangCI-Lint	2026-04-05T00:06:11.8106570Z go: downloading go.augendre.info/fatcontext v0.9.0
Backend (Go)	GolangCI-Lint	2026-04-05T00:06:11.8106948Z go: downloading github.com/ashanbrown/forbidigo/v2 v2.3.0
Backend (Go)	GolangCI-Lint	2026-04-05T00:06:11.8108115Z go: downloading github.com/manuelarte/funcorder v0.5.0
Backend (Go)	GolangCI-Lint	2026-04-05T00:06:11.8108497Z go: downloading github.com/nunnatsa/ginkgolinter v0.23.0
Backend (Go)	GolangCI-Lint	2026-04-05T00:06:11.8108847Z go: downloading github.com/uudashr/gocognit v1.2.1
Backend (Go)	GolangCI-Lint	2026-04-05T00:06:11.8109188Z go: downloading github.com/jgautheron/goconst v1.8.2
Backend (Go)	GolangCI-Lint	2026-04-05T00:06:11.8109537Z go: downloading github.com/go-critic/go-critic v0.14.3
Backend (Go)	GolangCI-Lint	2026-04-05T00:06:11.8109913Z go: downloading github.com/quasilyte/go-ruleguard/dsl v0.3.23
Backend (Go)	GolangCI-Lint	2026-04-05T00:06:11.8110297Z go: downloading github.com/godoc-lint/godoc-lint v0.11.2
Backend (Go)	GolangCI-Lint	2026-04-05T00:06:11.8110659Z go: downloading github.com/quasilyte/go-ruleguard v0.4.5
Backend (Go)	GolangCI-Lint	2026-04-05T00:06:11.8110990Z go: downloading github.com/tetafro/godot v1.5.4
Backend (Go)	GolangCI-Lint	2026-04-05T00:06:11.8111325Z go: downloading github.com/ldez/gomoddirectives v0.8.0
Backend (Go)	GolangCI-Lint	2026-04-05T00:06:11.8111679Z go: downloading github.com/ryancurrah/gomodguard v1.4.1
Backend (Go)	GolangCI-Lint	2026-04-05T00:06:11.8112270Z go: downloading github.com/golangci/go-printf-func-name v0.1.1
Backend (Go)	GolangCI-Lint	2026-04-05T00:06:11.8112736Z go: downloading github.com/securego/gosec/v2 v2.24.8-0.20260309165252-619ce2117e08
Backend (Go)	GolangCI-Lint	2026-04-05T00:06:11.8113168Z go: downloading github.com/xen0n/gosmopolitan v1.3.0
Backend (Go)	GolangCI-Lint	2026-04-05T00:06:11.8113501Z go: downloading github.com/uudashr/iface v1.4.1
Backend (Go)	GolangCI-Lint	2026-04-05T00:06:11.8113819Z go: downloading github.com/macabu/inamedparam v0.2.0
Backend (Go)	GolangCI-Lint	2026-04-05T00:06:11.8114166Z go: downloading github.com/gordonklaus/ineffassign v0.2.0
Backend (Go)	GolangCI-Lint	2026-04-05T00:06:11.8114514Z go: downloading github.com/ckaznocha/intrange v0.3.1
Backend (Go)	GolangCI-Lint	2026-04-05T00:06:11.8114858Z go: downloading github.com/AdminBenni/iota-mixing v1.0.0
Backend (Go)	GolangCI-Lint	2026-04-05T00:06:11.8115200Z go: downloading github.com/butuzov/ireturn v0.4.0
Backend (Go)	GolangCI-Lint	2026-04-05T00:06:11.8115537Z go: downloading github.com/timonwong/loggercheck v0.11.0
Backend (Go)	GolangCI-Lint	2026-04-05T00:06:11.8115881Z go: downloading github.com/ashanbrown/makezero/v2 v2.1.0
Backend (Go)	GolangCI-Lint	2026-04-05T00:06:11.8116298Z go: downloading github.com/golangci/misspell v0.8.0
Backend (Go)	GolangCI-Lint	2026-04-05T00:06:11.8116626Z go: downloading go-simpler.org/musttag v0.14.0
Backend (Go)	GolangCI-Lint	2026-04-05T00:06:11.8116963Z go: downloading github.com/alexkohler/nakedret/v2 v2.0.6
Backend (Go)	GolangCI-Lint	2026-04-05T00:06:11.8117698Z go: downloading github.com/gostaticanalysis/nilerr v0.1.2
Backend (Go)	GolangCI-Lint	2026-04-05T00:06:11.8118602Z go: downloading github.com/alingse/nilnesserr v0.2.0
Backend (Go)	GolangCI-Lint	2026-04-05T00:06:11.8119170Z go: downloading github.com/Antonboom/nilnil v1.1.1
Backend (Go)	GolangCI-Lint	2026-04-05T00:06:11.8119506Z go: downloading github.com/sonatard/noctx v0.5.1
Backend (Go)	GolangCI-Lint	2026-04-05T00:06:11.8119837Z go: downloading github.com/AlwxSin/noinlineerr v1.0.5
Backend (Go)	GolangCI-Lint	2026-04-05T00:06:11.8120373Z go: downloading github.com/firefart/nonamedreturns v1.0.6
Backend (Go)	GolangCI-Lint	2026-04-05T00:06:11.8120788Z go: downloading github.com/stbenjam/no-sprintf-host-port v0.3.1
Backend (Go)	GolangCI-Lint	2026-04-05T00:06:11.8121260Z go: downloading github.com/kunwardeep/paralleltest v1.0.15
Backend (Go)	GolangCI-Lint	2026-04-05T00:06:11.8121759Z go: downloading github.com/catenacyber/perfsprint v0.10.1
Backend (Go)	GolangCI-Lint	2026-04-05T00:06:11.8122116Z go: downloading github.com/alexkohler/prealloc v1.1.0
Backend (Go)	GolangCI-Lint	2026-04-05T00:06:11.8122482Z go: downloading github.com/ghostiam/protogetter v0.3.20
Backend (Go)	GolangCI-Lint	2026-04-05T00:06:11.8122822Z go: downloading github.com/BurntSushi/toml v1.6.0
Backend (Go)	GolangCI-Lint	2026-04-05T00:06:11.8123135Z go: downloading github.com/mgechev/revive v1.15.0
Backend (Go)	GolangCI-Lint	2026-04-05T00:06:11.8123448Z go: downloading go-simpler.org/sloglint v0.11.1
Backend (Go)	GolangCI-Lint	2026-04-05T00:06:11.8123778Z go: downloading github.com/jjti/go-spancheck v0.6.5
Backend (Go)	GolangCI-Lint	2026-04-05T00:06:11.8124131Z go: downloading github.com/ryanrolds/sqlclosecheck v0.6.0
Backend (Go)	GolangCI-Lint	2026-04-05T00:06:11.8124456Z go: downloading honnef.co/go/tools v0.7.0
Backend (Go)	GolangCI-Lint	2026-04-05T00:06:11.8124761Z go: downloading github.com/ldez/tagliatelle v0.7.2
Backend (Go)	GolangCI-Lint	2026-04-05T00:06:11.8125110Z go: downloading github.com/maratori/testableexamples v1.0.1
Backend (Go)	GolangCI-Lint	2026-04-05T00:06:11.8125460Z go: downloading github.com/4meepo/tagalign v1.4.3
Backend (Go)	GolangCI-Lint	2026-04-05T00:06:11.8125975Z go: downloading github.com/Antonboom/testifylint v1.6.4
Backend (Go)	GolangCI-Lint	2026-04-05T00:06:11.8126346Z go: downloading github.com/maratori/testpackage v1.1.2
Backend (Go)	GolangCI-Lint	2026-04-05T00:06:11.8126679Z go: downloading github.com/kulti/thelper v0.7.1
Backend (Go)	GolangCI-Lint	2026-04-05T00:06:11.8127414Z go: downloading github.com/golangci/unconvert v0.0.0-20250410112200-a129a6e6413e
Backend (Go)	GolangCI-Lint	2026-04-05T00:06:11.8127916Z go: downloading mvdan.cc/unparam v0.0.0-20251027182757-5beb8c8f8f15
Backend (Go)	GolangCI-Lint	2026-04-05T00:06:11.8128478Z go: downloading github.com/MirrexOne/unqueryvet v1.5.4
Backend (Go)	GolangCI-Lint	2026-04-05T00:06:11.8128877Z go: downloading github.com/sashamelentyev/usestdlibvars v1.29.0
Backend (Go)	GolangCI-Lint	2026-04-05T00:06:11.8129245Z go: downloading github.com/ldez/usetesting v0.5.0
Backend (Go)	GolangCI-Lint	2026-04-05T00:06:11.8129584Z go: downloading github.com/tomarrell/wrapcheck/v2 v2.12.0
Backend (Go)	GolangCI-Lint	2026-04-05T00:06:11.8129928Z go: downloading github.com/bombsimon/wsl/v4 v4.7.0
Backend (Go)	GolangCI-Lint	2026-04-05T00:06:11.8130244Z go: downloading github.com/bombsimon/wsl/v5 v5.6.0
Backend (Go)	GolangCI-Lint	2026-04-05T00:06:11.8130582Z go: downloading github.com/lucasb-eyer/go-colorful v1.2.0
Backend (Go)	GolangCI-Lint	2026-04-05T00:06:11.8131049Z go: downloading github.com/charmbracelet/colorprofile v0.2.3-0.20250311203215-f60798e515dc
Backend (Go)	GolangCI-Lint	2026-04-05T00:06:11.8131519Z go: downloading github.com/charmbracelet/x/term v0.2.1
Backend (Go)	GolangCI-Lint	2026-04-05T00:06:11.8132070Z go: downloading github.com/aymanbagabas/go-osc52/v2 v2.0.1
Backend (Go)	GolangCI-Lint	2026-04-05T00:06:11.8132396Z go: downloading go.uber.org/zap v1.27.0
Backend (Go)	GolangCI-Lint	2026-04-05T00:06:11.8132934Z go: downloading github.com/dave/dst v0.27.3
Backend (Go)	GolangCI-Lint	2026-04-05T00:06:11.8133477Z go: downloading dev.gaijin.team/go/golib v0.6.0
Backend (Go)	GolangCI-Lint	2026-04-05T00:06:11.8134086Z go: downloading github.com/Masterminds/semver/v3 v3.4.0
Backend (Go)	GolangCI-Lint	2026-04-05T00:06:11.8134719Z go: downloading github.com/ccojocar/zxcvbn-go v1.0.4
Backend (Go)	GolangCI-Lint	2026-04-05T00:06:11.8135362Z go: downloading github.com/alfatraining/structtag v1.0.0
Backend (Go)	GolangCI-Lint	2026-04-05T00:06:11.8135938Z go: downloading github.com/dlclark/regexp2 v1.11.5
Backend (Go)	GolangCI-Lint	2026-04-05T00:06:11.8136684Z go: downloading github.com/xo/terminfo v0.0.0-20220910002029-abceb7e1c41e
Backend (Go)	GolangCI-Lint	2026-04-05T00:06:11.8138106Z go: downloading go.uber.org/multierr v1.10.0
Backend (Go)	GolangCI-Lint	2026-04-05T00:06:11.8138472Z go: downloading github.com/ldez/structtags v0.6.1
Backend (Go)	GolangCI-Lint	2026-04-05T00:06:11.8139072Z go: downloading golang.org/x/exp/typeparams v0.0.0-20260209203927-2842357ff358
Backend (Go)	GolangCI-Lint	2026-04-05T00:06:11.8139839Z go: downloading golang.org/x/exp v0.0.0-20250620022241-b7579e27df2b
Backend (Go)	GolangCI-Lint	2026-04-05T00:06:11.8140503Z go: downloading google.golang.org/protobuf v1.36.8
Backend (Go)	GolangCI-Lint	2026-04-05T00:06:11.8141119Z go: downloading codeberg.org/chavacava/garif v0.2.0
Backend (Go)	GolangCI-Lint	2026-04-05T00:06:11.8141518Z 
Backend (Go)	GolangCI-Lint	2026-04-05T00:06:12.2711893Z touch /home/runner/go/bin/golangci-lint
Backend (Go)	GolangCI-Lint	2026-04-05T00:06:12.2712319Z 
Backend (Go)	GolangCI-Lint	2026-04-05T00:06:12.2713223Z Installed golangci-lint into /home/runner/go/bin/golangci-lint in 36734ms
Backend (Go)	GolangCI-Lint	2026-04-05T00:06:12.2718335Z ##[endgroup]
Backend (Go)	GolangCI-Lint	2026-04-05T00:06:12.2721822Z ##[group]run golangci-lint
Backend (Go)	GolangCI-Lint	2026-04-05T00:06:12.5856209Z Writing patch to /tmp/tmp-2515-JKDsurgEsTWb/pull.patch
Backend (Go)	GolangCI-Lint	2026-04-05T00:06:12.5866328Z only new issues on pull_request: /tmp/tmp-2515-JKDsurgEsTWb/pull.patch
Backend (Go)	GolangCI-Lint	2026-04-05T00:06:12.5867960Z Running [/home/runner/go/bin/golangci-lint config path] in [/home/runner/work/utba-swarmmap/utba-swarmmap/backend] ...
Backend (Go)	GolangCI-Lint	2026-04-05T00:06:12.6587682Z Running [/home/runner/go/bin/golangci-lint config verify] in [/home/runner/work/utba-swarmmap/utba-swarmmap/backend] ...
Backend (Go)	GolangCI-Lint	2026-04-05T00:06:12.7943529Z Running [/home/runner/go/bin/golangci-lint run --new-from-patch=/tmp/tmp-2515-JKDsurgEsTWb/pull.patch --new=false --new-from-rev= --new-from-merge-base= --path-mode=abs] in [/home/runner/work/utba-swarmmap/utba-swarmmap/backend] ...
Backend (Go)	GolangCI-Lint	2026-04-05T00:06:29.3686904Z ##[error]/home/runner/work/utba-swarmmap/utba-swarmmap/backend/handlers/swarm.go:105:20: Error return value of `file.Close` is not checked (errcheck)
Backend (Go)	GolangCI-Lint	2026-04-05T00:06:29.3697856Z 			defer file.Close()
Backend (Go)	GolangCI-Lint	2026-04-05T00:06:29.3698312Z 			                ^
Backend (Go)	GolangCI-Lint	2026-04-05T00:06:29.3698608Z 1 issues:
Backend (Go)	GolangCI-Lint	2026-04-05T00:06:29.3698875Z * errcheck: 1
Backend (Go)	GolangCI-Lint	2026-04-05T00:06:29.3699053Z 
Backend (Go)	GolangCI-Lint	2026-04-05T00:06:29.3710674Z ##[error]issues found
Backend (Go)	GolangCI-Lint	2026-04-05T00:06:29.3711496Z Ran golangci-lint in 16570ms
Backend (Go)	GolangCI-Lint	2026-04-05T00:06:29.3711931Z ##[endgroup]
