Backend (Go)	UNKNOWN STEP	﻿2026-04-04T15:16:06.1540730Z Current runner version: '2.333.1'
Backend (Go)	UNKNOWN STEP	2026-04-04T15:16:06.1566667Z ##[group]Runner Image Provisioner
Backend (Go)	UNKNOWN STEP	2026-04-04T15:16:06.1567448Z Hosted Compute Agent
Backend (Go)	UNKNOWN STEP	2026-04-04T15:16:06.1567968Z Version: 20260213.493
Backend (Go)	UNKNOWN STEP	2026-04-04T15:16:06.1568540Z Commit: 5c115507f6dd24b8de37d8bbe0bb4509d0cc0fa3
Backend (Go)	UNKNOWN STEP	2026-04-04T15:16:06.1569192Z Build Date: 2026-02-13T00:28:41Z
Backend (Go)	UNKNOWN STEP	2026-04-04T15:16:06.1569784Z Worker ID: {7c13307f-16ca-42b3-9c98-5d3fd6b12c09}
Backend (Go)	UNKNOWN STEP	2026-04-04T15:16:06.1570381Z Azure Region: northcentralus
Backend (Go)	UNKNOWN STEP	2026-04-04T15:16:06.1571166Z ##[endgroup]
Backend (Go)	UNKNOWN STEP	2026-04-04T15:16:06.1572480Z ##[group]Operating System
Backend (Go)	UNKNOWN STEP	2026-04-04T15:16:06.1573049Z Ubuntu
Backend (Go)	UNKNOWN STEP	2026-04-04T15:16:06.1573490Z 24.04.4
Backend (Go)	UNKNOWN STEP	2026-04-04T15:16:06.1573926Z LTS
Backend (Go)	UNKNOWN STEP	2026-04-04T15:16:06.1574352Z ##[endgroup]
Backend (Go)	UNKNOWN STEP	2026-04-04T15:16:06.1574773Z ##[group]Runner Image
Backend (Go)	UNKNOWN STEP	2026-04-04T15:16:06.1575289Z Image: ubuntu-24.04
Backend (Go)	UNKNOWN STEP	2026-04-04T15:16:06.1575748Z Version: 20260329.72.1
Backend (Go)	UNKNOWN STEP	2026-04-04T15:16:06.1576853Z Included Software: https://github.com/actions/runner-images/blob/ubuntu24/20260329.72/images/ubuntu/Ubuntu2404-Readme.md
Backend (Go)	UNKNOWN STEP	2026-04-04T15:16:06.1578107Z Image Release: https://github.com/actions/runner-images/releases/tag/ubuntu24%2F20260329.72
Backend (Go)	UNKNOWN STEP	2026-04-04T15:16:06.1578955Z ##[endgroup]
Backend (Go)	UNKNOWN STEP	2026-04-04T15:16:06.1579906Z ##[group]GITHUB_TOKEN Permissions
Backend (Go)	UNKNOWN STEP	2026-04-04T15:16:06.1582027Z Contents: read
Backend (Go)	UNKNOWN STEP	2026-04-04T15:16:06.1582614Z Metadata: read
Backend (Go)	UNKNOWN STEP	2026-04-04T15:16:06.1583032Z Packages: read
Backend (Go)	UNKNOWN STEP	2026-04-04T15:16:06.1583486Z ##[endgroup]
Backend (Go)	UNKNOWN STEP	2026-04-04T15:16:06.1585461Z Secret source: None
Backend (Go)	UNKNOWN STEP	2026-04-04T15:16:06.1586133Z Prepare workflow directory
Backend (Go)	UNKNOWN STEP	2026-04-04T15:16:06.2080436Z Prepare all required actions
Backend (Go)	UNKNOWN STEP	2026-04-04T15:16:06.2138600Z Getting action download info
Backend (Go)	UNKNOWN STEP	2026-04-04T15:16:06.5383429Z Download action repository 'actions/checkout@v4' (SHA:34e114876b0b11c390a56381ad16ebd13914f8d5)
Backend (Go)	UNKNOWN STEP	2026-04-04T15:16:06.6750584Z Download action repository 'actions/setup-go@v5' (SHA:40f1582b2485089dde7abd97c1529aa768e1baff)
Backend (Go)	UNKNOWN STEP	2026-04-04T15:16:07.2069776Z Download action repository 'golangci/golangci-lint-action@v4' (SHA:d6238b002a20823d52840fda27e2d4891c5952dc)
Backend (Go)	UNKNOWN STEP	2026-04-04T15:16:07.7227665Z Download action repository 'securego/gosec@master' (SHA:1af5d582f8fa08ac6621ccc1168b4d3d9d2b2eec)
Backend (Go)	UNKNOWN STEP	2026-04-04T15:16:08.2802845Z Complete job name: Backend (Go)
Backend (Go)	UNKNOWN STEP	2026-04-04T15:16:08.3403648Z ##[group]Pull down action image 'ghcr.io/securego/gosec:2.25.0'
Backend (Go)	UNKNOWN STEP	2026-04-04T15:16:08.3472696Z ##[command]/usr/bin/docker pull ghcr.io/securego/gosec:2.25.0
Backend (Go)	UNKNOWN STEP	2026-04-04T15:16:08.8671675Z 2.25.0: Pulling from securego/gosec
Backend (Go)	UNKNOWN STEP	2026-04-04T15:16:08.9758681Z 589002ba0eae: Already exists
Backend (Go)	UNKNOWN STEP	2026-04-04T15:16:08.9777605Z 644a983862e3: Pulling fs layer
Backend (Go)	UNKNOWN STEP	2026-04-04T15:16:08.9778960Z 6fbff1d4eb7e: Pulling fs layer
Backend (Go)	UNKNOWN STEP	2026-04-04T15:16:08.9780220Z 13ee208a3600: Pulling fs layer
Backend (Go)	UNKNOWN STEP	2026-04-04T15:16:08.9781405Z 4f4fb700ef54: Pulling fs layer
Backend (Go)	UNKNOWN STEP	2026-04-04T15:16:08.9782418Z 8e4ca6825065: Pulling fs layer
Backend (Go)	UNKNOWN STEP	2026-04-04T15:16:08.9783384Z 2de8f3bc93bb: Pulling fs layer
Backend (Go)	UNKNOWN STEP	2026-04-04T15:16:08.9784277Z 19c9efa60884: Pulling fs layer
Backend (Go)	UNKNOWN STEP	2026-04-04T15:16:08.9785158Z 4f4fb700ef54: Waiting
Backend (Go)	UNKNOWN STEP	2026-04-04T15:16:08.9786040Z 8e4ca6825065: Waiting
Backend (Go)	UNKNOWN STEP	2026-04-04T15:16:08.9786908Z 2de8f3bc93bb: Waiting
Backend (Go)	UNKNOWN STEP	2026-04-04T15:16:08.9787757Z 19c9efa60884: Waiting
Backend (Go)	UNKNOWN STEP	2026-04-04T15:16:09.0926053Z 644a983862e3: Verifying Checksum
Backend (Go)	UNKNOWN STEP	2026-04-04T15:16:09.0931791Z 644a983862e3: Download complete
Backend (Go)	UNKNOWN STEP	2026-04-04T15:16:09.0935796Z 13ee208a3600: Verifying Checksum
Backend (Go)	UNKNOWN STEP	2026-04-04T15:16:09.0937387Z 13ee208a3600: Download complete
Backend (Go)	UNKNOWN STEP	2026-04-04T15:16:09.2059618Z 4f4fb700ef54: Verifying Checksum
Backend (Go)	UNKNOWN STEP	2026-04-04T15:16:09.2062180Z 4f4fb700ef54: Download complete
Backend (Go)	UNKNOWN STEP	2026-04-04T15:16:09.2713600Z 6fbff1d4eb7e: Verifying Checksum
Backend (Go)	UNKNOWN STEP	2026-04-04T15:16:09.2719176Z 6fbff1d4eb7e: Download complete
Backend (Go)	UNKNOWN STEP	2026-04-04T15:16:09.3758037Z 2de8f3bc93bb: Verifying Checksum
Backend (Go)	UNKNOWN STEP	2026-04-04T15:16:09.3759303Z 2de8f3bc93bb: Download complete
Backend (Go)	UNKNOWN STEP	2026-04-04T15:16:09.4775341Z 19c9efa60884: Verifying Checksum
Backend (Go)	UNKNOWN STEP	2026-04-04T15:16:09.4781331Z 19c9efa60884: Download complete
Backend (Go)	UNKNOWN STEP	2026-04-04T15:16:09.5383802Z 8e4ca6825065: Verifying Checksum
Backend (Go)	UNKNOWN STEP	2026-04-04T15:16:11.9823390Z 644a983862e3: Pull complete
Backend (Go)	UNKNOWN STEP	2026-04-04T15:16:15.7501507Z 6fbff1d4eb7e: Pull complete
Backend (Go)	UNKNOWN STEP	2026-04-04T15:16:15.7850586Z 13ee208a3600: Pull complete
Backend (Go)	UNKNOWN STEP	2026-04-04T15:16:15.7942525Z 4f4fb700ef54: Pull complete
Backend (Go)	UNKNOWN STEP	2026-04-04T15:16:17.2293012Z 8e4ca6825065: Pull complete
Backend (Go)	UNKNOWN STEP	2026-04-04T15:16:17.4289221Z 2de8f3bc93bb: Pull complete
Backend (Go)	UNKNOWN STEP	2026-04-04T15:16:17.4384192Z 19c9efa60884: Pull complete
Backend (Go)	UNKNOWN STEP	2026-04-04T15:16:17.4426709Z Digest: sha256:a735b6eedb06d3bc95d196b4320d1f3829caa0ee009e4b4749917cdd070ab026
Backend (Go)	UNKNOWN STEP	2026-04-04T15:16:17.4436670Z Status: Downloaded newer image for ghcr.io/securego/gosec:2.25.0
Backend (Go)	UNKNOWN STEP	2026-04-04T15:16:17.4453815Z ghcr.io/securego/gosec:2.25.0
Backend (Go)	UNKNOWN STEP	2026-04-04T15:16:17.4480287Z ##[endgroup]
Backend (Go)	UNKNOWN STEP	2026-04-04T15:16:17.4760313Z ##[group]Run actions/checkout@v4
Backend (Go)	UNKNOWN STEP	2026-04-04T15:16:17.4761002Z with:
Backend (Go)	UNKNOWN STEP	2026-04-04T15:16:17.4761280Z   repository: fkcurrie/utba-swarmmap
Backend (Go)	UNKNOWN STEP	2026-04-04T15:16:17.4761824Z   token: ***
Backend (Go)	UNKNOWN STEP	2026-04-04T15:16:17.4762069Z   ssh-strict: true
Backend (Go)	UNKNOWN STEP	2026-04-04T15:16:17.4762279Z   ssh-user: git
Backend (Go)	UNKNOWN STEP	2026-04-04T15:16:17.4762484Z   persist-credentials: true
Backend (Go)	UNKNOWN STEP	2026-04-04T15:16:17.4762724Z   clean: true
Backend (Go)	UNKNOWN STEP	2026-04-04T15:16:17.4762934Z   sparse-checkout-cone-mode: true
Backend (Go)	UNKNOWN STEP	2026-04-04T15:16:17.4763209Z   fetch-depth: 1
Backend (Go)	UNKNOWN STEP	2026-04-04T15:16:17.4763392Z   fetch-tags: false
Backend (Go)	UNKNOWN STEP	2026-04-04T15:16:17.4763589Z   show-progress: true
Backend (Go)	UNKNOWN STEP	2026-04-04T15:16:17.4763791Z   lfs: false
Backend (Go)	UNKNOWN STEP	2026-04-04T15:16:17.4763977Z   submodules: false
Backend (Go)	UNKNOWN STEP	2026-04-04T15:16:17.4764187Z   set-safe-directory: true
Backend (Go)	UNKNOWN STEP	2026-04-04T15:16:17.4764779Z ##[endgroup]
Backend (Go)	UNKNOWN STEP	2026-04-04T15:16:17.5847407Z Syncing repository: fkcurrie/utba-swarmmap
Backend (Go)	UNKNOWN STEP	2026-04-04T15:16:17.5849686Z ##[group]Getting Git version info
Backend (Go)	UNKNOWN STEP	2026-04-04T15:16:17.5850609Z Working directory is '/home/runner/work/utba-swarmmap/utba-swarmmap'
Backend (Go)	UNKNOWN STEP	2026-04-04T15:16:17.5851568Z [command]/usr/bin/git version
Backend (Go)	UNKNOWN STEP	2026-04-04T15:16:17.5865314Z git version 2.53.0
Backend (Go)	UNKNOWN STEP	2026-04-04T15:16:17.5889549Z ##[endgroup]
Backend (Go)	UNKNOWN STEP	2026-04-04T15:16:17.5904035Z Temporarily overriding HOME='/home/runner/work/_temp/817fccef-71b4-4a1c-91bb-26dbc16ed683' before making global git config changes
Backend (Go)	UNKNOWN STEP	2026-04-04T15:16:17.5904800Z Adding repository directory to the temporary git global config as a safe directory
Backend (Go)	UNKNOWN STEP	2026-04-04T15:16:17.5909422Z [command]/usr/bin/git config --global --add safe.directory /home/runner/work/utba-swarmmap/utba-swarmmap
Backend (Go)	UNKNOWN STEP	2026-04-04T15:16:17.5938858Z Deleting the contents of '/home/runner/work/utba-swarmmap/utba-swarmmap'
Backend (Go)	UNKNOWN STEP	2026-04-04T15:16:17.5941856Z ##[group]Initializing the repository
Backend (Go)	UNKNOWN STEP	2026-04-04T15:16:17.5946054Z [command]/usr/bin/git init /home/runner/work/utba-swarmmap/utba-swarmmap
Backend (Go)	UNKNOWN STEP	2026-04-04T15:16:17.6011821Z hint: Using 'master' as the name for the initial branch. This default branch name
Backend (Go)	UNKNOWN STEP	2026-04-04T15:16:17.6012803Z hint: will change to "main" in Git 3.0. To configure the initial branch name
Backend (Go)	UNKNOWN STEP	2026-04-04T15:16:17.6013597Z hint: to use in all of your new repositories, which will suppress this warning,
Backend (Go)	UNKNOWN STEP	2026-04-04T15:16:17.6014168Z hint: call:
Backend (Go)	UNKNOWN STEP	2026-04-04T15:16:17.6014427Z hint:
Backend (Go)	UNKNOWN STEP	2026-04-04T15:16:17.6014895Z hint: 	git config --global init.defaultBranch <name>
Backend (Go)	UNKNOWN STEP	2026-04-04T15:16:17.6015361Z hint:
Backend (Go)	UNKNOWN STEP	2026-04-04T15:16:17.6015820Z hint: Names commonly chosen instead of 'master' are 'main', 'trunk' and
Backend (Go)	UNKNOWN STEP	2026-04-04T15:16:17.6016595Z hint: 'development'. The just-created branch can be renamed via this command:
Backend (Go)	UNKNOWN STEP	2026-04-04T15:16:17.6017210Z hint:
Backend (Go)	UNKNOWN STEP	2026-04-04T15:16:17.6017511Z hint: 	git branch -m <name>
Backend (Go)	UNKNOWN STEP	2026-04-04T15:16:17.6017838Z hint:
Backend (Go)	UNKNOWN STEP	2026-04-04T15:16:17.6018346Z hint: Disable this message with "git config set advice.defaultBranchName false"
Backend (Go)	UNKNOWN STEP	2026-04-04T15:16:17.6019206Z Initialized empty Git repository in /home/runner/work/utba-swarmmap/utba-swarmmap/.git/
Backend (Go)	UNKNOWN STEP	2026-04-04T15:16:17.6025533Z [command]/usr/bin/git remote add origin https://github.com/fkcurrie/utba-swarmmap
Backend (Go)	UNKNOWN STEP	2026-04-04T15:16:17.6050730Z ##[endgroup]
Backend (Go)	UNKNOWN STEP	2026-04-04T15:16:17.6051503Z ##[group]Disabling automatic garbage collection
Backend (Go)	UNKNOWN STEP	2026-04-04T15:16:17.6055898Z [command]/usr/bin/git config --local gc.auto 0
Backend (Go)	UNKNOWN STEP	2026-04-04T15:16:17.6078910Z ##[endgroup]
Backend (Go)	UNKNOWN STEP	2026-04-04T15:16:17.6079516Z ##[group]Setting up auth
Backend (Go)	UNKNOWN STEP	2026-04-04T15:16:17.6086841Z [command]/usr/bin/git config --local --name-only --get-regexp core\.sshCommand
Backend (Go)	UNKNOWN STEP	2026-04-04T15:16:17.6111974Z [command]/usr/bin/git submodule foreach --recursive sh -c "git config --local --name-only --get-regexp 'core\.sshCommand' && git config --local --unset-all 'core.sshCommand' || :"
Backend (Go)	UNKNOWN STEP	2026-04-04T15:16:17.6358769Z [command]/usr/bin/git config --local --name-only --get-regexp http\.https\:\/\/github\.com\/\.extraheader
Backend (Go)	UNKNOWN STEP	2026-04-04T15:16:17.6384571Z [command]/usr/bin/git submodule foreach --recursive sh -c "git config --local --name-only --get-regexp 'http\.https\:\/\/github\.com\/\.extraheader' && git config --local --unset-all 'http.https://github.com/.extraheader' || :"
Backend (Go)	UNKNOWN STEP	2026-04-04T15:16:17.6561403Z [command]/usr/bin/git config --local --name-only --get-regexp ^includeIf\.gitdir:
Backend (Go)	UNKNOWN STEP	2026-04-04T15:16:17.6585159Z [command]/usr/bin/git submodule foreach --recursive git config --local --show-origin --name-only --get-regexp remote.origin.url
Backend (Go)	UNKNOWN STEP	2026-04-04T15:16:17.6755846Z [command]/usr/bin/git config --local http.https://github.com/.extraheader AUTHORIZATION: basic ***
Backend (Go)	UNKNOWN STEP	2026-04-04T15:16:17.6783452Z ##[endgroup]
Backend (Go)	UNKNOWN STEP	2026-04-04T15:16:17.6783955Z ##[group]Fetching the repository
Backend (Go)	UNKNOWN STEP	2026-04-04T15:16:17.6791534Z [command]/usr/bin/git -c protocol.version=2 fetch --no-tags --prune --no-recurse-submodules --depth=1 origin +0715c1995a255b1352c4676cb9b6a67af6672538:refs/remotes/pull/27/merge
Backend (Go)	UNKNOWN STEP	2026-04-04T15:16:18.0829275Z From https://github.com/fkcurrie/utba-swarmmap
Backend (Go)	UNKNOWN STEP	2026-04-04T15:16:18.0831479Z  * [new ref]         0715c1995a255b1352c4676cb9b6a67af6672538 -> pull/27/merge
Backend (Go)	UNKNOWN STEP	2026-04-04T15:16:18.0858825Z ##[endgroup]
Backend (Go)	UNKNOWN STEP	2026-04-04T15:16:18.0859402Z ##[group]Determining the checkout info
Backend (Go)	UNKNOWN STEP	2026-04-04T15:16:18.0861945Z ##[endgroup]
Backend (Go)	UNKNOWN STEP	2026-04-04T15:16:18.0867979Z [command]/usr/bin/git sparse-checkout disable
Backend (Go)	UNKNOWN STEP	2026-04-04T15:16:18.0903998Z [command]/usr/bin/git config --local --unset-all extensions.worktreeConfig
Backend (Go)	UNKNOWN STEP	2026-04-04T15:16:18.0928357Z ##[group]Checking out the ref
Backend (Go)	UNKNOWN STEP	2026-04-04T15:16:18.0933368Z [command]/usr/bin/git checkout --progress --force refs/remotes/pull/27/merge
Backend (Go)	UNKNOWN STEP	2026-04-04T15:16:18.1142506Z Note: switching to 'refs/remotes/pull/27/merge'.
Backend (Go)	UNKNOWN STEP	2026-04-04T15:16:18.1144398Z 
Backend (Go)	UNKNOWN STEP	2026-04-04T15:16:18.1144945Z You are in 'detached HEAD' state. You can look around, make experimental
Backend (Go)	UNKNOWN STEP	2026-04-04T15:16:18.1145682Z changes and commit them, and you can discard any commits you make in this
Backend (Go)	UNKNOWN STEP	2026-04-04T15:16:18.1146316Z state without impacting any branches by switching back to a branch.
Backend (Go)	UNKNOWN STEP	2026-04-04T15:16:18.1146709Z 
Backend (Go)	UNKNOWN STEP	2026-04-04T15:16:18.1146979Z If you want to create a new branch to retain commits you create, you may
Backend (Go)	UNKNOWN STEP	2026-04-04T15:16:18.1147588Z do so (now or later) by using -c with the switch command. Example:
Backend (Go)	UNKNOWN STEP	2026-04-04T15:16:18.1147938Z 
Backend (Go)	UNKNOWN STEP	2026-04-04T15:16:18.1148110Z   git switch -c <new-branch-name>
Backend (Go)	UNKNOWN STEP	2026-04-04T15:16:18.1148348Z 
Backend (Go)	UNKNOWN STEP	2026-04-04T15:16:18.1148473Z Or undo this operation with:
Backend (Go)	UNKNOWN STEP	2026-04-04T15:16:18.1148673Z 
Backend (Go)	UNKNOWN STEP	2026-04-04T15:16:18.1148783Z   git switch -
Backend (Go)	UNKNOWN STEP	2026-04-04T15:16:18.1148955Z 
Backend (Go)	UNKNOWN STEP	2026-04-04T15:16:18.1149206Z Turn off this advice by setting config variable advice.detachedHead to false
Backend (Go)	UNKNOWN STEP	2026-04-04T15:16:18.1149613Z 
Backend (Go)	UNKNOWN STEP	2026-04-04T15:16:18.1150086Z HEAD is now at 0715c19 Merge a252a61b77ed86b1c3be02cd42bf9e90f58ce5d0 into ce8c646a1e1a3155ecfdd83f5a8af5e375dad3a3
Backend (Go)	UNKNOWN STEP	2026-04-04T15:16:18.1151985Z ##[endgroup]
Backend (Go)	UNKNOWN STEP	2026-04-04T15:16:18.1188068Z [command]/usr/bin/git log -1 --format=%H
Backend (Go)	UNKNOWN STEP	2026-04-04T15:16:18.1208476Z 0715c1995a255b1352c4676cb9b6a67af6672538
Backend (Go)	UNKNOWN STEP	2026-04-04T15:16:18.1404443Z ##[group]Run actions/setup-go@v5
Backend (Go)	UNKNOWN STEP	2026-04-04T15:16:18.1404711Z with:
Backend (Go)	UNKNOWN STEP	2026-04-04T15:16:18.1404909Z   go-version: 1.23
Backend (Go)	UNKNOWN STEP	2026-04-04T15:16:18.1405126Z   cache-dependency-path: backend/go.mod
Backend (Go)	UNKNOWN STEP	2026-04-04T15:16:18.1405401Z   check-latest: false
Backend (Go)	UNKNOWN STEP	2026-04-04T15:16:18.1405746Z   token: ***
Backend (Go)	UNKNOWN STEP	2026-04-04T15:16:18.1405918Z   cache: true
Backend (Go)	UNKNOWN STEP	2026-04-04T15:16:18.1406099Z ##[endgroup]
Backend (Go)	UNKNOWN STEP	2026-04-04T15:16:18.2982813Z Setup go version spec 1.23
Backend (Go)	UNKNOWN STEP	2026-04-04T15:16:18.3042169Z Found in cache @ /opt/hostedtoolcache/go/1.23.12/x64
Backend (Go)	UNKNOWN STEP	2026-04-04T15:16:18.3046224Z Added go to the path
Backend (Go)	UNKNOWN STEP	2026-04-04T15:16:18.3050131Z Successfully set up Go version 1.23
Backend (Go)	UNKNOWN STEP	2026-04-04T15:16:18.7321386Z [command]/opt/hostedtoolcache/go/1.23.12/x64/bin/go env GOMODCACHE
Backend (Go)	UNKNOWN STEP	2026-04-04T15:16:18.7348731Z [command]/opt/hostedtoolcache/go/1.23.12/x64/bin/go env GOCACHE
Backend (Go)	UNKNOWN STEP	2026-04-04T15:16:18.7368175Z /home/runner/go/pkg/mod
Backend (Go)	UNKNOWN STEP	2026-04-04T15:16:18.7395632Z /home/runner/.cache/go-build
Backend (Go)	UNKNOWN STEP	2026-04-04T15:16:18.8828939Z Cache is not found
Backend (Go)	UNKNOWN STEP	2026-04-04T15:16:18.8854253Z go version go1.23.12 linux/amd64
Backend (Go)	UNKNOWN STEP	2026-04-04T15:16:18.8854460Z 
Backend (Go)	UNKNOWN STEP	2026-04-04T15:16:18.8854759Z ##[group]go env
Backend (Go)	UNKNOWN STEP	2026-04-04T15:16:18.9914958Z GO111MODULE=''
Backend (Go)	UNKNOWN STEP	2026-04-04T15:16:18.9915288Z GOARCH='amd64'
Backend (Go)	UNKNOWN STEP	2026-04-04T15:16:18.9915656Z GOBIN=''
Backend (Go)	UNKNOWN STEP	2026-04-04T15:16:18.9915961Z GOCACHE='/home/runner/.cache/go-build'
Backend (Go)	UNKNOWN STEP	2026-04-04T15:16:18.9916384Z GOENV='/home/runner/.config/go/env'
Backend (Go)	UNKNOWN STEP	2026-04-04T15:16:18.9916727Z GOEXE=''
Backend (Go)	UNKNOWN STEP	2026-04-04T15:16:18.9916969Z GOEXPERIMENT=''
Backend (Go)	UNKNOWN STEP	2026-04-04T15:16:18.9917250Z GOFLAGS=''
Backend (Go)	UNKNOWN STEP	2026-04-04T15:16:18.9917487Z GOHOSTARCH='amd64'
Backend (Go)	UNKNOWN STEP	2026-04-04T15:16:18.9917760Z GOHOSTOS='linux'
Backend (Go)	UNKNOWN STEP	2026-04-04T15:16:18.9918017Z GOINSECURE=''
Backend (Go)	UNKNOWN STEP	2026-04-04T15:16:18.9918321Z GOMODCACHE='/home/runner/go/pkg/mod'
Backend (Go)	UNKNOWN STEP	2026-04-04T15:16:18.9918671Z GONOPROXY=''
Backend (Go)	UNKNOWN STEP	2026-04-04T15:16:18.9918930Z GONOSUMDB=''
Backend (Go)	UNKNOWN STEP	2026-04-04T15:16:18.9919195Z GOOS='linux'
Backend (Go)	UNKNOWN STEP	2026-04-04T15:16:18.9919484Z GOPATH='/home/runner/go'
Backend (Go)	UNKNOWN STEP	2026-04-04T15:16:18.9919810Z GOPRIVATE=''
Backend (Go)	UNKNOWN STEP	2026-04-04T15:16:18.9920181Z GOPROXY='https://proxy.golang.org,direct'
Backend (Go)	UNKNOWN STEP	2026-04-04T15:16:18.9920671Z GOROOT='/opt/hostedtoolcache/go/1.23.12/x64'
Backend (Go)	UNKNOWN STEP	2026-04-04T15:16:18.9921617Z GOSUMDB='sum.golang.org'
Backend (Go)	UNKNOWN STEP	2026-04-04T15:16:18.9921970Z GOTMPDIR=''
Backend (Go)	UNKNOWN STEP	2026-04-04T15:16:18.9922269Z GOTOOLCHAIN='auto'
Backend (Go)	UNKNOWN STEP	2026-04-04T15:16:18.9922693Z GOTOOLDIR='/opt/hostedtoolcache/go/1.23.12/x64/pkg/tool/linux_amd64'
Backend (Go)	UNKNOWN STEP	2026-04-04T15:16:18.9923209Z GOVCS=''
Backend (Go)	UNKNOWN STEP	2026-04-04T15:16:18.9923480Z GOVERSION='go1.23.12'
Backend (Go)	UNKNOWN STEP	2026-04-04T15:16:18.9923807Z GODEBUG=''
Backend (Go)	UNKNOWN STEP	2026-04-04T15:16:18.9924064Z GOTELEMETRY='local'
Backend (Go)	UNKNOWN STEP	2026-04-04T15:16:18.9924483Z GOTELEMETRYDIR='/home/runner/.config/go/telemetry'
Backend (Go)	UNKNOWN STEP	2026-04-04T15:16:18.9924862Z GCCGO='gccgo'
Backend (Go)	UNKNOWN STEP	2026-04-04T15:16:18.9925110Z GOAMD64='v1'
Backend (Go)	UNKNOWN STEP	2026-04-04T15:16:18.9925350Z AR='ar'
Backend (Go)	UNKNOWN STEP	2026-04-04T15:16:18.9925573Z CC='gcc'
Backend (Go)	UNKNOWN STEP	2026-04-04T15:16:18.9925812Z CXX='g++'
Backend (Go)	UNKNOWN STEP	2026-04-04T15:16:18.9926042Z CGO_ENABLED='1'
Backend (Go)	UNKNOWN STEP	2026-04-04T15:16:18.9926282Z GOMOD='/dev/null'
Backend (Go)	UNKNOWN STEP	2026-04-04T15:16:18.9926568Z GOWORK=''
Backend (Go)	UNKNOWN STEP	2026-04-04T15:16:18.9926811Z CGO_CFLAGS='-O2 -g'
Backend (Go)	UNKNOWN STEP	2026-04-04T15:16:18.9927113Z CGO_CPPFLAGS=''
Backend (Go)	UNKNOWN STEP	2026-04-04T15:16:18.9927382Z CGO_CXXFLAGS='-O2 -g'
Backend (Go)	UNKNOWN STEP	2026-04-04T15:16:18.9927668Z CGO_FFLAGS='-O2 -g'
Backend (Go)	UNKNOWN STEP	2026-04-04T15:16:18.9927935Z CGO_LDFLAGS='-O2 -g'
Backend (Go)	UNKNOWN STEP	2026-04-04T15:16:18.9928213Z PKG_CONFIG='pkg-config'
Backend (Go)	UNKNOWN STEP	2026-04-04T15:16:18.9929230Z GOGCCFLAGS='-fPIC -m64 -pthread -Wl,--no-gc-sections -fmessage-length=0 -ffile-prefix-map=/tmp/go-build920035779=/tmp/go-build -gno-record-gcc-switches'
Backend (Go)	UNKNOWN STEP	2026-04-04T15:16:18.9930129Z 
Backend (Go)	UNKNOWN STEP	2026-04-04T15:16:18.9930716Z ##[endgroup]
Backend (Go)	UNKNOWN STEP	2026-04-04T15:16:19.0017960Z ##[group]Run go fmt ./...
Backend (Go)	UNKNOWN STEP	2026-04-04T15:16:19.0018302Z [36;1mgo fmt ./...[0m
Backend (Go)	UNKNOWN STEP	2026-04-04T15:16:19.0043286Z shell: /usr/bin/bash -e {0}
Backend (Go)	UNKNOWN STEP	2026-04-04T15:16:19.0043548Z ##[endgroup]
Backend (Go)	UNKNOWN STEP	2026-04-04T15:16:19.0293324Z go: downloading cloud.google.com/go/firestore v1.14.0
Backend (Go)	UNKNOWN STEP	2026-04-04T15:16:19.0294221Z go: downloading cloud.google.com/go/storage v1.36.0
Backend (Go)	UNKNOWN STEP	2026-04-04T15:16:19.1002765Z go: downloading github.com/google/uuid v1.5.0
Backend (Go)	UNKNOWN STEP	2026-04-04T15:16:19.1115839Z go: downloading google.golang.org/api v0.155.0
Backend (Go)	UNKNOWN STEP	2026-04-04T15:16:19.1182542Z go: downloading google.golang.org/grpc v1.60.1
Backend (Go)	UNKNOWN STEP	2026-04-04T15:16:19.1282041Z go: downloading cloud.google.com/go v0.110.10
Backend (Go)	UNKNOWN STEP	2026-04-04T15:16:19.4414225Z go: downloading golang.org/x/oauth2 v0.15.0
Backend (Go)	UNKNOWN STEP	2026-04-04T15:16:20.3012231Z go: downloading github.com/golang/protobuf v1.5.3
Backend (Go)	UNKNOWN STEP	2026-04-04T15:16:20.3287149Z go: downloading github.com/googleapis/gax-go/v2 v2.12.0
Backend (Go)	UNKNOWN STEP	2026-04-04T15:16:20.3288450Z go: downloading golang.org/x/time v0.5.0
Backend (Go)	UNKNOWN STEP	2026-04-04T15:16:21.5986437Z go: downloading google.golang.org/genproto v0.0.0-20231211222908-989df2bf70f3
Backend (Go)	UNKNOWN STEP	2026-04-04T15:16:21.5987281Z go: downloading google.golang.org/protobuf v1.36.11
Backend (Go)	UNKNOWN STEP	2026-04-04T15:16:21.6501287Z go: downloading cloud.google.com/go/compute/metadata v0.2.3
Backend (Go)	UNKNOWN STEP	2026-04-04T15:16:21.6565082Z go: downloading cloud.google.com/go/compute v1.23.3
Backend (Go)	UNKNOWN STEP	2026-04-04T15:16:21.7588208Z go: downloading cloud.google.com/go/iam v1.1.5
Backend (Go)	UNKNOWN STEP	2026-04-04T15:16:22.0080047Z go: downloading google.golang.org/genproto/googleapis/rpc v0.0.0-20231212172506-995d672761c0
Backend (Go)	UNKNOWN STEP	2026-04-04T15:16:23.5459312Z go: downloading cloud.google.com/go/longrunning v0.5.4
Backend (Go)	UNKNOWN STEP	2026-04-04T15:16:23.5573205Z go: downloading google.golang.org/genproto/googleapis/api v0.0.0-20231211222908-989df2bf70f3
Backend (Go)	UNKNOWN STEP	2026-04-04T15:16:23.5825654Z go: downloading go.opencensus.io v0.24.0
Backend (Go)	UNKNOWN STEP	2026-04-04T15:16:23.6218561Z go: downloading golang.org/x/xerrors v0.0.0-20231012003039-104605ab7028
Backend (Go)	UNKNOWN STEP	2026-04-04T15:16:23.7013008Z go: downloading golang.org/x/net v0.52.0
Backend (Go)	UNKNOWN STEP	2026-04-04T15:16:23.7141890Z go: downloading golang.org/x/sync v0.20.0
Backend (Go)	UNKNOWN STEP	2026-04-04T15:16:23.7827123Z go: downloading go.opentelemetry.io/contrib/instrumentation/net/http/otelhttp v0.46.1
Backend (Go)	UNKNOWN STEP	2026-04-04T15:16:23.9857669Z go: downloading golang.org/x/sys v0.42.0
Backend (Go)	UNKNOWN STEP	2026-04-04T15:16:24.1050088Z go: downloading go.opentelemetry.io/contrib/instrumentation/google.golang.org/grpc/otelgrpc v0.46.1
Backend (Go)	UNKNOWN STEP	2026-04-04T15:16:24.1163752Z go: downloading github.com/golang/groupcache v0.0.0-20210331224755-41bb18bfe9da
Backend (Go)	UNKNOWN STEP	2026-04-04T15:16:24.1253411Z go: downloading github.com/google/s2a-go v0.1.7
Backend (Go)	UNKNOWN STEP	2026-04-04T15:16:24.1611902Z go: downloading github.com/felixge/httpsnoop v1.0.4
Backend (Go)	UNKNOWN STEP	2026-04-04T15:16:24.1692656Z go: downloading go.opentelemetry.io/otel v1.21.0
Backend (Go)	UNKNOWN STEP	2026-04-04T15:16:24.1884880Z go: downloading go.opentelemetry.io/otel/metric v1.21.0
Backend (Go)	UNKNOWN STEP	2026-04-04T15:16:24.2468288Z go: downloading go.opentelemetry.io/otel/trace v1.21.0
Backend (Go)	UNKNOWN STEP	2026-04-04T15:16:24.2476429Z go: downloading github.com/googleapis/enterprise-certificate-proxy v0.3.2
Backend (Go)	UNKNOWN STEP	2026-04-04T15:16:24.3839530Z go: downloading github.com/go-logr/logr v1.3.0
Backend (Go)	UNKNOWN STEP	2026-04-04T15:16:24.4227852Z go: downloading github.com/go-logr/stdr v1.2.2
Backend (Go)	UNKNOWN STEP	2026-04-04T15:16:24.4420048Z go: downloading golang.org/x/crypto v0.49.0
Backend (Go)	UNKNOWN STEP	2026-04-04T15:16:24.5458353Z go: golang.org/x/sync@v0.20.0 requires go >= 1.25.0 (running go 1.23.12)
Backend (Go)	UNKNOWN STEP	2026-04-04T15:16:24.5489575Z ##[error]Process completed with exit code 1.
Backend (Go)	UNKNOWN STEP	2026-04-04T15:16:24.5619514Z Post job cleanup.
Backend (Go)	UNKNOWN STEP	2026-04-04T15:16:24.6535514Z [command]/usr/bin/git version
Backend (Go)	UNKNOWN STEP	2026-04-04T15:16:24.6569077Z git version 2.53.0
Backend (Go)	UNKNOWN STEP	2026-04-04T15:16:24.6616302Z Temporarily overriding HOME='/home/runner/work/_temp/00c73679-ad22-4601-a109-e7d959f041e5' before making global git config changes
Backend (Go)	UNKNOWN STEP	2026-04-04T15:16:24.6617254Z Adding repository directory to the temporary git global config as a safe directory
Backend (Go)	UNKNOWN STEP	2026-04-04T15:16:24.6622078Z [command]/usr/bin/git config --global --add safe.directory /home/runner/work/utba-swarmmap/utba-swarmmap
Backend (Go)	UNKNOWN STEP	2026-04-04T15:16:24.6651616Z [command]/usr/bin/git config --local --name-only --get-regexp core\.sshCommand
Backend (Go)	UNKNOWN STEP	2026-04-04T15:16:24.6678464Z [command]/usr/bin/git submodule foreach --recursive sh -c "git config --local --name-only --get-regexp 'core\.sshCommand' && git config --local --unset-all 'core.sshCommand' || :"
Backend (Go)	UNKNOWN STEP	2026-04-04T15:16:24.6851694Z [command]/usr/bin/git config --local --name-only --get-regexp http\.https\:\/\/github\.com\/\.extraheader
Backend (Go)	UNKNOWN STEP	2026-04-04T15:16:24.6868219Z http.https://github.com/.extraheader
Backend (Go)	UNKNOWN STEP	2026-04-04T15:16:24.6878390Z [command]/usr/bin/git config --local --unset-all http.https://github.com/.extraheader
Backend (Go)	UNKNOWN STEP	2026-04-04T15:16:24.6902609Z [command]/usr/bin/git submodule foreach --recursive sh -c "git config --local --name-only --get-regexp 'http\.https\:\/\/github\.com\/\.extraheader' && git config --local --unset-all 'http.https://github.com/.extraheader' || :"
Backend (Go)	UNKNOWN STEP	2026-04-04T15:16:24.7072098Z [command]/usr/bin/git config --local --name-only --get-regexp ^includeIf\.gitdir:
Backend (Go)	UNKNOWN STEP	2026-04-04T15:16:24.7098206Z [command]/usr/bin/git submodule foreach --recursive git config --local --show-origin --name-only --get-regexp remote.origin.url
Backend (Go)	UNKNOWN STEP	2026-04-04T15:16:24.7374092Z Cleaning up orphan processes
Backend (Go)	UNKNOWN STEP	2026-04-04T15:16:24.7699118Z ##[warning]Node.js 20 actions are deprecated. The following actions are running on Node.js 20 and may not work as expected: actions/checkout@v4, actions/setup-go@v5. Actions will be forced to run with Node.js 24 by default starting June 2nd, 2026. Node.js 20 will be removed from the runner on September 16th, 2026. Please check if updated versions of these actions are available that support Node.js 24. To opt into Node.js 24 now, set the FORCE_JAVASCRIPT_ACTIONS_TO_NODE24=true environment variable on the runner or in your workflow file. Once Node.js 24 becomes the default, you can temporarily opt out by setting ACTIONS_ALLOW_USE_UNSECURE_NODE_VERSION=true. For more information see: https://github.blog/changelog/2025-09-19-deprecation-of-node-20-on-github-actions-runners/
