Backend (Go)	UNKNOWN STEP	﻿2026-04-04T15:50:28.6267907Z Current runner version: '2.333.1'
Backend (Go)	UNKNOWN STEP	2026-04-04T15:50:28.6294887Z ##[group]Runner Image Provisioner
Backend (Go)	UNKNOWN STEP	2026-04-04T15:50:28.6295691Z Hosted Compute Agent
Backend (Go)	UNKNOWN STEP	2026-04-04T15:50:28.6296352Z Version: 20260213.493
Backend (Go)	UNKNOWN STEP	2026-04-04T15:50:28.6297047Z Commit: 5c115507f6dd24b8de37d8bbe0bb4509d0cc0fa3
Backend (Go)	UNKNOWN STEP	2026-04-04T15:50:28.6297698Z Build Date: 2026-02-13T00:28:41Z
Backend (Go)	UNKNOWN STEP	2026-04-04T15:50:28.6298411Z Worker ID: {bed9e0d0-d447-4fd7-935a-3f72b3dd4040}
Backend (Go)	UNKNOWN STEP	2026-04-04T15:50:28.6299053Z Azure Region: westus3
Backend (Go)	UNKNOWN STEP	2026-04-04T15:50:28.6299781Z ##[endgroup]
Backend (Go)	UNKNOWN STEP	2026-04-04T15:50:28.6301317Z ##[group]Operating System
Backend (Go)	UNKNOWN STEP	2026-04-04T15:50:28.6301891Z Ubuntu
Backend (Go)	UNKNOWN STEP	2026-04-04T15:50:28.6302355Z 24.04.4
Backend (Go)	UNKNOWN STEP	2026-04-04T15:50:28.6302799Z LTS
Backend (Go)	UNKNOWN STEP	2026-04-04T15:50:28.6303269Z ##[endgroup]
Backend (Go)	UNKNOWN STEP	2026-04-04T15:50:28.6303718Z ##[group]Runner Image
Backend (Go)	UNKNOWN STEP	2026-04-04T15:50:28.6304322Z Image: ubuntu-24.04
Backend (Go)	UNKNOWN STEP	2026-04-04T15:50:28.6304802Z Version: 20260329.72.1
Backend (Go)	UNKNOWN STEP	2026-04-04T15:50:28.6305945Z Included Software: https://github.com/actions/runner-images/blob/ubuntu24/20260329.72/images/ubuntu/Ubuntu2404-Readme.md
Backend (Go)	UNKNOWN STEP	2026-04-04T15:50:28.6307439Z Image Release: https://github.com/actions/runner-images/releases/tag/ubuntu24%2F20260329.72
Backend (Go)	UNKNOWN STEP	2026-04-04T15:50:28.6308354Z ##[endgroup]
Backend (Go)	UNKNOWN STEP	2026-04-04T15:50:28.6309437Z ##[group]GITHUB_TOKEN Permissions
Backend (Go)	UNKNOWN STEP	2026-04-04T15:50:28.6311528Z Contents: read
Backend (Go)	UNKNOWN STEP	2026-04-04T15:50:28.6312026Z Metadata: read
Backend (Go)	UNKNOWN STEP	2026-04-04T15:50:28.6312631Z Packages: read
Backend (Go)	UNKNOWN STEP	2026-04-04T15:50:28.6313083Z ##[endgroup]
Backend (Go)	UNKNOWN STEP	2026-04-04T15:50:28.6315086Z Secret source: None
Backend (Go)	UNKNOWN STEP	2026-04-04T15:50:28.6315823Z Prepare workflow directory
Backend (Go)	UNKNOWN STEP	2026-04-04T15:50:28.6774208Z Prepare all required actions
Backend (Go)	UNKNOWN STEP	2026-04-04T15:50:28.6812463Z Getting action download info
Backend (Go)	UNKNOWN STEP	2026-04-04T15:50:29.1168946Z Download action repository 'actions/checkout@v4' (SHA:34e114876b0b11c390a56381ad16ebd13914f8d5)
Backend (Go)	UNKNOWN STEP	2026-04-04T15:50:29.2492366Z Download action repository 'actions/setup-go@v5' (SHA:40f1582b2485089dde7abd97c1529aa768e1baff)
Backend (Go)	UNKNOWN STEP	2026-04-04T15:50:30.3414490Z Download action repository 'golangci/golangci-lint-action@v6' (SHA:55c2c1448f86e01eaae002a5a3a9624417608d84)
Backend (Go)	UNKNOWN STEP	2026-04-04T15:50:31.4885542Z Download action repository 'securego/gosec@master' (SHA:1af5d582f8fa08ac6621ccc1168b4d3d9d2b2eec)
Backend (Go)	UNKNOWN STEP	2026-04-04T15:50:32.4531185Z Complete job name: Backend (Go)
Backend (Go)	UNKNOWN STEP	2026-04-04T15:50:32.4971481Z ##[group]Pull down action image 'ghcr.io/securego/gosec:2.25.0'
Backend (Go)	UNKNOWN STEP	2026-04-04T15:50:32.5053812Z ##[command]/usr/bin/docker pull ghcr.io/securego/gosec:2.25.0
Backend (Go)	UNKNOWN STEP	2026-04-04T15:50:33.3643135Z 2.25.0: Pulling from securego/gosec
Backend (Go)	UNKNOWN STEP	2026-04-04T15:50:33.5878596Z 589002ba0eae: Already exists
Backend (Go)	UNKNOWN STEP	2026-04-04T15:50:33.5908249Z 644a983862e3: Pulling fs layer
Backend (Go)	UNKNOWN STEP	2026-04-04T15:50:33.5909078Z 6fbff1d4eb7e: Pulling fs layer
Backend (Go)	UNKNOWN STEP	2026-04-04T15:50:33.5909452Z 13ee208a3600: Pulling fs layer
Backend (Go)	UNKNOWN STEP	2026-04-04T15:50:33.5910811Z 4f4fb700ef54: Pulling fs layer
Backend (Go)	UNKNOWN STEP	2026-04-04T15:50:33.5911230Z 8e4ca6825065: Pulling fs layer
Backend (Go)	UNKNOWN STEP	2026-04-04T15:50:33.5911899Z 2de8f3bc93bb: Pulling fs layer
Backend (Go)	UNKNOWN STEP	2026-04-04T15:50:33.5912165Z 19c9efa60884: Pulling fs layer
Backend (Go)	UNKNOWN STEP	2026-04-04T15:50:33.5912383Z 4f4fb700ef54: Waiting
Backend (Go)	UNKNOWN STEP	2026-04-04T15:50:33.5912585Z 8e4ca6825065: Waiting
Backend (Go)	UNKNOWN STEP	2026-04-04T15:50:33.5912890Z 2de8f3bc93bb: Waiting
Backend (Go)	UNKNOWN STEP	2026-04-04T15:50:33.5913106Z 19c9efa60884: Waiting
Backend (Go)	UNKNOWN STEP	2026-04-04T15:50:33.8750103Z 13ee208a3600: Verifying Checksum
Backend (Go)	UNKNOWN STEP	2026-04-04T15:50:33.8751702Z 13ee208a3600: Download complete
Backend (Go)	UNKNOWN STEP	2026-04-04T15:50:33.9127979Z 644a983862e3: Verifying Checksum
Backend (Go)	UNKNOWN STEP	2026-04-04T15:50:33.9132666Z 644a983862e3: Download complete
Backend (Go)	UNKNOWN STEP	2026-04-04T15:50:34.0966333Z 4f4fb700ef54: Download complete
Backend (Go)	UNKNOWN STEP	2026-04-04T15:50:34.5338614Z 2de8f3bc93bb: Verifying Checksum
Backend (Go)	UNKNOWN STEP	2026-04-04T15:50:34.5341078Z 2de8f3bc93bb: Download complete
Backend (Go)	UNKNOWN STEP	2026-04-04T15:50:34.8202080Z 19c9efa60884: Verifying Checksum
Backend (Go)	UNKNOWN STEP	2026-04-04T15:50:34.8202703Z 19c9efa60884: Download complete
Backend (Go)	UNKNOWN STEP	2026-04-04T15:50:35.0775689Z 6fbff1d4eb7e: Verifying Checksum
Backend (Go)	UNKNOWN STEP	2026-04-04T15:50:35.0776172Z 6fbff1d4eb7e: Download complete
Backend (Go)	UNKNOWN STEP	2026-04-04T15:50:35.1820762Z 8e4ca6825065: Verifying Checksum
Backend (Go)	UNKNOWN STEP	2026-04-04T15:50:35.1821390Z 8e4ca6825065: Download complete
Backend (Go)	UNKNOWN STEP	2026-04-04T15:50:36.0461566Z 644a983862e3: Pull complete
Backend (Go)	UNKNOWN STEP	2026-04-04T15:50:40.9945943Z 6fbff1d4eb7e: Pull complete
Backend (Go)	UNKNOWN STEP	2026-04-04T15:50:41.0049367Z 13ee208a3600: Pull complete
Backend (Go)	UNKNOWN STEP	2026-04-04T15:50:41.0155897Z 4f4fb700ef54: Pull complete
Backend (Go)	UNKNOWN STEP	2026-04-04T15:50:42.5896550Z 8e4ca6825065: Pull complete
Backend (Go)	UNKNOWN STEP	2026-04-04T15:50:42.7561041Z 2de8f3bc93bb: Pull complete
Backend (Go)	UNKNOWN STEP	2026-04-04T15:50:42.7671942Z 19c9efa60884: Pull complete
Backend (Go)	UNKNOWN STEP	2026-04-04T15:50:42.7709432Z Digest: sha256:a735b6eedb06d3bc95d196b4320d1f3829caa0ee009e4b4749917cdd070ab026
Backend (Go)	UNKNOWN STEP	2026-04-04T15:50:42.7723167Z Status: Downloaded newer image for ghcr.io/securego/gosec:2.25.0
Backend (Go)	UNKNOWN STEP	2026-04-04T15:50:42.7730697Z ghcr.io/securego/gosec:2.25.0
Backend (Go)	UNKNOWN STEP	2026-04-04T15:50:42.7759945Z ##[endgroup]
Backend (Go)	UNKNOWN STEP	2026-04-04T15:50:42.8035854Z ##[group]Run actions/checkout@v4
Backend (Go)	UNKNOWN STEP	2026-04-04T15:50:42.8036465Z with:
Backend (Go)	UNKNOWN STEP	2026-04-04T15:50:42.8036690Z   repository: fkcurrie/utba-swarmmap
Backend (Go)	UNKNOWN STEP	2026-04-04T15:50:42.8037116Z   token: ***
Backend (Go)	UNKNOWN STEP	2026-04-04T15:50:42.8037300Z   ssh-strict: true
Backend (Go)	UNKNOWN STEP	2026-04-04T15:50:42.8037489Z   ssh-user: git
Backend (Go)	UNKNOWN STEP	2026-04-04T15:50:42.8037685Z   persist-credentials: true
Backend (Go)	UNKNOWN STEP	2026-04-04T15:50:42.8037908Z   clean: true
Backend (Go)	UNKNOWN STEP	2026-04-04T15:50:42.8038098Z   sparse-checkout-cone-mode: true
Backend (Go)	UNKNOWN STEP	2026-04-04T15:50:42.8038361Z   fetch-depth: 1
Backend (Go)	UNKNOWN STEP	2026-04-04T15:50:42.8038540Z   fetch-tags: false
Backend (Go)	UNKNOWN STEP	2026-04-04T15:50:42.8038732Z   show-progress: true
Backend (Go)	UNKNOWN STEP	2026-04-04T15:50:42.8038921Z   lfs: false
Backend (Go)	UNKNOWN STEP	2026-04-04T15:50:42.8039086Z   submodules: false
Backend (Go)	UNKNOWN STEP	2026-04-04T15:50:42.8039276Z   set-safe-directory: true
Backend (Go)	UNKNOWN STEP	2026-04-04T15:50:42.8039951Z ##[endgroup]
Backend (Go)	UNKNOWN STEP	2026-04-04T15:50:42.9104158Z Syncing repository: fkcurrie/utba-swarmmap
Backend (Go)	UNKNOWN STEP	2026-04-04T15:50:42.9105429Z ##[group]Getting Git version info
Backend (Go)	UNKNOWN STEP	2026-04-04T15:50:42.9105931Z Working directory is '/home/runner/work/utba-swarmmap/utba-swarmmap'
Backend (Go)	UNKNOWN STEP	2026-04-04T15:50:42.9106511Z [command]/usr/bin/git version
Backend (Go)	UNKNOWN STEP	2026-04-04T15:50:42.9173348Z git version 2.53.0
Backend (Go)	UNKNOWN STEP	2026-04-04T15:50:42.9199289Z ##[endgroup]
Backend (Go)	UNKNOWN STEP	2026-04-04T15:50:42.9213031Z Temporarily overriding HOME='/home/runner/work/_temp/74a55332-7025-4945-92a0-97f5daeadf91' before making global git config changes
Backend (Go)	UNKNOWN STEP	2026-04-04T15:50:42.9213960Z Adding repository directory to the temporary git global config as a safe directory
Backend (Go)	UNKNOWN STEP	2026-04-04T15:50:42.9218108Z [command]/usr/bin/git config --global --add safe.directory /home/runner/work/utba-swarmmap/utba-swarmmap
Backend (Go)	UNKNOWN STEP	2026-04-04T15:50:42.9249774Z Deleting the contents of '/home/runner/work/utba-swarmmap/utba-swarmmap'
Backend (Go)	UNKNOWN STEP	2026-04-04T15:50:42.9253267Z ##[group]Initializing the repository
Backend (Go)	UNKNOWN STEP	2026-04-04T15:50:42.9257182Z [command]/usr/bin/git init /home/runner/work/utba-swarmmap/utba-swarmmap
Backend (Go)	UNKNOWN STEP	2026-04-04T15:50:42.9333267Z hint: Using 'master' as the name for the initial branch. This default branch name
Backend (Go)	UNKNOWN STEP	2026-04-04T15:50:42.9334238Z hint: will change to "main" in Git 3.0. To configure the initial branch name
Backend (Go)	UNKNOWN STEP	2026-04-04T15:50:42.9335093Z hint: to use in all of your new repositories, which will suppress this warning,
Backend (Go)	UNKNOWN STEP	2026-04-04T15:50:42.9335781Z hint: call:
Backend (Go)	UNKNOWN STEP	2026-04-04T15:50:42.9336067Z hint:
Backend (Go)	UNKNOWN STEP	2026-04-04T15:50:42.9336363Z hint: 	git config --global init.defaultBranch <name>
Backend (Go)	UNKNOWN STEP	2026-04-04T15:50:42.9336663Z hint:
Backend (Go)	UNKNOWN STEP	2026-04-04T15:50:42.9336952Z hint: Names commonly chosen instead of 'master' are 'main', 'trunk' and
Backend (Go)	UNKNOWN STEP	2026-04-04T15:50:42.9337440Z hint: 'development'. The just-created branch can be renamed via this command:
Backend (Go)	UNKNOWN STEP	2026-04-04T15:50:42.9337807Z hint:
Backend (Go)	UNKNOWN STEP	2026-04-04T15:50:42.9337992Z hint: 	git branch -m <name>
Backend (Go)	UNKNOWN STEP	2026-04-04T15:50:42.9338204Z hint:
Backend (Go)	UNKNOWN STEP	2026-04-04T15:50:42.9338498Z hint: Disable this message with "git config set advice.defaultBranchName false"
Backend (Go)	UNKNOWN STEP	2026-04-04T15:50:42.9339055Z Initialized empty Git repository in /home/runner/work/utba-swarmmap/utba-swarmmap/.git/
Backend (Go)	UNKNOWN STEP	2026-04-04T15:50:42.9413333Z [command]/usr/bin/git remote add origin https://github.com/fkcurrie/utba-swarmmap
Backend (Go)	UNKNOWN STEP	2026-04-04T15:50:42.9415498Z ##[endgroup]
Backend (Go)	UNKNOWN STEP	2026-04-04T15:50:42.9416098Z ##[group]Disabling automatic garbage collection
Backend (Go)	UNKNOWN STEP	2026-04-04T15:50:42.9416690Z [command]/usr/bin/git config --local gc.auto 0
Backend (Go)	UNKNOWN STEP	2026-04-04T15:50:42.9417979Z ##[endgroup]
Backend (Go)	UNKNOWN STEP	2026-04-04T15:50:42.9418634Z ##[group]Setting up auth
Backend (Go)	UNKNOWN STEP	2026-04-04T15:50:42.9419964Z [command]/usr/bin/git config --local --name-only --get-regexp core\.sshCommand
Backend (Go)	UNKNOWN STEP	2026-04-04T15:50:42.9452223Z [command]/usr/bin/git submodule foreach --recursive sh -c "git config --local --name-only --get-regexp 'core\.sshCommand' && git config --local --unset-all 'core.sshCommand' || :"
Backend (Go)	UNKNOWN STEP	2026-04-04T15:50:42.9736584Z [command]/usr/bin/git config --local --name-only --get-regexp http\.https\:\/\/github\.com\/\.extraheader
Backend (Go)	UNKNOWN STEP	2026-04-04T15:50:42.9764725Z [command]/usr/bin/git submodule foreach --recursive sh -c "git config --local --name-only --get-regexp 'http\.https\:\/\/github\.com\/\.extraheader' && git config --local --unset-all 'http.https://github.com/.extraheader' || :"
Backend (Go)	UNKNOWN STEP	2026-04-04T15:50:42.9979067Z [command]/usr/bin/git config --local --name-only --get-regexp ^includeIf\.gitdir:
Backend (Go)	UNKNOWN STEP	2026-04-04T15:50:43.0016614Z [command]/usr/bin/git submodule foreach --recursive git config --local --show-origin --name-only --get-regexp remote.origin.url
Backend (Go)	UNKNOWN STEP	2026-04-04T15:50:43.0231810Z [command]/usr/bin/git config --local http.https://github.com/.extraheader AUTHORIZATION: basic ***
Backend (Go)	UNKNOWN STEP	2026-04-04T15:50:43.0266414Z ##[endgroup]
Backend (Go)	UNKNOWN STEP	2026-04-04T15:50:43.0266933Z ##[group]Fetching the repository
Backend (Go)	UNKNOWN STEP	2026-04-04T15:50:43.0274686Z [command]/usr/bin/git -c protocol.version=2 fetch --no-tags --prune --no-recurse-submodules --depth=1 origin +f746139257a948b7926d66f14abb9f385c78a1be:refs/remotes/pull/27/merge
Backend (Go)	UNKNOWN STEP	2026-04-04T15:50:43.9250555Z From https://github.com/fkcurrie/utba-swarmmap
Backend (Go)	UNKNOWN STEP	2026-04-04T15:50:43.9251649Z  * [new ref]         f746139257a948b7926d66f14abb9f385c78a1be -> pull/27/merge
Backend (Go)	UNKNOWN STEP	2026-04-04T15:50:43.9278484Z ##[endgroup]
Backend (Go)	UNKNOWN STEP	2026-04-04T15:50:43.9279046Z ##[group]Determining the checkout info
Backend (Go)	UNKNOWN STEP	2026-04-04T15:50:43.9281627Z ##[endgroup]
Backend (Go)	UNKNOWN STEP	2026-04-04T15:50:43.9286276Z [command]/usr/bin/git sparse-checkout disable
Backend (Go)	UNKNOWN STEP	2026-04-04T15:50:43.9321208Z [command]/usr/bin/git config --local --unset-all extensions.worktreeConfig
Backend (Go)	UNKNOWN STEP	2026-04-04T15:50:43.9345008Z ##[group]Checking out the ref
Backend (Go)	UNKNOWN STEP	2026-04-04T15:50:43.9348748Z [command]/usr/bin/git checkout --progress --force refs/remotes/pull/27/merge
Backend (Go)	UNKNOWN STEP	2026-04-04T15:50:43.9567868Z Note: switching to 'refs/remotes/pull/27/merge'.
Backend (Go)	UNKNOWN STEP	2026-04-04T15:50:43.9568311Z 
Backend (Go)	UNKNOWN STEP	2026-04-04T15:50:43.9568689Z You are in 'detached HEAD' state. You can look around, make experimental
Backend (Go)	UNKNOWN STEP	2026-04-04T15:50:43.9569815Z changes and commit them, and you can discard any commits you make in this
Backend (Go)	UNKNOWN STEP	2026-04-04T15:50:43.9570654Z state without impacting any branches by switching back to a branch.
Backend (Go)	UNKNOWN STEP	2026-04-04T15:50:43.9571138Z 
Backend (Go)	UNKNOWN STEP	2026-04-04T15:50:43.9571446Z If you want to create a new branch to retain commits you create, you may
Backend (Go)	UNKNOWN STEP	2026-04-04T15:50:43.9571927Z do so (now or later) by using -c with the switch command. Example:
Backend (Go)	UNKNOWN STEP	2026-04-04T15:50:43.9572223Z 
Backend (Go)	UNKNOWN STEP	2026-04-04T15:50:43.9572419Z   git switch -c <new-branch-name>
Backend (Go)	UNKNOWN STEP	2026-04-04T15:50:43.9572740Z 
Backend (Go)	UNKNOWN STEP	2026-04-04T15:50:43.9572918Z Or undo this operation with:
Backend (Go)	UNKNOWN STEP	2026-04-04T15:50:43.9573212Z 
Backend (Go)	UNKNOWN STEP	2026-04-04T15:50:43.9573383Z   git switch -
Backend (Go)	UNKNOWN STEP	2026-04-04T15:50:43.9573617Z 
Backend (Go)	UNKNOWN STEP	2026-04-04T15:50:43.9574003Z Turn off this advice by setting config variable advice.detachedHead to false
Backend (Go)	UNKNOWN STEP	2026-04-04T15:50:43.9574597Z 
Backend (Go)	UNKNOWN STEP	2026-04-04T15:50:43.9575222Z HEAD is now at f746139 Merge a9fa75bf2cb2ad56f5fd034fc05bac938b1978b9 into ce8c646a1e1a3155ecfdd83f5a8af5e375dad3a3
Backend (Go)	UNKNOWN STEP	2026-04-04T15:50:43.9578664Z ##[endgroup]
Backend (Go)	UNKNOWN STEP	2026-04-04T15:50:43.9614357Z [command]/usr/bin/git log -1 --format=%H
Backend (Go)	UNKNOWN STEP	2026-04-04T15:50:43.9636661Z f746139257a948b7926d66f14abb9f385c78a1be
Backend (Go)	UNKNOWN STEP	2026-04-04T15:50:43.9842056Z ##[group]Run actions/setup-go@v5
Backend (Go)	UNKNOWN STEP	2026-04-04T15:50:43.9842317Z with:
Backend (Go)	UNKNOWN STEP	2026-04-04T15:50:43.9842501Z   go-version-file: backend/go.mod
Backend (Go)	UNKNOWN STEP	2026-04-04T15:50:43.9842759Z   cache-dependency-path: backend/go.mod
Backend (Go)	UNKNOWN STEP	2026-04-04T15:50:43.9843007Z   check-latest: false
Backend (Go)	UNKNOWN STEP	2026-04-04T15:50:43.9843326Z   token: ***
Backend (Go)	UNKNOWN STEP	2026-04-04T15:50:43.9843496Z   cache: true
Backend (Go)	UNKNOWN STEP	2026-04-04T15:50:43.9843667Z ##[endgroup]
Backend (Go)	UNKNOWN STEP	2026-04-04T15:50:44.1470340Z Setup go version spec 1.24.0
Backend (Go)	UNKNOWN STEP	2026-04-04T15:50:44.1481551Z Attempting to download 1.24.0...
Backend (Go)	UNKNOWN STEP	2026-04-04T15:50:44.9762687Z matching 1.24.0...
Backend (Go)	UNKNOWN STEP	2026-04-04T15:50:44.9816604Z Acquiring 1.24.0 from https://github.com/actions/go-versions/releases/download/1.24.0-13277276272/go-1.24.0-linux-x64.tar.gz
Backend (Go)	UNKNOWN STEP	2026-04-04T15:50:45.7436347Z Extracting Go...
Backend (Go)	UNKNOWN STEP	2026-04-04T15:50:45.7540634Z [command]/usr/bin/tar xz --warning=no-unknown-keyword --overwrite -C /home/runner/work/_temp/7c1fd227-64b6-4439-a18c-e97914e28af4 -f /home/runner/work/_temp/f82ff86c-6715-4146-9b00-7d6d79a74c10
Backend (Go)	UNKNOWN STEP	2026-04-04T15:50:47.5320897Z Successfully extracted go to /home/runner/work/_temp/7c1fd227-64b6-4439-a18c-e97914e28af4
Backend (Go)	UNKNOWN STEP	2026-04-04T15:50:47.5321695Z Adding to the cache ...
Backend (Go)	UNKNOWN STEP	2026-04-04T15:50:52.6748775Z Successfully cached go to /opt/hostedtoolcache/go/1.24.0/x64
Backend (Go)	UNKNOWN STEP	2026-04-04T15:50:52.6752042Z Added go to the path
Backend (Go)	UNKNOWN STEP	2026-04-04T15:50:52.6754797Z Successfully set up Go version 1.24.0
Backend (Go)	UNKNOWN STEP	2026-04-04T15:50:52.7039763Z [command]/opt/hostedtoolcache/go/1.24.0/x64/bin/go env GOMODCACHE
Backend (Go)	UNKNOWN STEP	2026-04-04T15:50:52.7068331Z [command]/opt/hostedtoolcache/go/1.24.0/x64/bin/go env GOCACHE
Backend (Go)	UNKNOWN STEP	2026-04-04T15:50:52.7098637Z /home/runner/go/pkg/mod
Backend (Go)	UNKNOWN STEP	2026-04-04T15:50:52.7112085Z /home/runner/.cache/go-build
Backend (Go)	UNKNOWN STEP	2026-04-04T15:50:52.9006885Z Cache is not found
Backend (Go)	UNKNOWN STEP	2026-04-04T15:50:52.9030981Z go version go1.24.0 linux/amd64
Backend (Go)	UNKNOWN STEP	2026-04-04T15:50:52.9031177Z 
Backend (Go)	UNKNOWN STEP	2026-04-04T15:50:52.9031551Z ##[group]go env
Backend (Go)	UNKNOWN STEP	2026-04-04T15:50:53.0206417Z AR='ar'
Backend (Go)	UNKNOWN STEP	2026-04-04T15:50:53.0206757Z CC='gcc'
Backend (Go)	UNKNOWN STEP	2026-04-04T15:50:53.0207113Z CGO_CFLAGS='-O2 -g'
Backend (Go)	UNKNOWN STEP	2026-04-04T15:50:53.0207456Z CGO_CPPFLAGS=''
Backend (Go)	UNKNOWN STEP	2026-04-04T15:50:53.0207750Z CGO_CXXFLAGS='-O2 -g'
Backend (Go)	UNKNOWN STEP	2026-04-04T15:50:53.0207970Z CGO_ENABLED='1'
Backend (Go)	UNKNOWN STEP	2026-04-04T15:50:53.0208159Z CGO_FFLAGS='-O2 -g'
Backend (Go)	UNKNOWN STEP	2026-04-04T15:50:53.0208363Z CGO_LDFLAGS='-O2 -g'
Backend (Go)	UNKNOWN STEP	2026-04-04T15:50:53.0208546Z CXX='g++'
Backend (Go)	UNKNOWN STEP	2026-04-04T15:50:53.0208738Z GCCGO='gccgo'
Backend (Go)	UNKNOWN STEP	2026-04-04T15:50:53.0208914Z GO111MODULE=''
Backend (Go)	UNKNOWN STEP	2026-04-04T15:50:53.0209084Z GOAMD64='v1'
Backend (Go)	UNKNOWN STEP	2026-04-04T15:50:53.0209254Z GOARCH='amd64'
Backend (Go)	UNKNOWN STEP	2026-04-04T15:50:53.0209419Z GOAUTH='netrc'
Backend (Go)	UNKNOWN STEP	2026-04-04T15:50:53.0209886Z GOBIN=''
Backend (Go)	UNKNOWN STEP	2026-04-04T15:50:53.0210104Z GOCACHE='/home/runner/.cache/go-build'
Backend (Go)	UNKNOWN STEP	2026-04-04T15:50:53.0210363Z GOCACHEPROG=''
Backend (Go)	UNKNOWN STEP	2026-04-04T15:50:53.0210535Z GODEBUG=''
Backend (Go)	UNKNOWN STEP	2026-04-04T15:50:53.0210728Z GOENV='/home/runner/.config/go/env'
Backend (Go)	UNKNOWN STEP	2026-04-04T15:50:53.0210957Z GOEXE=''
Backend (Go)	UNKNOWN STEP	2026-04-04T15:50:53.0211126Z GOEXPERIMENT=''
Backend (Go)	UNKNOWN STEP	2026-04-04T15:50:53.0211310Z GOFIPS140='off'
Backend (Go)	UNKNOWN STEP	2026-04-04T15:50:53.0211486Z GOFLAGS=''
Backend (Go)	UNKNOWN STEP	2026-04-04T15:50:53.0212138Z GOGCCFLAGS='-fPIC -m64 -pthread -Wl,--no-gc-sections -fmessage-length=0 -ffile-prefix-map=/tmp/go-build1269811460=/tmp/go-build -gno-record-gcc-switches'
Backend (Go)	UNKNOWN STEP	2026-04-04T15:50:53.0212798Z GOHOSTARCH='amd64'
Backend (Go)	UNKNOWN STEP	2026-04-04T15:50:53.0212990Z GOHOSTOS='linux'
Backend (Go)	UNKNOWN STEP	2026-04-04T15:50:53.0213161Z GOINSECURE=''
Backend (Go)	UNKNOWN STEP	2026-04-04T15:50:53.0213341Z GOMOD='/dev/null'
Backend (Go)	UNKNOWN STEP	2026-04-04T15:50:53.0213545Z GOMODCACHE='/home/runner/go/pkg/mod'
Backend (Go)	UNKNOWN STEP	2026-04-04T15:50:53.0213790Z GONOPROXY=''
Backend (Go)	UNKNOWN STEP	2026-04-04T15:50:53.0213962Z GONOSUMDB=''
Backend (Go)	UNKNOWN STEP	2026-04-04T15:50:53.0214163Z GOOS='linux'
Backend (Go)	UNKNOWN STEP	2026-04-04T15:50:53.0214343Z GOPATH='/home/runner/go'
Backend (Go)	UNKNOWN STEP	2026-04-04T15:50:53.0214536Z GOPRIVATE=''
Backend (Go)	UNKNOWN STEP	2026-04-04T15:50:53.0214768Z GOPROXY='https://proxy.golang.org,direct'
Backend (Go)	UNKNOWN STEP	2026-04-04T15:50:53.0215091Z GOROOT='/opt/hostedtoolcache/go/1.24.0/x64'
Backend (Go)	UNKNOWN STEP	2026-04-04T15:50:53.0215369Z GOSUMDB='sum.golang.org'
Backend (Go)	UNKNOWN STEP	2026-04-04T15:50:53.0215580Z GOTELEMETRY='local'
Backend (Go)	UNKNOWN STEP	2026-04-04T15:50:53.0215822Z GOTELEMETRYDIR='/home/runner/.config/go/telemetry'
Backend (Go)	UNKNOWN STEP	2026-04-04T15:50:53.0216104Z GOTMPDIR=''
Backend (Go)	UNKNOWN STEP	2026-04-04T15:50:53.0216280Z GOTOOLCHAIN='auto'
Backend (Go)	UNKNOWN STEP	2026-04-04T15:50:53.0216575Z GOTOOLDIR='/opt/hostedtoolcache/go/1.24.0/x64/pkg/tool/linux_amd64'
Backend (Go)	UNKNOWN STEP	2026-04-04T15:50:53.0217148Z GOVCS=''
Backend (Go)	UNKNOWN STEP	2026-04-04T15:50:53.0217337Z GOVERSION='go1.24.0'
Backend (Go)	UNKNOWN STEP	2026-04-04T15:50:53.0217525Z GOWORK=''
Backend (Go)	UNKNOWN STEP	2026-04-04T15:50:53.0217708Z PKG_CONFIG='pkg-config'
Backend (Go)	UNKNOWN STEP	2026-04-04T15:50:53.0217875Z 
Backend (Go)	UNKNOWN STEP	2026-04-04T15:50:53.0218241Z ##[endgroup]
Backend (Go)	UNKNOWN STEP	2026-04-04T15:50:53.0377381Z ##[group]Run go fmt ./...
Backend (Go)	UNKNOWN STEP	2026-04-04T15:50:53.0377720Z [36;1mgo fmt ./...[0m
Backend (Go)	UNKNOWN STEP	2026-04-04T15:50:53.0409123Z shell: /usr/bin/bash -e {0}
Backend (Go)	UNKNOWN STEP	2026-04-04T15:50:53.0409385Z ##[endgroup]
Backend (Go)	UNKNOWN STEP	2026-04-04T15:50:53.0554762Z go: downloading cloud.google.com/go/firestore v1.14.0
Backend (Go)	UNKNOWN STEP	2026-04-04T15:50:53.0559263Z go: downloading github.com/google/uuid v1.5.0
Backend (Go)	UNKNOWN STEP	2026-04-04T15:50:53.0566331Z go: downloading golang.org/x/oauth2 v0.15.0
Backend (Go)	UNKNOWN STEP	2026-04-04T15:50:53.0647803Z go: downloading cloud.google.com/go/storage v1.36.0
Backend (Go)	UNKNOWN STEP	2026-04-04T15:50:53.1916869Z go: downloading google.golang.org/api v0.155.0
Backend (Go)	UNKNOWN STEP	2026-04-04T15:50:53.2027528Z go: downloading google.golang.org/grpc v1.60.1
Backend (Go)	UNKNOWN STEP	2026-04-04T15:50:53.2312336Z go: downloading cloud.google.com/go v0.110.10
Backend (Go)	UNKNOWN STEP	2026-04-04T15:50:53.3295754Z go: downloading cloud.google.com/go/compute/metadata v0.2.3
Backend (Go)	UNKNOWN STEP	2026-04-04T15:50:53.3443309Z go: downloading cloud.google.com/go/compute v1.23.3
Backend (Go)	UNKNOWN STEP	2026-04-04T15:50:53.4744006Z go: downloading cloud.google.com/go/iam v1.1.5
Backend (Go)	UNKNOWN STEP	2026-04-04T15:50:53.5206705Z go: downloading github.com/googleapis/gax-go/v2 v2.12.0
Backend (Go)	UNKNOWN STEP	2026-04-04T15:50:55.7919080Z go: downloading google.golang.org/genproto v0.0.0-20231211222908-989df2bf70f3
Backend (Go)	UNKNOWN STEP	2026-04-04T15:50:55.7921348Z go: downloading google.golang.org/protobuf v1.36.11
Backend (Go)	UNKNOWN STEP	2026-04-04T15:50:56.0465621Z go: downloading github.com/golang/protobuf v1.5.3
Backend (Go)	UNKNOWN STEP	2026-04-04T15:50:56.0921499Z go: downloading golang.org/x/time v0.5.0
Backend (Go)	UNKNOWN STEP	2026-04-04T15:50:56.1346806Z go: downloading google.golang.org/genproto/googleapis/rpc v0.0.0-20231212172506-995d672761c0
Backend (Go)	UNKNOWN STEP	2026-04-04T15:50:56.3708204Z go: downloading google.golang.org/genproto/googleapis/api v0.0.0-20231211222908-989df2bf70f3
Backend (Go)	UNKNOWN STEP	2026-04-04T15:50:56.3738560Z go: downloading go.opencensus.io v0.24.0
Backend (Go)	UNKNOWN STEP	2026-04-04T15:50:56.3740136Z go: downloading golang.org/x/xerrors v0.0.0-20231012003039-104605ab7028
Backend (Go)	UNKNOWN STEP	2026-04-04T15:50:56.4015372Z go: downloading go.opentelemetry.io/contrib/instrumentation/net/http/otelhttp v0.46.1
Backend (Go)	UNKNOWN STEP	2026-04-04T15:50:56.4220581Z go: downloading golang.org/x/net v0.52.0
Backend (Go)	UNKNOWN STEP	2026-04-04T15:50:56.4407145Z go: downloading cloud.google.com/go/longrunning v0.5.4
Backend (Go)	UNKNOWN STEP	2026-04-04T15:50:56.4407910Z go: downloading golang.org/x/sync v0.20.0
Backend (Go)	UNKNOWN STEP	2026-04-04T15:50:56.4680700Z go: downloading golang.org/x/sys v0.42.0
Backend (Go)	UNKNOWN STEP	2026-04-04T15:50:56.4725750Z go: downloading go.opentelemetry.io/contrib/instrumentation/google.golang.org/grpc/otelgrpc v0.46.1
Backend (Go)	UNKNOWN STEP	2026-04-04T15:50:56.5034481Z go: downloading github.com/google/s2a-go v0.1.7
Backend (Go)	UNKNOWN STEP	2026-04-04T15:50:56.5783252Z go: downloading github.com/felixge/httpsnoop v1.0.4
Backend (Go)	UNKNOWN STEP	2026-04-04T15:50:56.6047713Z go: downloading go.opentelemetry.io/otel v1.21.0
Backend (Go)	UNKNOWN STEP	2026-04-04T15:50:56.6525498Z go: downloading go.opentelemetry.io/otel/metric v1.21.0
Backend (Go)	UNKNOWN STEP	2026-04-04T15:50:56.7038073Z go: downloading go.opentelemetry.io/otel/trace v1.21.0
Backend (Go)	UNKNOWN STEP	2026-04-04T15:50:56.7038969Z go: downloading github.com/googleapis/enterprise-certificate-proxy v0.3.2
Backend (Go)	UNKNOWN STEP	2026-04-04T15:50:56.7043390Z go: downloading github.com/golang/groupcache v0.0.0-20210331224755-41bb18bfe9da
Backend (Go)	UNKNOWN STEP	2026-04-04T15:50:56.7084229Z go: downloading github.com/go-logr/logr v1.3.0
Backend (Go)	UNKNOWN STEP	2026-04-04T15:50:56.7345734Z go: downloading github.com/go-logr/stdr v1.2.2
Backend (Go)	UNKNOWN STEP	2026-04-04T15:50:56.7379082Z go: downloading golang.org/x/crypto v0.49.0
Backend (Go)	UNKNOWN STEP	2026-04-04T15:50:56.8575441Z go: golang.org/x/sync@v0.20.0 requires go >= 1.25.0 (running go 1.24.0)
Backend (Go)	UNKNOWN STEP	2026-04-04T15:50:56.8607501Z ##[error]Process completed with exit code 1.
Backend (Go)	UNKNOWN STEP	2026-04-04T15:50:56.8722234Z Post job cleanup.
Backend (Go)	UNKNOWN STEP	2026-04-04T15:50:56.9658850Z [command]/usr/bin/git version
Backend (Go)	UNKNOWN STEP	2026-04-04T15:50:56.9695869Z git version 2.53.0
Backend (Go)	UNKNOWN STEP	2026-04-04T15:50:56.9744591Z Temporarily overriding HOME='/home/runner/work/_temp/31f25160-1b98-4c74-aa5e-1c93b42376c2' before making global git config changes
Backend (Go)	UNKNOWN STEP	2026-04-04T15:50:56.9745649Z Adding repository directory to the temporary git global config as a safe directory
Backend (Go)	UNKNOWN STEP	2026-04-04T15:50:56.9751868Z [command]/usr/bin/git config --global --add safe.directory /home/runner/work/utba-swarmmap/utba-swarmmap
Backend (Go)	UNKNOWN STEP	2026-04-04T15:50:56.9785804Z [command]/usr/bin/git config --local --name-only --get-regexp core\.sshCommand
Backend (Go)	UNKNOWN STEP	2026-04-04T15:50:56.9817229Z [command]/usr/bin/git submodule foreach --recursive sh -c "git config --local --name-only --get-regexp 'core\.sshCommand' && git config --local --unset-all 'core.sshCommand' || :"
Backend (Go)	UNKNOWN STEP	2026-04-04T15:50:57.0034306Z [command]/usr/bin/git config --local --name-only --get-regexp http\.https\:\/\/github\.com\/\.extraheader
Backend (Go)	UNKNOWN STEP	2026-04-04T15:50:57.0053735Z http.https://github.com/.extraheader
Backend (Go)	UNKNOWN STEP	2026-04-04T15:50:57.0066428Z [command]/usr/bin/git config --local --unset-all http.https://github.com/.extraheader
Backend (Go)	UNKNOWN STEP	2026-04-04T15:50:57.0096333Z [command]/usr/bin/git submodule foreach --recursive sh -c "git config --local --name-only --get-regexp 'http\.https\:\/\/github\.com\/\.extraheader' && git config --local --unset-all 'http.https://github.com/.extraheader' || :"
Backend (Go)	UNKNOWN STEP	2026-04-04T15:50:57.0306048Z [command]/usr/bin/git config --local --name-only --get-regexp ^includeIf\.gitdir:
Backend (Go)	UNKNOWN STEP	2026-04-04T15:50:57.0335335Z [command]/usr/bin/git submodule foreach --recursive git config --local --show-origin --name-only --get-regexp remote.origin.url
Backend (Go)	UNKNOWN STEP	2026-04-04T15:50:57.0653643Z Cleaning up orphan processes
Backend (Go)	UNKNOWN STEP	2026-04-04T15:50:57.0951093Z ##[warning]Node.js 20 actions are deprecated. The following actions are running on Node.js 20 and may not work as expected: actions/checkout@v4, actions/setup-go@v5. Actions will be forced to run with Node.js 24 by default starting June 2nd, 2026. Node.js 20 will be removed from the runner on September 16th, 2026. Please check if updated versions of these actions are available that support Node.js 24. To opt into Node.js 24 now, set the FORCE_JAVASCRIPT_ACTIONS_TO_NODE24=true environment variable on the runner or in your workflow file. Once Node.js 24 becomes the default, you can temporarily opt out by setting ACTIONS_ALLOW_USE_UNSECURE_NODE_VERSION=true. For more information see: https://github.blog/changelog/2025-09-19-deprecation-of-node-20-on-github-actions-runners/
