Backend (Go)	UNKNOWN STEP	﻿2026-04-04T19:00:45.2562109Z Current runner version: '2.333.1'
Backend (Go)	UNKNOWN STEP	2026-04-04T19:00:45.2586867Z ##[group]Runner Image Provisioner
Backend (Go)	UNKNOWN STEP	2026-04-04T19:00:45.2587613Z Hosted Compute Agent
Backend (Go)	UNKNOWN STEP	2026-04-04T19:00:45.2588263Z Version: 20260213.493
Backend (Go)	UNKNOWN STEP	2026-04-04T19:00:45.2588861Z Commit: 5c115507f6dd24b8de37d8bbe0bb4509d0cc0fa3
Backend (Go)	UNKNOWN STEP	2026-04-04T19:00:45.2589591Z Build Date: 2026-02-13T00:28:41Z
Backend (Go)	UNKNOWN STEP	2026-04-04T19:00:45.2590246Z Worker ID: {4b4c08d8-017b-4749-af08-4af14542d972}
Backend (Go)	UNKNOWN STEP	2026-04-04T19:00:45.2590914Z Azure Region: eastus
Backend (Go)	UNKNOWN STEP	2026-04-04T19:00:45.2591390Z ##[endgroup]
Backend (Go)	UNKNOWN STEP	2026-04-04T19:00:45.2593152Z ##[group]Operating System
Backend (Go)	UNKNOWN STEP	2026-04-04T19:00:45.2594037Z Ubuntu
Backend (Go)	UNKNOWN STEP	2026-04-04T19:00:45.2594482Z 24.04.4
Backend (Go)	UNKNOWN STEP	2026-04-04T19:00:45.2595030Z LTS
Backend (Go)	UNKNOWN STEP	2026-04-04T19:00:45.2595544Z ##[endgroup]
Backend (Go)	UNKNOWN STEP	2026-04-04T19:00:45.2595983Z ##[group]Runner Image
Backend (Go)	UNKNOWN STEP	2026-04-04T19:00:45.2596564Z Image: ubuntu-24.04
Backend (Go)	UNKNOWN STEP	2026-04-04T19:00:45.2597075Z Version: 20260329.72.1
Backend (Go)	UNKNOWN STEP	2026-04-04T19:00:45.2598313Z Included Software: https://github.com/actions/runner-images/blob/ubuntu24/20260329.72/images/ubuntu/Ubuntu2404-Readme.md
Backend (Go)	UNKNOWN STEP	2026-04-04T19:00:45.2599725Z Image Release: https://github.com/actions/runner-images/releases/tag/ubuntu24%2F20260329.72
Backend (Go)	UNKNOWN STEP	2026-04-04T19:00:45.2600674Z ##[endgroup]
Backend (Go)	UNKNOWN STEP	2026-04-04T19:00:45.2601731Z ##[group]GITHUB_TOKEN Permissions
Backend (Go)	UNKNOWN STEP	2026-04-04T19:00:45.2603912Z Contents: read
Backend (Go)	UNKNOWN STEP	2026-04-04T19:00:45.2604556Z Metadata: read
Backend (Go)	UNKNOWN STEP	2026-04-04T19:00:45.2605048Z Packages: read
Backend (Go)	UNKNOWN STEP	2026-04-04T19:00:45.2605502Z ##[endgroup]
Backend (Go)	UNKNOWN STEP	2026-04-04T19:00:45.2607480Z Secret source: None
Backend (Go)	UNKNOWN STEP	2026-04-04T19:00:45.2608518Z Prepare workflow directory
Backend (Go)	UNKNOWN STEP	2026-04-04T19:00:45.2996111Z Prepare all required actions
Backend (Go)	UNKNOWN STEP	2026-04-04T19:00:45.3033749Z Getting action download info
Backend (Go)	UNKNOWN STEP	2026-04-04T19:00:45.6802430Z Download action repository 'actions/checkout@v4' (SHA:34e114876b0b11c390a56381ad16ebd13914f8d5)
Backend (Go)	UNKNOWN STEP	2026-04-04T19:00:45.8410621Z Download action repository 'actions/setup-go@v5' (SHA:40f1582b2485089dde7abd97c1529aa768e1baff)
Backend (Go)	UNKNOWN STEP	2026-04-04T19:00:46.0721577Z Download action repository 'golangci/golangci-lint-action@v6' (SHA:55c2c1448f86e01eaae002a5a3a9624417608d84)
Backend (Go)	UNKNOWN STEP	2026-04-04T19:00:46.2760110Z Download action repository 'securego/gosec@master' (SHA:1af5d582f8fa08ac6621ccc1168b4d3d9d2b2eec)
Backend (Go)	UNKNOWN STEP	2026-04-04T19:00:46.6184605Z Complete job name: Backend (Go)
Backend (Go)	UNKNOWN STEP	2026-04-04T19:00:46.6740906Z ##[group]Pull down action image 'ghcr.io/securego/gosec:2.25.0'
Backend (Go)	UNKNOWN STEP	2026-04-04T19:00:46.6830598Z ##[command]/usr/bin/docker pull ghcr.io/securego/gosec:2.25.0
Backend (Go)	UNKNOWN STEP	2026-04-04T19:00:49.8730947Z 2.25.0: Pulling from securego/gosec
Backend (Go)	UNKNOWN STEP	2026-04-04T19:00:53.0562984Z 589002ba0eae: Already exists
Backend (Go)	UNKNOWN STEP	2026-04-04T19:00:53.0603228Z 644a983862e3: Pulling fs layer
Backend (Go)	UNKNOWN STEP	2026-04-04T19:00:53.0604387Z 6fbff1d4eb7e: Pulling fs layer
Backend (Go)	UNKNOWN STEP	2026-04-04T19:00:53.0604925Z 13ee208a3600: Pulling fs layer
Backend (Go)	UNKNOWN STEP	2026-04-04T19:00:53.0605310Z 4f4fb700ef54: Pulling fs layer
Backend (Go)	UNKNOWN STEP	2026-04-04T19:00:53.0605790Z 8e4ca6825065: Pulling fs layer
Backend (Go)	UNKNOWN STEP	2026-04-04T19:00:53.0606282Z 2de8f3bc93bb: Pulling fs layer
Backend (Go)	UNKNOWN STEP	2026-04-04T19:00:53.0606768Z 19c9efa60884: Pulling fs layer
Backend (Go)	UNKNOWN STEP	2026-04-04T19:00:53.0607249Z 4f4fb700ef54: Waiting
Backend (Go)	UNKNOWN STEP	2026-04-04T19:00:53.0607697Z 8e4ca6825065: Waiting
Backend (Go)	UNKNOWN STEP	2026-04-04T19:00:53.0608108Z 2de8f3bc93bb: Waiting
Backend (Go)	UNKNOWN STEP	2026-04-04T19:00:53.0608610Z 19c9efa60884: Waiting
Backend (Go)	UNKNOWN STEP	2026-04-04T19:00:53.1098414Z 13ee208a3600: Download complete
Backend (Go)	UNKNOWN STEP	2026-04-04T19:00:53.1183666Z 644a983862e3: Download complete
Backend (Go)	UNKNOWN STEP	2026-04-04T19:00:53.1534294Z 4f4fb700ef54: Verifying Checksum
Backend (Go)	UNKNOWN STEP	2026-04-04T19:00:53.1535469Z 4f4fb700ef54: Download complete
Backend (Go)	UNKNOWN STEP	2026-04-04T19:00:53.2874388Z 2de8f3bc93bb: Verifying Checksum
Backend (Go)	UNKNOWN STEP	2026-04-04T19:00:53.2878208Z 2de8f3bc93bb: Download complete
Backend (Go)	UNKNOWN STEP	2026-04-04T19:00:53.2915485Z 644a983862e3: Pull complete
Backend (Go)	UNKNOWN STEP	2026-04-04T19:00:53.3354388Z 19c9efa60884: Download complete
Backend (Go)	UNKNOWN STEP	2026-04-04T19:00:53.4130150Z 6fbff1d4eb7e: Verifying Checksum
Backend (Go)	UNKNOWN STEP	2026-04-04T19:00:53.4131059Z 6fbff1d4eb7e: Download complete
Backend (Go)	UNKNOWN STEP	2026-04-04T19:00:53.5006430Z 8e4ca6825065: Verifying Checksum
Backend (Go)	UNKNOWN STEP	2026-04-04T19:00:58.4358372Z 8e4ca6825065: Download complete
Backend (Go)	UNKNOWN STEP	2026-04-04T19:00:58.4358744Z 6fbff1d4eb7e: Pull complete
Backend (Go)	UNKNOWN STEP	2026-04-04T19:00:58.4483437Z 13ee208a3600: Pull complete
Backend (Go)	UNKNOWN STEP	2026-04-04T19:00:58.4614591Z 4f4fb700ef54: Pull complete
Backend (Go)	UNKNOWN STEP	2026-04-04T19:00:59.9972337Z 8e4ca6825065: Pull complete
Backend (Go)	UNKNOWN STEP	2026-04-04T19:01:00.2008619Z 2de8f3bc93bb: Pull complete
Backend (Go)	UNKNOWN STEP	2026-04-04T19:01:00.2138340Z 19c9efa60884: Pull complete
Backend (Go)	UNKNOWN STEP	2026-04-04T19:01:00.2179615Z Digest: sha256:a735b6eedb06d3bc95d196b4320d1f3829caa0ee009e4b4749917cdd070ab026
Backend (Go)	UNKNOWN STEP	2026-04-04T19:01:00.2195197Z Status: Downloaded newer image for ghcr.io/securego/gosec:2.25.0
Backend (Go)	UNKNOWN STEP	2026-04-04T19:01:00.2203063Z ghcr.io/securego/gosec:2.25.0
Backend (Go)	UNKNOWN STEP	2026-04-04T19:01:00.2223655Z ##[endgroup]
Backend (Go)	UNKNOWN STEP	2026-04-04T19:01:00.2503920Z ##[group]Run actions/checkout@v4
Backend (Go)	UNKNOWN STEP	2026-04-04T19:01:00.2504511Z with:
Backend (Go)	UNKNOWN STEP	2026-04-04T19:01:00.2504726Z   repository: fkcurrie/utba-swarmmap
Backend (Go)	UNKNOWN STEP	2026-04-04T19:01:00.2505128Z   token: ***
Backend (Go)	UNKNOWN STEP	2026-04-04T19:01:00.2505319Z   ssh-strict: true
Backend (Go)	UNKNOWN STEP	2026-04-04T19:01:00.2505503Z   ssh-user: git
Backend (Go)	UNKNOWN STEP	2026-04-04T19:01:00.2505696Z   persist-credentials: true
Backend (Go)	UNKNOWN STEP	2026-04-04T19:01:00.2505921Z   clean: true
Backend (Go)	UNKNOWN STEP	2026-04-04T19:01:00.2506104Z   sparse-checkout-cone-mode: true
Backend (Go)	UNKNOWN STEP	2026-04-04T19:01:00.2506339Z   fetch-depth: 1
Backend (Go)	UNKNOWN STEP	2026-04-04T19:01:00.2506508Z   fetch-tags: false
Backend (Go)	UNKNOWN STEP	2026-04-04T19:01:00.2506693Z   show-progress: true
Backend (Go)	UNKNOWN STEP	2026-04-04T19:01:00.2506890Z   lfs: false
Backend (Go)	UNKNOWN STEP	2026-04-04T19:01:00.2507051Z   submodules: false
Backend (Go)	UNKNOWN STEP	2026-04-04T19:01:00.2507232Z   set-safe-directory: true
Backend (Go)	UNKNOWN STEP	2026-04-04T19:01:00.2507630Z ##[endgroup]
Backend (Go)	UNKNOWN STEP	2026-04-04T19:01:00.3589954Z Syncing repository: fkcurrie/utba-swarmmap
Backend (Go)	UNKNOWN STEP	2026-04-04T19:01:00.3591197Z ##[group]Getting Git version info
Backend (Go)	UNKNOWN STEP	2026-04-04T19:01:00.3591728Z Working directory is '/home/runner/work/utba-swarmmap/utba-swarmmap'
Backend (Go)	UNKNOWN STEP	2026-04-04T19:01:00.3592301Z [command]/usr/bin/git version
Backend (Go)	UNKNOWN STEP	2026-04-04T19:01:00.3643604Z git version 2.53.0
Backend (Go)	UNKNOWN STEP	2026-04-04T19:01:00.3669585Z ##[endgroup]
Backend (Go)	UNKNOWN STEP	2026-04-04T19:01:00.3684587Z Temporarily overriding HOME='/home/runner/work/_temp/a832b10e-4f8c-4303-b11b-942f79932068' before making global git config changes
Backend (Go)	UNKNOWN STEP	2026-04-04T19:01:00.3685955Z Adding repository directory to the temporary git global config as a safe directory
Backend (Go)	UNKNOWN STEP	2026-04-04T19:01:00.3690652Z [command]/usr/bin/git config --global --add safe.directory /home/runner/work/utba-swarmmap/utba-swarmmap
Backend (Go)	UNKNOWN STEP	2026-04-04T19:01:00.3722419Z Deleting the contents of '/home/runner/work/utba-swarmmap/utba-swarmmap'
Backend (Go)	UNKNOWN STEP	2026-04-04T19:01:00.3726170Z ##[group]Initializing the repository
Backend (Go)	UNKNOWN STEP	2026-04-04T19:01:00.3729957Z [command]/usr/bin/git init /home/runner/work/utba-swarmmap/utba-swarmmap
Backend (Go)	UNKNOWN STEP	2026-04-04T19:01:00.3844461Z hint: Using 'master' as the name for the initial branch. This default branch name
Backend (Go)	UNKNOWN STEP	2026-04-04T19:01:00.3845610Z hint: will change to "main" in Git 3.0. To configure the initial branch name
Backend (Go)	UNKNOWN STEP	2026-04-04T19:01:00.3846638Z hint: to use in all of your new repositories, which will suppress this warning,
Backend (Go)	UNKNOWN STEP	2026-04-04T19:01:00.3847270Z hint: call:
Backend (Go)	UNKNOWN STEP	2026-04-04T19:01:00.3847450Z hint:
Backend (Go)	UNKNOWN STEP	2026-04-04T19:01:00.3847830Z hint: 	git config --global init.defaultBranch <name>
Backend (Go)	UNKNOWN STEP	2026-04-04T19:01:00.3848164Z hint:
Backend (Go)	UNKNOWN STEP	2026-04-04T19:01:00.3848452Z hint: Names commonly chosen instead of 'master' are 'main', 'trunk' and
Backend (Go)	UNKNOWN STEP	2026-04-04T19:01:00.3848925Z hint: 'development'. The just-created branch can be renamed via this command:
Backend (Go)	UNKNOWN STEP	2026-04-04T19:01:00.3849277Z hint:
Backend (Go)	UNKNOWN STEP	2026-04-04T19:01:00.3849457Z hint: 	git branch -m <name>
Backend (Go)	UNKNOWN STEP	2026-04-04T19:01:00.3849668Z hint:
Backend (Go)	UNKNOWN STEP	2026-04-04T19:01:00.3849981Z hint: Disable this message with "git config set advice.defaultBranchName false"
Backend (Go)	UNKNOWN STEP	2026-04-04T19:01:00.3850538Z Initialized empty Git repository in /home/runner/work/utba-swarmmap/utba-swarmmap/.git/
Backend (Go)	UNKNOWN STEP	2026-04-04T19:01:00.3918991Z [command]/usr/bin/git remote add origin https://github.com/fkcurrie/utba-swarmmap
Backend (Go)	UNKNOWN STEP	2026-04-04T19:01:00.3921005Z ##[endgroup]
Backend (Go)	UNKNOWN STEP	2026-04-04T19:01:00.3921618Z ##[group]Disabling automatic garbage collection
Backend (Go)	UNKNOWN STEP	2026-04-04T19:01:00.3922373Z [command]/usr/bin/git config --local gc.auto 0
Backend (Go)	UNKNOWN STEP	2026-04-04T19:01:00.3924275Z ##[endgroup]
Backend (Go)	UNKNOWN STEP	2026-04-04T19:01:00.3924836Z ##[group]Setting up auth
Backend (Go)	UNKNOWN STEP	2026-04-04T19:01:00.3929456Z [command]/usr/bin/git config --local --name-only --get-regexp core\.sshCommand
Backend (Go)	UNKNOWN STEP	2026-04-04T19:01:00.3960363Z [command]/usr/bin/git submodule foreach --recursive sh -c "git config --local --name-only --get-regexp 'core\.sshCommand' && git config --local --unset-all 'core.sshCommand' || :"
Backend (Go)	UNKNOWN STEP	2026-04-04T19:01:00.4245107Z [command]/usr/bin/git config --local --name-only --get-regexp http\.https\:\/\/github\.com\/\.extraheader
Backend (Go)	UNKNOWN STEP	2026-04-04T19:01:00.4271669Z [command]/usr/bin/git submodule foreach --recursive sh -c "git config --local --name-only --get-regexp 'http\.https\:\/\/github\.com\/\.extraheader' && git config --local --unset-all 'http.https://github.com/.extraheader' || :"
Backend (Go)	UNKNOWN STEP	2026-04-04T19:01:00.4486802Z [command]/usr/bin/git config --local --name-only --get-regexp ^includeIf\.gitdir:
Backend (Go)	UNKNOWN STEP	2026-04-04T19:01:00.4523780Z [command]/usr/bin/git submodule foreach --recursive git config --local --show-origin --name-only --get-regexp remote.origin.url
Backend (Go)	UNKNOWN STEP	2026-04-04T19:01:00.4744389Z [command]/usr/bin/git config --local http.https://github.com/.extraheader AUTHORIZATION: basic ***
Backend (Go)	UNKNOWN STEP	2026-04-04T19:01:00.4778547Z ##[endgroup]
Backend (Go)	UNKNOWN STEP	2026-04-04T19:01:00.4779460Z ##[group]Fetching the repository
Backend (Go)	UNKNOWN STEP	2026-04-04T19:01:00.4787902Z [command]/usr/bin/git -c protocol.version=2 fetch --no-tags --prune --no-recurse-submodules --depth=1 origin +70c53f66680a6bd98414410996f64b0788c196fc:refs/remotes/pull/27/merge
Backend (Go)	UNKNOWN STEP	2026-04-04T19:01:00.7060355Z From https://github.com/fkcurrie/utba-swarmmap
Backend (Go)	UNKNOWN STEP	2026-04-04T19:01:00.7062292Z  * [new ref]         70c53f66680a6bd98414410996f64b0788c196fc -> pull/27/merge
Backend (Go)	UNKNOWN STEP	2026-04-04T19:01:00.7092424Z ##[endgroup]
Backend (Go)	UNKNOWN STEP	2026-04-04T19:01:00.7093053Z ##[group]Determining the checkout info
Backend (Go)	UNKNOWN STEP	2026-04-04T19:01:00.7096038Z ##[endgroup]
Backend (Go)	UNKNOWN STEP	2026-04-04T19:01:00.7101772Z [command]/usr/bin/git sparse-checkout disable
Backend (Go)	UNKNOWN STEP	2026-04-04T19:01:00.7141382Z [command]/usr/bin/git config --local --unset-all extensions.worktreeConfig
Backend (Go)	UNKNOWN STEP	2026-04-04T19:01:00.7168102Z ##[group]Checking out the ref
Backend (Go)	UNKNOWN STEP	2026-04-04T19:01:00.7172677Z [command]/usr/bin/git checkout --progress --force refs/remotes/pull/27/merge
Backend (Go)	UNKNOWN STEP	2026-04-04T19:01:00.7392510Z Note: switching to 'refs/remotes/pull/27/merge'.
Backend (Go)	UNKNOWN STEP	2026-04-04T19:01:00.7393595Z 
Backend (Go)	UNKNOWN STEP	2026-04-04T19:01:00.7395062Z You are in 'detached HEAD' state. You can look around, make experimental
Backend (Go)	UNKNOWN STEP	2026-04-04T19:01:00.7396972Z changes and commit them, and you can discard any commits you make in this
Backend (Go)	UNKNOWN STEP	2026-04-04T19:01:00.7398551Z state without impacting any branches by switching back to a branch.
Backend (Go)	UNKNOWN STEP	2026-04-04T19:01:00.7399669Z 
Backend (Go)	UNKNOWN STEP	2026-04-04T19:01:00.7400150Z If you want to create a new branch to retain commits you create, you may
Backend (Go)	UNKNOWN STEP	2026-04-04T19:01:00.7400900Z do so (now or later) by using -c with the switch command. Example:
Backend (Go)	UNKNOWN STEP	2026-04-04T19:01:00.7401311Z 
Backend (Go)	UNKNOWN STEP	2026-04-04T19:01:00.7401498Z   git switch -c <new-branch-name>
Backend (Go)	UNKNOWN STEP	2026-04-04T19:01:00.7401784Z 
Backend (Go)	UNKNOWN STEP	2026-04-04T19:01:00.7401936Z Or undo this operation with:
Backend (Go)	UNKNOWN STEP	2026-04-04T19:01:00.7402346Z 
Backend (Go)	UNKNOWN STEP	2026-04-04T19:01:00.7402728Z   git switch -
Backend (Go)	UNKNOWN STEP	2026-04-04T19:01:00.7402959Z 
Backend (Go)	UNKNOWN STEP	2026-04-04T19:01:00.7403545Z Turn off this advice by setting config variable advice.detachedHead to false
Backend (Go)	UNKNOWN STEP	2026-04-04T19:01:00.7404087Z 
Backend (Go)	UNKNOWN STEP	2026-04-04T19:01:00.7404683Z HEAD is now at 70c53f6 Merge c9d0a868068dc9eeb86208faa9a0304247a1e583 into ce8c646a1e1a3155ecfdd83f5a8af5e375dad3a3
Backend (Go)	UNKNOWN STEP	2026-04-04T19:01:00.7406349Z ##[endgroup]
Backend (Go)	UNKNOWN STEP	2026-04-04T19:01:00.7438072Z [command]/usr/bin/git log -1 --format=%H
Backend (Go)	UNKNOWN STEP	2026-04-04T19:01:00.7460985Z 70c53f66680a6bd98414410996f64b0788c196fc
Backend (Go)	UNKNOWN STEP	2026-04-04T19:01:00.7656440Z ##[group]Run actions/setup-go@v5
Backend (Go)	UNKNOWN STEP	2026-04-04T19:01:00.7656704Z with:
Backend (Go)	UNKNOWN STEP	2026-04-04T19:01:00.7656885Z   go-version-file: backend/go.mod
Backend (Go)	UNKNOWN STEP	2026-04-04T19:01:00.7657141Z   cache-dependency-path: backend/go.mod
Backend (Go)	UNKNOWN STEP	2026-04-04T19:01:00.7657389Z   check-latest: false
Backend (Go)	UNKNOWN STEP	2026-04-04T19:01:00.7657699Z   token: ***
Backend (Go)	UNKNOWN STEP	2026-04-04T19:01:00.7657869Z   cache: true
Backend (Go)	UNKNOWN STEP	2026-04-04T19:01:00.7658040Z ##[endgroup]
Backend (Go)	UNKNOWN STEP	2026-04-04T19:01:00.9241376Z Setup go version spec 1.24.0
Backend (Go)	UNKNOWN STEP	2026-04-04T19:01:00.9251994Z Attempting to download 1.24.0...
Backend (Go)	UNKNOWN STEP	2026-04-04T19:01:01.1877712Z matching 1.24.0...
Backend (Go)	UNKNOWN STEP	2026-04-04T19:01:01.1934993Z Acquiring 1.24.0 from https://github.com/actions/go-versions/releases/download/1.24.0-13277276272/go-1.24.0-linux-x64.tar.gz
Backend (Go)	UNKNOWN STEP	2026-04-04T19:01:01.7880607Z Extracting Go...
Backend (Go)	UNKNOWN STEP	2026-04-04T19:01:01.7980039Z [command]/usr/bin/tar xz --warning=no-unknown-keyword --overwrite -C /home/runner/work/_temp/d17ccb5e-0cfe-45e3-a5db-a5bcf51072fd -f /home/runner/work/_temp/8e0d4b82-de0d-4ad1-8181-702c6ebdaedc
Backend (Go)	UNKNOWN STEP	2026-04-04T19:01:03.5550874Z Successfully extracted go to /home/runner/work/_temp/d17ccb5e-0cfe-45e3-a5db-a5bcf51072fd
Backend (Go)	UNKNOWN STEP	2026-04-04T19:01:03.5551615Z Adding to the cache ...
Backend (Go)	UNKNOWN STEP	2026-04-04T19:01:08.2376905Z Successfully cached go to /opt/hostedtoolcache/go/1.24.0/x64
Backend (Go)	UNKNOWN STEP	2026-04-04T19:01:08.2378929Z Added go to the path
Backend (Go)	UNKNOWN STEP	2026-04-04T19:01:08.2382073Z Successfully set up Go version 1.24.0
Backend (Go)	UNKNOWN STEP	2026-04-04T19:01:08.2560397Z [command]/opt/hostedtoolcache/go/1.24.0/x64/bin/go env GOMODCACHE
Backend (Go)	UNKNOWN STEP	2026-04-04T19:01:08.2587791Z [command]/opt/hostedtoolcache/go/1.24.0/x64/bin/go env GOCACHE
Backend (Go)	UNKNOWN STEP	2026-04-04T19:01:08.2617450Z /home/runner/go/pkg/mod
Backend (Go)	UNKNOWN STEP	2026-04-04T19:01:08.2628589Z /home/runner/.cache/go-build
Backend (Go)	UNKNOWN STEP	2026-04-04T19:01:08.3057734Z Cache is not found
Backend (Go)	UNKNOWN STEP	2026-04-04T19:01:08.3078149Z go version go1.24.0 linux/amd64
Backend (Go)	UNKNOWN STEP	2026-04-04T19:01:08.3078345Z 
Backend (Go)	UNKNOWN STEP	2026-04-04T19:01:08.3078609Z ##[group]go env
Backend (Go)	UNKNOWN STEP	2026-04-04T19:01:08.4298375Z AR='ar'
Backend (Go)	UNKNOWN STEP	2026-04-04T19:01:08.4298737Z CC='gcc'
Backend (Go)	UNKNOWN STEP	2026-04-04T19:01:08.4299060Z CGO_CFLAGS='-O2 -g'
Backend (Go)	UNKNOWN STEP	2026-04-04T19:01:08.4299408Z CGO_CPPFLAGS=''
Backend (Go)	UNKNOWN STEP	2026-04-04T19:01:08.4299721Z CGO_CXXFLAGS='-O2 -g'
Backend (Go)	UNKNOWN STEP	2026-04-04T19:01:08.4300052Z CGO_ENABLED='1'
Backend (Go)	UNKNOWN STEP	2026-04-04T19:01:08.4300329Z CGO_FFLAGS='-O2 -g'
Backend (Go)	UNKNOWN STEP	2026-04-04T19:01:08.4300629Z CGO_LDFLAGS='-O2 -g'
Backend (Go)	UNKNOWN STEP	2026-04-04T19:01:08.4300923Z CXX='g++'
Backend (Go)	UNKNOWN STEP	2026-04-04T19:01:08.4301190Z GCCGO='gccgo'
Backend (Go)	UNKNOWN STEP	2026-04-04T19:01:08.4301473Z GO111MODULE=''
Backend (Go)	UNKNOWN STEP	2026-04-04T19:01:08.4301764Z GOAMD64='v1'
Backend (Go)	UNKNOWN STEP	2026-04-04T19:01:08.4302048Z GOARCH='amd64'
Backend (Go)	UNKNOWN STEP	2026-04-04T19:01:08.4302317Z GOAUTH='netrc'
Backend (Go)	UNKNOWN STEP	2026-04-04T19:01:08.4302580Z GOBIN=''
Backend (Go)	UNKNOWN STEP	2026-04-04T19:01:08.4302870Z GOCACHE='/home/runner/.cache/go-build'
Backend (Go)	UNKNOWN STEP	2026-04-04T19:01:08.4303508Z GOCACHEPROG=''
Backend (Go)	UNKNOWN STEP	2026-04-04T19:01:08.4303788Z GODEBUG=''
Backend (Go)	UNKNOWN STEP	2026-04-04T19:01:08.4304085Z GOENV='/home/runner/.config/go/env'
Backend (Go)	UNKNOWN STEP	2026-04-04T19:01:08.4304438Z GOEXE=''
Backend (Go)	UNKNOWN STEP	2026-04-04T19:01:08.4304691Z GOEXPERIMENT=''
Backend (Go)	UNKNOWN STEP	2026-04-04T19:01:08.4304958Z GOFIPS140='off'
Backend (Go)	UNKNOWN STEP	2026-04-04T19:01:08.4305213Z GOFLAGS=''
Backend (Go)	UNKNOWN STEP	2026-04-04T19:01:08.4306275Z GOGCCFLAGS='-fPIC -m64 -pthread -Wl,--no-gc-sections -fmessage-length=0 -ffile-prefix-map=/tmp/go-build2984205796=/tmp/go-build -gno-record-gcc-switches'
Backend (Go)	UNKNOWN STEP	2026-04-04T19:01:08.4307399Z GOHOSTARCH='amd64'
Backend (Go)	UNKNOWN STEP	2026-04-04T19:01:08.4307706Z GOHOSTOS='linux'
Backend (Go)	UNKNOWN STEP	2026-04-04T19:01:08.4307979Z GOINSECURE=''
Backend (Go)	UNKNOWN STEP	2026-04-04T19:01:08.4308266Z GOMOD='/dev/null'
Backend (Go)	UNKNOWN STEP	2026-04-04T19:01:08.4308582Z GOMODCACHE='/home/runner/go/pkg/mod'
Backend (Go)	UNKNOWN STEP	2026-04-04T19:01:08.4308951Z GONOPROXY=''
Backend (Go)	UNKNOWN STEP	2026-04-04T19:01:08.4309206Z GONOSUMDB=''
Backend (Go)	UNKNOWN STEP	2026-04-04T19:01:08.4309459Z GOOS='linux'
Backend (Go)	UNKNOWN STEP	2026-04-04T19:01:08.4309723Z GOPATH='/home/runner/go'
Backend (Go)	UNKNOWN STEP	2026-04-04T19:01:08.4310028Z GOPRIVATE=''
Backend (Go)	UNKNOWN STEP	2026-04-04T19:01:08.4310370Z GOPROXY='https://proxy.golang.org,direct'
Backend (Go)	UNKNOWN STEP	2026-04-04T19:01:08.4310834Z GOROOT='/opt/hostedtoolcache/go/1.24.0/x64'
Backend (Go)	UNKNOWN STEP	2026-04-04T19:01:08.4311236Z GOSUMDB='sum.golang.org'
Backend (Go)	UNKNOWN STEP	2026-04-04T19:01:08.4311544Z GOTELEMETRY='local'
Backend (Go)	UNKNOWN STEP	2026-04-04T19:01:08.4311902Z GOTELEMETRYDIR='/home/runner/.config/go/telemetry'
Backend (Go)	UNKNOWN STEP	2026-04-04T19:01:08.4312310Z GOTMPDIR=''
Backend (Go)	UNKNOWN STEP	2026-04-04T19:01:08.4312563Z GOTOOLCHAIN='auto'
Backend (Go)	UNKNOWN STEP	2026-04-04T19:01:08.4312990Z GOTOOLDIR='/opt/hostedtoolcache/go/1.24.0/x64/pkg/tool/linux_amd64'
Backend (Go)	UNKNOWN STEP	2026-04-04T19:01:08.4314080Z GOVCS=''
Backend (Go)	UNKNOWN STEP	2026-04-04T19:01:08.4314344Z GOVERSION='go1.24.0'
Backend (Go)	UNKNOWN STEP	2026-04-04T19:01:08.4314628Z GOWORK=''
Backend (Go)	UNKNOWN STEP	2026-04-04T19:01:08.4314893Z PKG_CONFIG='pkg-config'
Backend (Go)	UNKNOWN STEP	2026-04-04T19:01:08.4315084Z 
Backend (Go)	UNKNOWN STEP	2026-04-04T19:01:08.4315752Z ##[endgroup]
Backend (Go)	UNKNOWN STEP	2026-04-04T19:01:08.4493052Z ##[group]Run go fmt ./...
Backend (Go)	UNKNOWN STEP	2026-04-04T19:01:08.4493719Z [36;1mgo fmt ./...[0m
Backend (Go)	UNKNOWN STEP	2026-04-04T19:01:08.4525400Z shell: /usr/bin/bash -e {0}
Backend (Go)	UNKNOWN STEP	2026-04-04T19:01:08.4525651Z ##[endgroup]
Backend (Go)	UNKNOWN STEP	2026-04-04T19:01:08.4652876Z go: downloading cloud.google.com/go/firestore v1.14.0
Backend (Go)	UNKNOWN STEP	2026-04-04T19:01:08.4654916Z go: downloading cloud.google.com/go/storage v1.36.0
Backend (Go)	UNKNOWN STEP	2026-04-04T19:01:08.4655595Z go: downloading github.com/google/uuid v1.5.0
Backend (Go)	UNKNOWN STEP	2026-04-04T19:01:08.4660790Z go: downloading google.golang.org/api v0.155.0
Backend (Go)	UNKNOWN STEP	2026-04-04T19:01:08.5068168Z go: downloading google.golang.org/grpc v1.60.1
Backend (Go)	UNKNOWN STEP	2026-04-04T19:01:08.7524794Z go: downloading cloud.google.com/go v0.110.10
Backend (Go)	UNKNOWN STEP	2026-04-04T19:01:08.9930634Z go: downloading golang.org/x/oauth2 v0.15.0
Backend (Go)	UNKNOWN STEP	2026-04-04T19:01:09.0310839Z go: downloading github.com/golang/protobuf v1.5.3
Backend (Go)	UNKNOWN STEP	2026-04-04T19:01:09.0691441Z go: downloading github.com/googleapis/gax-go/v2 v2.12.0
Backend (Go)	UNKNOWN STEP	2026-04-04T19:01:09.1489509Z go: downloading golang.org/x/time v0.5.0
Backend (Go)	UNKNOWN STEP	2026-04-04T19:01:11.2304717Z go: downloading google.golang.org/genproto v0.0.0-20231211222908-989df2bf70f3
Backend (Go)	UNKNOWN STEP	2026-04-04T19:01:11.2306759Z go: downloading google.golang.org/protobuf v1.36.11
Backend (Go)	UNKNOWN STEP	2026-04-04T19:01:11.2317323Z go: downloading google.golang.org/genproto/googleapis/rpc v0.0.0-20231212172506-995d672761c0
Backend (Go)	UNKNOWN STEP	2026-04-04T19:01:11.2892704Z go: downloading cloud.google.com/go/compute/metadata v0.2.3
Backend (Go)	UNKNOWN STEP	2026-04-04T19:01:11.2960508Z go: downloading cloud.google.com/go/compute v1.23.3
Backend (Go)	UNKNOWN STEP	2026-04-04T19:01:11.4362562Z go: downloading cloud.google.com/go/iam v1.1.5
Backend (Go)	UNKNOWN STEP	2026-04-04T19:01:12.0512678Z go: downloading cloud.google.com/go/longrunning v0.5.4
Backend (Go)	UNKNOWN STEP	2026-04-04T19:01:12.0514586Z go: downloading google.golang.org/genproto/googleapis/api v0.0.0-20231211222908-989df2bf70f3
Backend (Go)	UNKNOWN STEP	2026-04-04T19:01:12.0528981Z go: downloading go.opencensus.io v0.24.0
Backend (Go)	UNKNOWN STEP	2026-04-04T19:01:12.0722910Z go: downloading golang.org/x/xerrors v0.0.0-20231012003039-104605ab7028
Backend (Go)	UNKNOWN STEP	2026-04-04T19:01:12.0858386Z go: downloading golang.org/x/net v0.51.0
Backend (Go)	UNKNOWN STEP	2026-04-04T19:01:12.0981849Z go: downloading golang.org/x/sync v0.19.0
Backend (Go)	UNKNOWN STEP	2026-04-04T19:01:12.1091149Z go: downloading golang.org/x/sys v0.42.0
Backend (Go)	UNKNOWN STEP	2026-04-04T19:01:12.2165623Z go: downloading go.opentelemetry.io/contrib/instrumentation/net/http/otelhttp v0.46.1
Backend (Go)	UNKNOWN STEP	2026-04-04T19:01:12.2691135Z go: downloading go.opentelemetry.io/contrib/instrumentation/google.golang.org/grpc/otelgrpc v0.46.1
Backend (Go)	UNKNOWN STEP	2026-04-04T19:01:12.2798134Z go: downloading github.com/google/s2a-go v0.1.7
Backend (Go)	UNKNOWN STEP	2026-04-04T19:01:12.3197654Z go: downloading github.com/golang/groupcache v0.0.0-20210331224755-41bb18bfe9da
Backend (Go)	UNKNOWN STEP	2026-04-04T19:01:12.3310498Z go: downloading github.com/googleapis/enterprise-certificate-proxy v0.3.2
Backend (Go)	UNKNOWN STEP	2026-04-04T19:01:12.3335310Z go: downloading go.opentelemetry.io/otel v1.21.0
Backend (Go)	UNKNOWN STEP	2026-04-04T19:01:12.6177506Z go: downloading go.opentelemetry.io/otel/metric v1.21.0
Backend (Go)	UNKNOWN STEP	2026-04-04T19:01:12.6180127Z go: downloading go.opentelemetry.io/otel/trace v1.21.0
Backend (Go)	UNKNOWN STEP	2026-04-04T19:01:12.6191761Z go: downloading github.com/felixge/httpsnoop v1.0.4
Backend (Go)	UNKNOWN STEP	2026-04-04T19:01:12.6212410Z go: downloading github.com/go-logr/logr v1.3.0
Backend (Go)	UNKNOWN STEP	2026-04-04T19:01:12.6288770Z go: downloading github.com/go-logr/stdr v1.2.2
Backend (Go)	UNKNOWN STEP	2026-04-04T19:01:12.6985514Z go: downloading golang.org/x/crypto v0.48.0
Backend (Go)	UNKNOWN STEP	2026-04-04T19:01:12.8193065Z go: golang.org/x/net@v0.51.0 requires go >= 1.25.0 (running go 1.24.0)
Backend (Go)	UNKNOWN STEP	2026-04-04T19:01:12.8218057Z ##[error]Process completed with exit code 1.
Backend (Go)	UNKNOWN STEP	2026-04-04T19:01:12.8330029Z Post job cleanup.
Backend (Go)	UNKNOWN STEP	2026-04-04T19:01:12.9263923Z [command]/usr/bin/git version
Backend (Go)	UNKNOWN STEP	2026-04-04T19:01:12.9298154Z git version 2.53.0
Backend (Go)	UNKNOWN STEP	2026-04-04T19:01:12.9345423Z Temporarily overriding HOME='/home/runner/work/_temp/ecfe3585-1137-4ef5-b712-c761d8d5fb8a' before making global git config changes
Backend (Go)	UNKNOWN STEP	2026-04-04T19:01:12.9346658Z Adding repository directory to the temporary git global config as a safe directory
Backend (Go)	UNKNOWN STEP	2026-04-04T19:01:12.9350513Z [command]/usr/bin/git config --global --add safe.directory /home/runner/work/utba-swarmmap/utba-swarmmap
Backend (Go)	UNKNOWN STEP	2026-04-04T19:01:12.9382861Z [command]/usr/bin/git config --local --name-only --get-regexp core\.sshCommand
Backend (Go)	UNKNOWN STEP	2026-04-04T19:01:12.9414034Z [command]/usr/bin/git submodule foreach --recursive sh -c "git config --local --name-only --get-regexp 'core\.sshCommand' && git config --local --unset-all 'core.sshCommand' || :"
Backend (Go)	UNKNOWN STEP	2026-04-04T19:01:12.9630795Z [command]/usr/bin/git config --local --name-only --get-regexp http\.https\:\/\/github\.com\/\.extraheader
Backend (Go)	UNKNOWN STEP	2026-04-04T19:01:12.9649986Z http.https://github.com/.extraheader
Backend (Go)	UNKNOWN STEP	2026-04-04T19:01:12.9661636Z [command]/usr/bin/git config --local --unset-all http.https://github.com/.extraheader
Backend (Go)	UNKNOWN STEP	2026-04-04T19:01:12.9690375Z [command]/usr/bin/git submodule foreach --recursive sh -c "git config --local --name-only --get-regexp 'http\.https\:\/\/github\.com\/\.extraheader' && git config --local --unset-all 'http.https://github.com/.extraheader' || :"
Backend (Go)	UNKNOWN STEP	2026-04-04T19:01:12.9898935Z [command]/usr/bin/git config --local --name-only --get-regexp ^includeIf\.gitdir:
Backend (Go)	UNKNOWN STEP	2026-04-04T19:01:12.9927324Z [command]/usr/bin/git submodule foreach --recursive git config --local --show-origin --name-only --get-regexp remote.origin.url
Backend (Go)	UNKNOWN STEP	2026-04-04T19:01:13.0242334Z Cleaning up orphan processes
Backend (Go)	UNKNOWN STEP	2026-04-04T19:01:13.0532301Z ##[warning]Node.js 20 actions are deprecated. The following actions are running on Node.js 20 and may not work as expected: actions/checkout@v4, actions/setup-go@v5. Actions will be forced to run with Node.js 24 by default starting June 2nd, 2026. Node.js 20 will be removed from the runner on September 16th, 2026. Please check if updated versions of these actions are available that support Node.js 24. To opt into Node.js 24 now, set the FORCE_JAVASCRIPT_ACTIONS_TO_NODE24=true environment variable on the runner or in your workflow file. Once Node.js 24 becomes the default, you can temporarily opt out by setting ACTIONS_ALLOW_USE_UNSECURE_NODE_VERSION=true. For more information see: https://github.blog/changelog/2025-09-19-deprecation-of-node-20-on-github-actions-runners/
