Backend (Go)	UNKNOWN STEP	﻿2026-04-04T15:50:23.7762159Z Current runner version: '2.333.1'
Backend (Go)	UNKNOWN STEP	2026-04-04T15:50:23.7786537Z ##[group]Runner Image Provisioner
Backend (Go)	UNKNOWN STEP	2026-04-04T15:50:23.7787377Z Hosted Compute Agent
Backend (Go)	UNKNOWN STEP	2026-04-04T15:50:23.7787972Z Version: 20260213.493
Backend (Go)	UNKNOWN STEP	2026-04-04T15:50:23.7788585Z Commit: 5c115507f6dd24b8de37d8bbe0bb4509d0cc0fa3
Backend (Go)	UNKNOWN STEP	2026-04-04T15:50:23.7789281Z Build Date: 2026-02-13T00:28:41Z
Backend (Go)	UNKNOWN STEP	2026-04-04T15:50:23.7790204Z Worker ID: {e4de540d-0599-41a1-ab58-184e799608d2}
Backend (Go)	UNKNOWN STEP	2026-04-04T15:50:23.7790880Z Azure Region: northcentralus
Backend (Go)	UNKNOWN STEP	2026-04-04T15:50:23.7791501Z ##[endgroup]
Backend (Go)	UNKNOWN STEP	2026-04-04T15:50:23.7792927Z ##[group]Operating System
Backend (Go)	UNKNOWN STEP	2026-04-04T15:50:23.7793598Z Ubuntu
Backend (Go)	UNKNOWN STEP	2026-04-04T15:50:23.7794073Z 24.04.4
Backend (Go)	UNKNOWN STEP	2026-04-04T15:50:23.7794714Z LTS
Backend (Go)	UNKNOWN STEP	2026-04-04T15:50:23.7795233Z ##[endgroup]
Backend (Go)	UNKNOWN STEP	2026-04-04T15:50:23.7795732Z ##[group]Runner Image
Backend (Go)	UNKNOWN STEP	2026-04-04T15:50:23.7796396Z Image: ubuntu-24.04
Backend (Go)	UNKNOWN STEP	2026-04-04T15:50:23.7796923Z Version: 20260329.72.1
Backend (Go)	UNKNOWN STEP	2026-04-04T15:50:23.7798246Z Included Software: https://github.com/actions/runner-images/blob/ubuntu24/20260329.72/images/ubuntu/Ubuntu2404-Readme.md
Backend (Go)	UNKNOWN STEP	2026-04-04T15:50:23.7800090Z Image Release: https://github.com/actions/runner-images/releases/tag/ubuntu24%2F20260329.72
Backend (Go)	UNKNOWN STEP	2026-04-04T15:50:23.7801115Z ##[endgroup]
Backend (Go)	UNKNOWN STEP	2026-04-04T15:50:23.7802167Z ##[group]GITHUB_TOKEN Permissions
Backend (Go)	UNKNOWN STEP	2026-04-04T15:50:23.7804224Z Contents: read
Backend (Go)	UNKNOWN STEP	2026-04-04T15:50:23.7804901Z Metadata: read
Backend (Go)	UNKNOWN STEP	2026-04-04T15:50:23.7805371Z Packages: read
Backend (Go)	UNKNOWN STEP	2026-04-04T15:50:23.7805881Z ##[endgroup]
Backend (Go)	UNKNOWN STEP	2026-04-04T15:50:23.7807851Z Secret source: None
Backend (Go)	UNKNOWN STEP	2026-04-04T15:50:23.7808547Z Prepare workflow directory
Backend (Go)	UNKNOWN STEP	2026-04-04T15:50:23.9873510Z Prepare all required actions
Backend (Go)	UNKNOWN STEP	2026-04-04T15:50:23.9928216Z Getting action download info
Backend (Go)	UNKNOWN STEP	2026-04-04T15:50:24.2866368Z Download action repository 'actions/checkout@v4' (SHA:34e114876b0b11c390a56381ad16ebd13914f8d5)
Backend (Go)	UNKNOWN STEP	2026-04-04T15:50:24.4091597Z Download action repository 'actions/setup-go@v5' (SHA:40f1582b2485089dde7abd97c1529aa768e1baff)
Backend (Go)	UNKNOWN STEP	2026-04-04T15:50:24.8358517Z Download action repository 'golangci/golangci-lint-action@v6' (SHA:55c2c1448f86e01eaae002a5a3a9624417608d84)
Backend (Go)	UNKNOWN STEP	2026-04-04T15:50:25.2620026Z Download action repository 'securego/gosec@master' (SHA:1af5d582f8fa08ac6621ccc1168b4d3d9d2b2eec)
Backend (Go)	UNKNOWN STEP	2026-04-04T15:50:26.1072231Z Complete job name: Backend (Go)
Backend (Go)	UNKNOWN STEP	2026-04-04T15:50:26.2245598Z ##[group]Pull down action image 'ghcr.io/securego/gosec:2.25.0'
Backend (Go)	UNKNOWN STEP	2026-04-04T15:50:26.2336924Z ##[command]/usr/bin/docker pull ghcr.io/securego/gosec:2.25.0
Backend (Go)	UNKNOWN STEP	2026-04-04T15:50:26.6097707Z 2.25.0: Pulling from securego/gosec
Backend (Go)	UNKNOWN STEP	2026-04-04T15:50:26.6974575Z 589002ba0eae: Already exists
Backend (Go)	UNKNOWN STEP	2026-04-04T15:50:26.7002712Z 644a983862e3: Pulling fs layer
Backend (Go)	UNKNOWN STEP	2026-04-04T15:50:26.7005293Z 6fbff1d4eb7e: Pulling fs layer
Backend (Go)	UNKNOWN STEP	2026-04-04T15:50:26.7007145Z 13ee208a3600: Pulling fs layer
Backend (Go)	UNKNOWN STEP	2026-04-04T15:50:26.7008669Z 4f4fb700ef54: Pulling fs layer
Backend (Go)	UNKNOWN STEP	2026-04-04T15:50:26.7009971Z 8e4ca6825065: Pulling fs layer
Backend (Go)	UNKNOWN STEP	2026-04-04T15:50:26.7011180Z 2de8f3bc93bb: Pulling fs layer
Backend (Go)	UNKNOWN STEP	2026-04-04T15:50:26.7012126Z 19c9efa60884: Pulling fs layer
Backend (Go)	UNKNOWN STEP	2026-04-04T15:50:26.7013014Z 2de8f3bc93bb: Waiting
Backend (Go)	UNKNOWN STEP	2026-04-04T15:50:26.7013817Z 19c9efa60884: Waiting
Backend (Go)	UNKNOWN STEP	2026-04-04T15:50:26.7014655Z 8e4ca6825065: Waiting
Backend (Go)	UNKNOWN STEP	2026-04-04T15:50:26.7922452Z 644a983862e3: Verifying Checksum
Backend (Go)	UNKNOWN STEP	2026-04-04T15:50:26.7924437Z 644a983862e3: Download complete
Backend (Go)	UNKNOWN STEP	2026-04-04T15:50:26.8041316Z 13ee208a3600: Verifying Checksum
Backend (Go)	UNKNOWN STEP	2026-04-04T15:50:26.8044747Z 13ee208a3600: Download complete
Backend (Go)	UNKNOWN STEP	2026-04-04T15:50:26.8817410Z 4f4fb700ef54: Verifying Checksum
Backend (Go)	UNKNOWN STEP	2026-04-04T15:50:26.8819881Z 4f4fb700ef54: Download complete
Backend (Go)	UNKNOWN STEP	2026-04-04T15:50:27.0862503Z 6fbff1d4eb7e: Verifying Checksum
Backend (Go)	UNKNOWN STEP	2026-04-04T15:50:27.0864274Z 6fbff1d4eb7e: Download complete
Backend (Go)	UNKNOWN STEP	2026-04-04T15:50:27.1816531Z 2de8f3bc93bb: Verifying Checksum
Backend (Go)	UNKNOWN STEP	2026-04-04T15:50:27.1818087Z 2de8f3bc93bb: Download complete
Backend (Go)	UNKNOWN STEP	2026-04-04T15:50:27.1991206Z 19c9efa60884: Download complete
Backend (Go)	UNKNOWN STEP	2026-04-04T15:50:27.5058195Z 8e4ca6825065: Verifying Checksum
Backend (Go)	UNKNOWN STEP	2026-04-04T15:50:27.5059252Z 8e4ca6825065: Download complete
Backend (Go)	UNKNOWN STEP	2026-04-04T15:50:29.5169498Z 644a983862e3: Pull complete
Backend (Go)	UNKNOWN STEP	2026-04-04T15:50:34.3588225Z 6fbff1d4eb7e: Pull complete
Backend (Go)	UNKNOWN STEP	2026-04-04T15:50:34.3692815Z 13ee208a3600: Pull complete
Backend (Go)	UNKNOWN STEP	2026-04-04T15:50:34.3807463Z 4f4fb700ef54: Pull complete
Backend (Go)	UNKNOWN STEP	2026-04-04T15:50:35.9514364Z 8e4ca6825065: Pull complete
Backend (Go)	UNKNOWN STEP	2026-04-04T15:50:36.1227028Z 2de8f3bc93bb: Pull complete
Backend (Go)	UNKNOWN STEP	2026-04-04T15:50:36.1318987Z 19c9efa60884: Pull complete
Backend (Go)	UNKNOWN STEP	2026-04-04T15:50:36.1357375Z Digest: sha256:a735b6eedb06d3bc95d196b4320d1f3829caa0ee009e4b4749917cdd070ab026
Backend (Go)	UNKNOWN STEP	2026-04-04T15:50:36.1398924Z Status: Downloaded newer image for ghcr.io/securego/gosec:2.25.0
Backend (Go)	UNKNOWN STEP	2026-04-04T15:50:36.1407457Z ghcr.io/securego/gosec:2.25.0
Backend (Go)	UNKNOWN STEP	2026-04-04T15:50:36.1429123Z ##[endgroup]
Backend (Go)	UNKNOWN STEP	2026-04-04T15:50:36.6623680Z ##[group]Run actions/checkout@v4
Backend (Go)	UNKNOWN STEP	2026-04-04T15:50:36.6624266Z with:
Backend (Go)	UNKNOWN STEP	2026-04-04T15:50:36.6624505Z   repository: fkcurrie/utba-swarmmap
Backend (Go)	UNKNOWN STEP	2026-04-04T15:50:36.6625041Z   token: ***
Backend (Go)	UNKNOWN STEP	2026-04-04T15:50:36.6625271Z   ssh-strict: true
Backend (Go)	UNKNOWN STEP	2026-04-04T15:50:36.6625479Z   ssh-user: git
Backend (Go)	UNKNOWN STEP	2026-04-04T15:50:36.6625688Z   persist-credentials: true
Backend (Go)	UNKNOWN STEP	2026-04-04T15:50:36.6625921Z   clean: true
Backend (Go)	UNKNOWN STEP	2026-04-04T15:50:36.6626140Z   sparse-checkout-cone-mode: true
Backend (Go)	UNKNOWN STEP	2026-04-04T15:50:36.6626397Z   fetch-depth: 1
Backend (Go)	UNKNOWN STEP	2026-04-04T15:50:36.6626617Z   fetch-tags: false
Backend (Go)	UNKNOWN STEP	2026-04-04T15:50:36.6626830Z   show-progress: true
Backend (Go)	UNKNOWN STEP	2026-04-04T15:50:36.6627040Z   lfs: false
Backend (Go)	UNKNOWN STEP	2026-04-04T15:50:36.6627225Z   submodules: false
Backend (Go)	UNKNOWN STEP	2026-04-04T15:50:36.6627439Z   set-safe-directory: true
Backend (Go)	UNKNOWN STEP	2026-04-04T15:50:36.6627991Z ##[endgroup]
Backend (Go)	UNKNOWN STEP	2026-04-04T15:50:36.7697751Z Syncing repository: fkcurrie/utba-swarmmap
Backend (Go)	UNKNOWN STEP	2026-04-04T15:50:36.7699026Z ##[group]Getting Git version info
Backend (Go)	UNKNOWN STEP	2026-04-04T15:50:36.7699544Z Working directory is '/home/runner/work/utba-swarmmap/utba-swarmmap'
Backend (Go)	UNKNOWN STEP	2026-04-04T15:50:36.7700496Z [command]/usr/bin/git version
Backend (Go)	UNKNOWN STEP	2026-04-04T15:50:36.7757916Z git version 2.53.0
Backend (Go)	UNKNOWN STEP	2026-04-04T15:50:36.7783875Z ##[endgroup]
Backend (Go)	UNKNOWN STEP	2026-04-04T15:50:36.7797737Z Temporarily overriding HOME='/home/runner/work/_temp/886b794c-9364-4bb4-928b-4e395c022cb3' before making global git config changes
Backend (Go)	UNKNOWN STEP	2026-04-04T15:50:36.7798578Z Adding repository directory to the temporary git global config as a safe directory
Backend (Go)	UNKNOWN STEP	2026-04-04T15:50:36.7803269Z [command]/usr/bin/git config --global --add safe.directory /home/runner/work/utba-swarmmap/utba-swarmmap
Backend (Go)	UNKNOWN STEP	2026-04-04T15:50:36.7835959Z Deleting the contents of '/home/runner/work/utba-swarmmap/utba-swarmmap'
Backend (Go)	UNKNOWN STEP	2026-04-04T15:50:36.7839391Z ##[group]Initializing the repository
Backend (Go)	UNKNOWN STEP	2026-04-04T15:50:36.7843621Z [command]/usr/bin/git init /home/runner/work/utba-swarmmap/utba-swarmmap
Backend (Go)	UNKNOWN STEP	2026-04-04T15:50:36.7921785Z hint: Using 'master' as the name for the initial branch. This default branch name
Backend (Go)	UNKNOWN STEP	2026-04-04T15:50:36.7922946Z hint: will change to "main" in Git 3.0. To configure the initial branch name
Backend (Go)	UNKNOWN STEP	2026-04-04T15:50:36.7923952Z hint: to use in all of your new repositories, which will suppress this warning,
Backend (Go)	UNKNOWN STEP	2026-04-04T15:50:36.7924689Z hint: call:
Backend (Go)	UNKNOWN STEP	2026-04-04T15:50:36.7925027Z hint:
Backend (Go)	UNKNOWN STEP	2026-04-04T15:50:36.7925754Z hint: 	git config --global init.defaultBranch <name>
Backend (Go)	UNKNOWN STEP	2026-04-04T15:50:36.7926426Z hint:
Backend (Go)	UNKNOWN STEP	2026-04-04T15:50:36.7927004Z hint: Names commonly chosen instead of 'master' are 'main', 'trunk' and
Backend (Go)	UNKNOWN STEP	2026-04-04T15:50:36.7927950Z hint: 'development'. The just-created branch can be renamed via this command:
Backend (Go)	UNKNOWN STEP	2026-04-04T15:50:36.7928698Z hint:
Backend (Go)	UNKNOWN STEP	2026-04-04T15:50:36.7929114Z hint: 	git branch -m <name>
Backend (Go)	UNKNOWN STEP	2026-04-04T15:50:36.7929548Z hint:
Backend (Go)	UNKNOWN STEP	2026-04-04T15:50:36.7930473Z hint: Disable this message with "git config set advice.defaultBranchName false"
Backend (Go)	UNKNOWN STEP	2026-04-04T15:50:36.7931563Z Initialized empty Git repository in /home/runner/work/utba-swarmmap/utba-swarmmap/.git/
Backend (Go)	UNKNOWN STEP	2026-04-04T15:50:36.7937256Z [command]/usr/bin/git remote add origin https://github.com/fkcurrie/utba-swarmmap
Backend (Go)	UNKNOWN STEP	2026-04-04T15:50:36.7966512Z ##[endgroup]
Backend (Go)	UNKNOWN STEP	2026-04-04T15:50:36.7967193Z ##[group]Disabling automatic garbage collection
Backend (Go)	UNKNOWN STEP	2026-04-04T15:50:36.7971919Z [command]/usr/bin/git config --local gc.auto 0
Backend (Go)	UNKNOWN STEP	2026-04-04T15:50:36.7999479Z ##[endgroup]
Backend (Go)	UNKNOWN STEP	2026-04-04T15:50:36.8000261Z ##[group]Setting up auth
Backend (Go)	UNKNOWN STEP	2026-04-04T15:50:36.8006845Z [command]/usr/bin/git config --local --name-only --get-regexp core\.sshCommand
Backend (Go)	UNKNOWN STEP	2026-04-04T15:50:36.8036342Z [command]/usr/bin/git submodule foreach --recursive sh -c "git config --local --name-only --get-regexp 'core\.sshCommand' && git config --local --unset-all 'core.sshCommand' || :"
Backend (Go)	UNKNOWN STEP	2026-04-04T15:50:36.8314421Z [command]/usr/bin/git config --local --name-only --get-regexp http\.https\:\/\/github\.com\/\.extraheader
Backend (Go)	UNKNOWN STEP	2026-04-04T15:50:36.8342837Z [command]/usr/bin/git submodule foreach --recursive sh -c "git config --local --name-only --get-regexp 'http\.https\:\/\/github\.com\/\.extraheader' && git config --local --unset-all 'http.https://github.com/.extraheader' || :"
Backend (Go)	UNKNOWN STEP	2026-04-04T15:50:36.8557229Z [command]/usr/bin/git config --local --name-only --get-regexp ^includeIf\.gitdir:
Backend (Go)	UNKNOWN STEP	2026-04-04T15:50:36.8594084Z [command]/usr/bin/git submodule foreach --recursive git config --local --show-origin --name-only --get-regexp remote.origin.url
Backend (Go)	UNKNOWN STEP	2026-04-04T15:50:36.8812052Z [command]/usr/bin/git config --local http.https://github.com/.extraheader AUTHORIZATION: basic ***
Backend (Go)	UNKNOWN STEP	2026-04-04T15:50:36.8845852Z ##[endgroup]
Backend (Go)	UNKNOWN STEP	2026-04-04T15:50:36.8846571Z ##[group]Fetching the repository
Backend (Go)	UNKNOWN STEP	2026-04-04T15:50:36.8855295Z [command]/usr/bin/git -c protocol.version=2 fetch --no-tags --prune --no-recurse-submodules --depth=1 origin +d10d8ad95ed16112a0cec48f49c04773a46265cd:refs/remotes/pull/27/merge
Backend (Go)	UNKNOWN STEP	2026-04-04T15:50:37.2876838Z From https://github.com/fkcurrie/utba-swarmmap
Backend (Go)	UNKNOWN STEP	2026-04-04T15:50:37.2877715Z  * [new ref]         d10d8ad95ed16112a0cec48f49c04773a46265cd -> pull/27/merge
Backend (Go)	UNKNOWN STEP	2026-04-04T15:50:37.2905536Z ##[endgroup]
Backend (Go)	UNKNOWN STEP	2026-04-04T15:50:37.2906110Z ##[group]Determining the checkout info
Backend (Go)	UNKNOWN STEP	2026-04-04T15:50:37.2908034Z ##[endgroup]
Backend (Go)	UNKNOWN STEP	2026-04-04T15:50:37.2913542Z [command]/usr/bin/git sparse-checkout disable
Backend (Go)	UNKNOWN STEP	2026-04-04T15:50:37.2952005Z [command]/usr/bin/git config --local --unset-all extensions.worktreeConfig
Backend (Go)	UNKNOWN STEP	2026-04-04T15:50:37.2979371Z ##[group]Checking out the ref
Backend (Go)	UNKNOWN STEP	2026-04-04T15:50:37.2985018Z [command]/usr/bin/git checkout --progress --force refs/remotes/pull/27/merge
Backend (Go)	UNKNOWN STEP	2026-04-04T15:50:37.3212629Z Note: switching to 'refs/remotes/pull/27/merge'.
Backend (Go)	UNKNOWN STEP	2026-04-04T15:50:37.3214380Z 
Backend (Go)	UNKNOWN STEP	2026-04-04T15:50:37.3215194Z You are in 'detached HEAD' state. You can look around, make experimental
Backend (Go)	UNKNOWN STEP	2026-04-04T15:50:37.3216218Z changes and commit them, and you can discard any commits you make in this
Backend (Go)	UNKNOWN STEP	2026-04-04T15:50:37.3217141Z state without impacting any branches by switching back to a branch.
Backend (Go)	UNKNOWN STEP	2026-04-04T15:50:37.3217656Z 
Backend (Go)	UNKNOWN STEP	2026-04-04T15:50:37.3218056Z If you want to create a new branch to retain commits you create, you may
Backend (Go)	UNKNOWN STEP	2026-04-04T15:50:37.3218917Z do so (now or later) by using -c with the switch command. Example:
Backend (Go)	UNKNOWN STEP	2026-04-04T15:50:37.3219385Z 
Backend (Go)	UNKNOWN STEP	2026-04-04T15:50:37.3219614Z   git switch -c <new-branch-name>
Backend (Go)	UNKNOWN STEP	2026-04-04T15:50:37.3223703Z 
Backend (Go)	UNKNOWN STEP	2026-04-04T15:50:37.3223849Z Or undo this operation with:
Backend (Go)	UNKNOWN STEP	2026-04-04T15:50:37.3224031Z 
Backend (Go)	UNKNOWN STEP	2026-04-04T15:50:37.3224131Z   git switch -
Backend (Go)	UNKNOWN STEP	2026-04-04T15:50:37.3224282Z 
Backend (Go)	UNKNOWN STEP	2026-04-04T15:50:37.3224541Z Turn off this advice by setting config variable advice.detachedHead to false
Backend (Go)	UNKNOWN STEP	2026-04-04T15:50:37.3224938Z 
Backend (Go)	UNKNOWN STEP	2026-04-04T15:50:37.3225612Z HEAD is now at d10d8ad Merge faab634c05d7a3b5c824a43a2cb9e46bf4643ba9 into ce8c646a1e1a3155ecfdd83f5a8af5e375dad3a3
Backend (Go)	UNKNOWN STEP	2026-04-04T15:50:37.3227415Z ##[endgroup]
Backend (Go)	UNKNOWN STEP	2026-04-04T15:50:37.3267755Z [command]/usr/bin/git log -1 --format=%H
Backend (Go)	UNKNOWN STEP	2026-04-04T15:50:37.3291455Z d10d8ad95ed16112a0cec48f49c04773a46265cd
Backend (Go)	UNKNOWN STEP	2026-04-04T15:50:37.3963793Z ##[group]Run actions/setup-go@v5
Backend (Go)	UNKNOWN STEP	2026-04-04T15:50:37.3964070Z with:
Backend (Go)	UNKNOWN STEP	2026-04-04T15:50:37.3964269Z   go-version-file: backend/go.mod
Backend (Go)	UNKNOWN STEP	2026-04-04T15:50:37.3964532Z   cache-dependency-path: backend/go.mod
Backend (Go)	UNKNOWN STEP	2026-04-04T15:50:37.3964805Z   check-latest: false
Backend (Go)	UNKNOWN STEP	2026-04-04T15:50:37.3965169Z   token: ***
Backend (Go)	UNKNOWN STEP	2026-04-04T15:50:37.3965360Z   cache: true
Backend (Go)	UNKNOWN STEP	2026-04-04T15:50:37.3965546Z ##[endgroup]
Backend (Go)	UNKNOWN STEP	2026-04-04T15:50:37.5616470Z Setup go version spec 1.24.0
Backend (Go)	UNKNOWN STEP	2026-04-04T15:50:37.5627102Z Attempting to download 1.24.0...
Backend (Go)	UNKNOWN STEP	2026-04-04T15:50:37.9655117Z matching 1.24.0...
Backend (Go)	UNKNOWN STEP	2026-04-04T15:50:37.9712097Z Acquiring 1.24.0 from https://github.com/actions/go-versions/releases/download/1.24.0-13277276272/go-1.24.0-linux-x64.tar.gz
Backend (Go)	UNKNOWN STEP	2026-04-04T15:50:38.5404571Z Extracting Go...
Backend (Go)	UNKNOWN STEP	2026-04-04T15:50:38.5507387Z [command]/usr/bin/tar xz --warning=no-unknown-keyword --overwrite -C /home/runner/work/_temp/2b0cdbf2-29af-464e-acd0-e20de1463271 -f /home/runner/work/_temp/18460710-369a-4a1e-9dd5-e980f40eb2b7
Backend (Go)	UNKNOWN STEP	2026-04-04T15:50:40.3361582Z Successfully extracted go to /home/runner/work/_temp/2b0cdbf2-29af-464e-acd0-e20de1463271
Backend (Go)	UNKNOWN STEP	2026-04-04T15:50:40.3362429Z Adding to the cache ...
Backend (Go)	UNKNOWN STEP	2026-04-04T15:50:45.5025740Z Successfully cached go to /opt/hostedtoolcache/go/1.24.0/x64
Backend (Go)	UNKNOWN STEP	2026-04-04T15:50:45.5046393Z Added go to the path
Backend (Go)	UNKNOWN STEP	2026-04-04T15:50:45.5047127Z Successfully set up Go version 1.24.0
Backend (Go)	UNKNOWN STEP	2026-04-04T15:50:45.5212602Z [command]/opt/hostedtoolcache/go/1.24.0/x64/bin/go env GOMODCACHE
Backend (Go)	UNKNOWN STEP	2026-04-04T15:50:45.5241275Z [command]/opt/hostedtoolcache/go/1.24.0/x64/bin/go env GOCACHE
Backend (Go)	UNKNOWN STEP	2026-04-04T15:50:45.5271884Z /home/runner/go/pkg/mod
Backend (Go)	UNKNOWN STEP	2026-04-04T15:50:45.5284265Z /home/runner/.cache/go-build
Backend (Go)	UNKNOWN STEP	2026-04-04T15:50:45.6108516Z Cache is not found
Backend (Go)	UNKNOWN STEP	2026-04-04T15:50:45.6127557Z go version go1.24.0 linux/amd64
Backend (Go)	UNKNOWN STEP	2026-04-04T15:50:45.6127757Z 
Backend (Go)	UNKNOWN STEP	2026-04-04T15:50:45.6128027Z ##[group]go env
Backend (Go)	UNKNOWN STEP	2026-04-04T15:50:45.7333647Z AR='ar'
Backend (Go)	UNKNOWN STEP	2026-04-04T15:50:45.7334076Z CC='gcc'
Backend (Go)	UNKNOWN STEP	2026-04-04T15:50:45.7334509Z CGO_CFLAGS='-O2 -g'
Backend (Go)	UNKNOWN STEP	2026-04-04T15:50:45.7334919Z CGO_CPPFLAGS=''
Backend (Go)	UNKNOWN STEP	2026-04-04T15:50:45.7335395Z CGO_CXXFLAGS='-O2 -g'
Backend (Go)	UNKNOWN STEP	2026-04-04T15:50:45.7335815Z CGO_ENABLED='1'
Backend (Go)	UNKNOWN STEP	2026-04-04T15:50:45.7336200Z CGO_FFLAGS='-O2 -g'
Backend (Go)	UNKNOWN STEP	2026-04-04T15:50:45.7336596Z CGO_LDFLAGS='-O2 -g'
Backend (Go)	UNKNOWN STEP	2026-04-04T15:50:45.7336868Z CXX='g++'
Backend (Go)	UNKNOWN STEP	2026-04-04T15:50:45.7337101Z GCCGO='gccgo'
Backend (Go)	UNKNOWN STEP	2026-04-04T15:50:45.7337332Z GO111MODULE=''
Backend (Go)	UNKNOWN STEP	2026-04-04T15:50:45.7337565Z GOAMD64='v1'
Backend (Go)	UNKNOWN STEP	2026-04-04T15:50:45.7337799Z GOARCH='amd64'
Backend (Go)	UNKNOWN STEP	2026-04-04T15:50:45.7338036Z GOAUTH='netrc'
Backend (Go)	UNKNOWN STEP	2026-04-04T15:50:45.7338260Z GOBIN=''
Backend (Go)	UNKNOWN STEP	2026-04-04T15:50:45.7338507Z GOCACHE='/home/runner/.cache/go-build'
Backend (Go)	UNKNOWN STEP	2026-04-04T15:50:45.7338810Z GOCACHEPROG=''
Backend (Go)	UNKNOWN STEP	2026-04-04T15:50:45.7339029Z GODEBUG=''
Backend (Go)	UNKNOWN STEP	2026-04-04T15:50:45.7339255Z GOENV='/home/runner/.config/go/env'
Backend (Go)	UNKNOWN STEP	2026-04-04T15:50:45.7339537Z GOEXE=''
Backend (Go)	UNKNOWN STEP	2026-04-04T15:50:45.7340011Z GOEXPERIMENT=''
Backend (Go)	UNKNOWN STEP	2026-04-04T15:50:45.7340267Z GOFIPS140='off'
Backend (Go)	UNKNOWN STEP	2026-04-04T15:50:45.7340524Z GOFLAGS=''
Backend (Go)	UNKNOWN STEP	2026-04-04T15:50:45.7341345Z GOGCCFLAGS='-fPIC -m64 -pthread -Wl,--no-gc-sections -fmessage-length=0 -ffile-prefix-map=/tmp/go-build1274707085=/tmp/go-build -gno-record-gcc-switches'
Backend (Go)	UNKNOWN STEP	2026-04-04T15:50:45.7342184Z GOHOSTARCH='amd64'
Backend (Go)	UNKNOWN STEP	2026-04-04T15:50:45.7342418Z GOHOSTOS='linux'
Backend (Go)	UNKNOWN STEP	2026-04-04T15:50:45.7342645Z GOINSECURE=''
Backend (Go)	UNKNOWN STEP	2026-04-04T15:50:45.7342875Z GOMOD='/dev/null'
Backend (Go)	UNKNOWN STEP	2026-04-04T15:50:45.7343144Z GOMODCACHE='/home/runner/go/pkg/mod'
Backend (Go)	UNKNOWN STEP	2026-04-04T15:50:45.7343443Z GONOPROXY=''
Backend (Go)	UNKNOWN STEP	2026-04-04T15:50:45.7343658Z GONOSUMDB=''
Backend (Go)	UNKNOWN STEP	2026-04-04T15:50:45.7343863Z GOOS='linux'
Backend (Go)	UNKNOWN STEP	2026-04-04T15:50:45.7344090Z GOPATH='/home/runner/go'
Backend (Go)	UNKNOWN STEP	2026-04-04T15:50:45.7344343Z GOPRIVATE=''
Backend (Go)	UNKNOWN STEP	2026-04-04T15:50:45.7344636Z GOPROXY='https://proxy.golang.org,direct'
Backend (Go)	UNKNOWN STEP	2026-04-04T15:50:45.7345009Z GOROOT='/opt/hostedtoolcache/go/1.24.0/x64'
Backend (Go)	UNKNOWN STEP	2026-04-04T15:50:45.7345342Z GOSUMDB='sum.golang.org'
Backend (Go)	UNKNOWN STEP	2026-04-04T15:50:45.7345606Z GOTELEMETRY='local'
Backend (Go)	UNKNOWN STEP	2026-04-04T15:50:45.7345900Z GOTELEMETRYDIR='/home/runner/.config/go/telemetry'
Backend (Go)	UNKNOWN STEP	2026-04-04T15:50:45.7346250Z GOTMPDIR=''
Backend (Go)	UNKNOWN STEP	2026-04-04T15:50:45.7346467Z GOTOOLCHAIN='auto'
Backend (Go)	UNKNOWN STEP	2026-04-04T15:50:45.7346831Z GOTOOLDIR='/opt/hostedtoolcache/go/1.24.0/x64/pkg/tool/linux_amd64'
Backend (Go)	UNKNOWN STEP	2026-04-04T15:50:45.7347494Z GOVCS=''
Backend (Go)	UNKNOWN STEP	2026-04-04T15:50:45.7347716Z GOVERSION='go1.24.0'
Backend (Go)	UNKNOWN STEP	2026-04-04T15:50:45.7347949Z GOWORK=''
Backend (Go)	UNKNOWN STEP	2026-04-04T15:50:45.7348167Z PKG_CONFIG='pkg-config'
Backend (Go)	UNKNOWN STEP	2026-04-04T15:50:45.7348329Z 
Backend (Go)	UNKNOWN STEP	2026-04-04T15:50:45.7348681Z ##[endgroup]
Backend (Go)	UNKNOWN STEP	2026-04-04T15:50:45.7685111Z ##[group]Run go fmt ./...
Backend (Go)	UNKNOWN STEP	2026-04-04T15:50:45.7685413Z [36;1mgo fmt ./...[0m
Backend (Go)	UNKNOWN STEP	2026-04-04T15:50:45.7716925Z shell: /usr/bin/bash -e {0}
Backend (Go)	UNKNOWN STEP	2026-04-04T15:50:45.7717182Z ##[endgroup]
Backend (Go)	UNKNOWN STEP	2026-04-04T15:50:45.7857120Z go: downloading cloud.google.com/go/firestore v1.14.0
Backend (Go)	UNKNOWN STEP	2026-04-04T15:50:45.7858403Z go: downloading cloud.google.com/go/storage v1.36.0
Backend (Go)	UNKNOWN STEP	2026-04-04T15:50:45.7859346Z go: downloading github.com/google/uuid v1.5.0
Backend (Go)	UNKNOWN STEP	2026-04-04T15:50:45.7865080Z go: downloading google.golang.org/api v0.155.0
Backend (Go)	UNKNOWN STEP	2026-04-04T15:50:45.8549307Z go: downloading google.golang.org/grpc v1.60.1
Backend (Go)	UNKNOWN STEP	2026-04-04T15:50:45.9027867Z go: downloading cloud.google.com/go v0.110.10
Backend (Go)	UNKNOWN STEP	2026-04-04T15:50:45.9647561Z go: downloading golang.org/x/oauth2 v0.15.0
Backend (Go)	UNKNOWN STEP	2026-04-04T15:50:46.0519470Z go: downloading cloud.google.com/go/compute/metadata v0.2.3
Backend (Go)	UNKNOWN STEP	2026-04-04T15:50:46.0599411Z go: downloading cloud.google.com/go/compute v1.23.3
Backend (Go)	UNKNOWN STEP	2026-04-04T15:50:46.1580404Z go: downloading cloud.google.com/go/iam v1.1.5
Backend (Go)	UNKNOWN STEP	2026-04-04T15:50:46.1865613Z go: downloading github.com/googleapis/gax-go/v2 v2.12.0
Backend (Go)	UNKNOWN STEP	2026-04-04T15:50:48.2258266Z go: downloading google.golang.org/genproto v0.0.0-20231211222908-989df2bf70f3
Backend (Go)	UNKNOWN STEP	2026-04-04T15:50:48.2260166Z go: downloading google.golang.org/protobuf v1.36.11
Backend (Go)	UNKNOWN STEP	2026-04-04T15:50:48.4980933Z go: downloading github.com/golang/protobuf v1.5.3
Backend (Go)	UNKNOWN STEP	2026-04-04T15:50:48.5278785Z go: downloading golang.org/x/time v0.5.0
Backend (Go)	UNKNOWN STEP	2026-04-04T15:50:48.6291392Z go: downloading google.golang.org/genproto/googleapis/rpc v0.0.0-20231212172506-995d672761c0
Backend (Go)	UNKNOWN STEP	2026-04-04T15:50:48.8581664Z go: downloading google.golang.org/genproto/googleapis/api v0.0.0-20231211222908-989df2bf70f3
Backend (Go)	UNKNOWN STEP	2026-04-04T15:50:48.8584162Z go: downloading go.opencensus.io v0.24.0
Backend (Go)	UNKNOWN STEP	2026-04-04T15:50:48.8585524Z go: downloading golang.org/x/xerrors v0.0.0-20231012003039-104605ab7028
Backend (Go)	UNKNOWN STEP	2026-04-04T15:50:48.8709281Z go: downloading go.opentelemetry.io/contrib/instrumentation/net/http/otelhttp v0.46.1
Backend (Go)	UNKNOWN STEP	2026-04-04T15:50:48.8890895Z go: downloading golang.org/x/net v0.52.0
Backend (Go)	UNKNOWN STEP	2026-04-04T15:50:48.9173373Z go: downloading cloud.google.com/go/longrunning v0.5.4
Backend (Go)	UNKNOWN STEP	2026-04-04T15:50:48.9181270Z go: downloading golang.org/x/sync v0.20.0
Backend (Go)	UNKNOWN STEP	2026-04-04T15:50:48.9362970Z go: downloading golang.org/x/sys v0.42.0
Backend (Go)	UNKNOWN STEP	2026-04-04T15:50:48.9367527Z go: downloading go.opentelemetry.io/contrib/instrumentation/google.golang.org/grpc/otelgrpc v0.46.1
Backend (Go)	UNKNOWN STEP	2026-04-04T15:50:48.9562959Z go: downloading github.com/google/s2a-go v0.1.7
Backend (Go)	UNKNOWN STEP	2026-04-04T15:50:49.0070229Z go: downloading github.com/felixge/httpsnoop v1.0.4
Backend (Go)	UNKNOWN STEP	2026-04-04T15:50:49.0174568Z go: downloading go.opentelemetry.io/otel v1.21.0
Backend (Go)	UNKNOWN STEP	2026-04-04T15:50:49.1174553Z go: downloading go.opentelemetry.io/otel/metric v1.21.0
Backend (Go)	UNKNOWN STEP	2026-04-04T15:50:49.1176832Z go: downloading go.opentelemetry.io/otel/trace v1.21.0
Backend (Go)	UNKNOWN STEP	2026-04-04T15:50:49.1180156Z go: downloading github.com/googleapis/enterprise-certificate-proxy v0.3.2
Backend (Go)	UNKNOWN STEP	2026-04-04T15:50:49.1339607Z go: downloading github.com/golang/groupcache v0.0.0-20210331224755-41bb18bfe9da
Backend (Go)	UNKNOWN STEP	2026-04-04T15:50:49.1394801Z go: downloading github.com/go-logr/logr v1.3.0
Backend (Go)	UNKNOWN STEP	2026-04-04T15:50:49.1416652Z go: downloading github.com/go-logr/stdr v1.2.2
Backend (Go)	UNKNOWN STEP	2026-04-04T15:50:49.1464408Z go: downloading golang.org/x/crypto v0.49.0
Backend (Go)	UNKNOWN STEP	2026-04-04T15:50:49.2623691Z go: golang.org/x/sync@v0.20.0 requires go >= 1.25.0 (running go 1.24.0)
Backend (Go)	UNKNOWN STEP	2026-04-04T15:50:49.2651993Z ##[error]Process completed with exit code 1.
Backend (Go)	UNKNOWN STEP	2026-04-04T15:50:49.4561671Z Post job cleanup.
Backend (Go)	UNKNOWN STEP	2026-04-04T15:50:49.5504429Z [command]/usr/bin/git version
Backend (Go)	UNKNOWN STEP	2026-04-04T15:50:49.5540064Z git version 2.53.0
Backend (Go)	UNKNOWN STEP	2026-04-04T15:50:49.5589660Z Temporarily overriding HOME='/home/runner/work/_temp/636b434b-b8d1-4978-ac73-59bc7156bf46' before making global git config changes
Backend (Go)	UNKNOWN STEP	2026-04-04T15:50:49.5591262Z Adding repository directory to the temporary git global config as a safe directory
Backend (Go)	UNKNOWN STEP	2026-04-04T15:50:49.5595030Z [command]/usr/bin/git config --global --add safe.directory /home/runner/work/utba-swarmmap/utba-swarmmap
Backend (Go)	UNKNOWN STEP	2026-04-04T15:50:49.5628863Z [command]/usr/bin/git config --local --name-only --get-regexp core\.sshCommand
Backend (Go)	UNKNOWN STEP	2026-04-04T15:50:49.5660473Z [command]/usr/bin/git submodule foreach --recursive sh -c "git config --local --name-only --get-regexp 'core\.sshCommand' && git config --local --unset-all 'core.sshCommand' || :"
Backend (Go)	UNKNOWN STEP	2026-04-04T15:50:49.5879057Z [command]/usr/bin/git config --local --name-only --get-regexp http\.https\:\/\/github\.com\/\.extraheader
Backend (Go)	UNKNOWN STEP	2026-04-04T15:50:49.5899234Z http.https://github.com/.extraheader
Backend (Go)	UNKNOWN STEP	2026-04-04T15:50:49.5912220Z [command]/usr/bin/git config --local --unset-all http.https://github.com/.extraheader
Backend (Go)	UNKNOWN STEP	2026-04-04T15:50:49.5941695Z [command]/usr/bin/git submodule foreach --recursive sh -c "git config --local --name-only --get-regexp 'http\.https\:\/\/github\.com\/\.extraheader' && git config --local --unset-all 'http.https://github.com/.extraheader' || :"
Backend (Go)	UNKNOWN STEP	2026-04-04T15:50:49.6155123Z [command]/usr/bin/git config --local --name-only --get-regexp ^includeIf\.gitdir:
Backend (Go)	UNKNOWN STEP	2026-04-04T15:50:49.6185706Z [command]/usr/bin/git submodule foreach --recursive git config --local --show-origin --name-only --get-regexp remote.origin.url
Backend (Go)	UNKNOWN STEP	2026-04-04T15:50:49.6504405Z Cleaning up orphan processes
Backend (Go)	UNKNOWN STEP	2026-04-04T15:50:49.6806687Z ##[warning]Node.js 20 actions are deprecated. The following actions are running on Node.js 20 and may not work as expected: actions/checkout@v4, actions/setup-go@v5. Actions will be forced to run with Node.js 24 by default starting June 2nd, 2026. Node.js 20 will be removed from the runner on September 16th, 2026. Please check if updated versions of these actions are available that support Node.js 24. To opt into Node.js 24 now, set the FORCE_JAVASCRIPT_ACTIONS_TO_NODE24=true environment variable on the runner or in your workflow file. Once Node.js 24 becomes the default, you can temporarily opt out by setting ACTIONS_ALLOW_USE_UNSECURE_NODE_VERSION=true. For more information see: https://github.blog/changelog/2025-09-19-deprecation-of-node-20-on-github-actions-runners/
