e2e-startup	Verify Backend Root/Login	﻿2026-04-04T13:37:30.1212046Z ##[group]Run # Root should return 200
e2e-startup	Verify Backend Root/Login	2026-04-04T13:37:30.1212381Z [36;1m# Root should return 200[0m
e2e-startup	Verify Backend Root/Login	2026-04-04T13:37:30.1212801Z [36;1mSTATUS_ROOT=$(curl -s -o /dev/null -w "%{http_code}" http://localhost:8080/)[0m
e2e-startup	Verify Backend Root/Login	2026-04-04T13:37:30.1213192Z [36;1mecho "Root status: $STATUS_ROOT"[0m
e2e-startup	Verify Backend Root/Login	2026-04-04T13:37:30.1213454Z [36;1mif [[ "$STATUS_ROOT" != "200" ]]; then[0m
e2e-startup	Verify Backend Root/Login	2026-04-04T13:37:30.1213752Z [36;1m  echo "Expected root status 200, got $STATUS_ROOT"[0m
e2e-startup	Verify Backend Root/Login	2026-04-04T13:37:30.1214050Z [36;1m  docker compose logs backend[0m
e2e-startup	Verify Backend Root/Login	2026-04-04T13:37:30.1214269Z [36;1m  exit 1[0m
e2e-startup	Verify Backend Root/Login	2026-04-04T13:37:30.1214493Z [36;1mfi[0m
e2e-startup	Verify Backend Root/Login	2026-04-04T13:37:30.1214658Z [36;1m[0m
e2e-startup	Verify Backend Root/Login	2026-04-04T13:37:30.1214863Z [36;1m# Login should return 302 (redirect to Google)[0m
e2e-startup	Verify Backend Root/Login	2026-04-04T13:37:30.1215282Z [36;1mSTATUS_LOGIN=$(curl -s -o /dev/null -w "%{http_code}" http://localhost:8080/login)[0m
e2e-startup	Verify Backend Root/Login	2026-04-04T13:37:30.1215874Z [36;1mecho "Login status: $STATUS_LOGIN"[0m
e2e-startup	Verify Backend Root/Login	2026-04-04T13:37:30.1216158Z [36;1mif [[ "$STATUS_LOGIN" != "302" ]]; then[0m
e2e-startup	Verify Backend Root/Login	2026-04-04T13:37:30.1216515Z [36;1m  echo "Expected login status 302, got $STATUS_LOGIN"[0m
e2e-startup	Verify Backend Root/Login	2026-04-04T13:37:30.1216820Z [36;1m  docker compose logs backend[0m
e2e-startup	Verify Backend Root/Login	2026-04-04T13:37:30.1217037Z [36;1m  exit 1[0m
e2e-startup	Verify Backend Root/Login	2026-04-04T13:37:30.1217214Z [36;1mfi[0m
e2e-startup	Verify Backend Root/Login	2026-04-04T13:37:30.1217365Z [36;1m[0m
e2e-startup	Verify Backend Root/Login	2026-04-04T13:37:30.1217543Z [36;1m# API should call Firestore[0m
e2e-startup	Verify Backend Root/Login	2026-04-04T13:37:30.1217915Z [36;1mSTATUS_SWARMS=$(curl -s -o /dev/null -w "%{http_code}" http://localhost:8080/get_swarms)[0m
e2e-startup	Verify Backend Root/Login	2026-04-04T13:37:30.1218334Z [36;1mecho "Swarms API status: $STATUS_SWARMS"[0m
e2e-startup	Verify Backend Root/Login	2026-04-04T13:37:30.1218625Z [36;1mif [[ "$STATUS_SWARMS" != "200" ]]; then[0m
e2e-startup	Verify Backend Root/Login	2026-04-04T13:37:30.1218935Z [36;1m  echo "Expected swarms status 200, got $STATUS_SWARMS"[0m
e2e-startup	Verify Backend Root/Login	2026-04-04T13:37:30.1219249Z [36;1m  docker compose logs backend[0m
e2e-startup	Verify Backend Root/Login	2026-04-04T13:37:30.1219465Z [36;1m  exit 1[0m
e2e-startup	Verify Backend Root/Login	2026-04-04T13:37:30.1219630Z [36;1mfi[0m
e2e-startup	Verify Backend Root/Login	2026-04-04T13:37:30.1238414Z shell: /usr/bin/bash -e {0}
e2e-startup	Verify Backend Root/Login	2026-04-04T13:37:30.1238671Z ##[endgroup]
e2e-startup	Verify Backend Root/Login	2026-04-04T13:37:30.1333048Z Root status: 200
e2e-startup	Verify Backend Root/Login	2026-04-04T13:37:30.1392305Z Login status: 307
e2e-startup	Verify Backend Root/Login	2026-04-04T13:37:30.1392688Z Expected login status 302, got 307
e2e-startup	Verify Backend Root/Login	2026-04-04T13:37:30.2096008Z time="2026-04-04T13:37:30Z" level=warning msg="/home/runner/work/utba-swarmmap/utba-swarmmap/docker-compose.yml: the attribute `version` is obsolete, it will be ignored, please remove it to avoid potential confusion"
e2e-startup	Verify Backend Root/Login	2026-04-04T13:37:30.2145974Z backend-1  | 2026/04/04 13:37:30 Starting server on port 8080
e2e-startup	Verify Backend Root/Login	2026-04-04T13:37:30.2159945Z backend-1  | 2026/04/04 13:37:30 Server version: dev
e2e-startup	Verify Backend Root/Login	2026-04-04T13:37:30.2189467Z ##[error]Process completed with exit code 1.
