Backend (Go)	Unit Tests	﻿2026-04-05T03:30:14.2439910Z ##[group]Run go test -v ./...
Backend (Go)	Unit Tests	2026-04-05T03:30:14.2440228Z [36;1mgo test -v ./...[0m
Backend (Go)	Unit Tests	2026-04-05T03:30:14.2466965Z shell: /usr/bin/bash -e {0}
Backend (Go)	Unit Tests	2026-04-05T03:30:14.2467201Z env:
Backend (Go)	Unit Tests	2026-04-05T03:30:14.2467378Z   GOTOOLCHAIN: local
Backend (Go)	Unit Tests	2026-04-05T03:30:14.2467585Z ##[endgroup]
Backend (Go)	Unit Tests	2026-04-05T03:30:14.6325673Z ?   	github.com/fkcurrie/utba-swarmmap	[no test files]
Backend (Go)	Unit Tests	2026-04-05T03:30:15.6242128Z === RUN   TestGetSwarmsHandler_WithSwarms
Backend (Go)	Unit Tests	2026-04-05T03:30:15.6242986Z 2026/04/05 03:30:15 Fetching all swarms
Backend (Go)	Unit Tests	2026-04-05T03:30:15.6243561Z 2026/04/05 03:30:15 Returning 3 swarms
Backend (Go)	Unit Tests	2026-04-05T03:30:15.6244188Z --- PASS: TestGetSwarmsHandler_WithSwarms (0.00s)
Backend (Go)	Unit Tests	2026-04-05T03:30:15.6244868Z === RUN   TestLoginHandler
Backend (Go)	Unit Tests	2026-04-05T03:30:15.6245463Z 2026/04/05 03:30:15 GoogleLoginHandler hit: GET /login
Backend (Go)	Unit Tests	2026-04-05T03:30:15.6247011Z     handlers_test.go:326: handler returned wrong status code: got 302 want 307
Backend (Go)	Unit Tests	2026-04-05T03:30:15.6247894Z --- FAIL: TestLoginHandler (0.00s)
Backend (Go)	Unit Tests	2026-04-05T03:30:15.6248542Z === RUN   TestGoogleCallbackHandler_InvalidState
Backend (Go)	Unit Tests	2026-04-05T03:30:15.6249398Z --- PASS: TestGoogleCallbackHandler_InvalidState (0.00s)
Backend (Go)	Unit Tests	2026-04-05T03:30:15.6250167Z === RUN   TestDashboardHandler_Unauthenticated
Backend (Go)	Unit Tests	2026-04-05T03:30:15.6251098Z --- PASS: TestDashboardHandler_Unauthenticated (0.00s)
Backend (Go)	Unit Tests	2026-04-05T03:30:15.6251761Z === RUN   TestLogoutHandler
Backend (Go)	Unit Tests	2026-04-05T03:30:15.6252268Z --- PASS: TestLogoutHandler (0.00s)
Backend (Go)	Unit Tests	2026-04-05T03:30:15.6252588Z === RUN   TestAuthHandler_Authenticated
Backend (Go)	Unit Tests	2026-04-05T03:30:15.6252923Z --- PASS: TestAuthHandler_Authenticated (0.00s)
Backend (Go)	Unit Tests	2026-04-05T03:30:15.6253271Z === RUN   TestPrepareSwarmHandler_ValidRequest
Backend (Go)	Unit Tests	2026-04-05T03:30:15.6253824Z 2026/04/05 03:30:15 File "test.jpg" accepted by extension ".jpg" (MIME type was "application/octet-stream")
Backend (Go)	Unit Tests	2026-04-05T03:30:15.6254428Z --- PASS: TestPrepareSwarmHandler_ValidRequest (0.00s)
Backend (Go)	Unit Tests	2026-04-05T03:30:15.6254811Z === RUN   TestPrepareSwarmHandler_VideoRequest
Backend (Go)	Unit Tests	2026-04-05T03:30:15.6255353Z 2026/04/05 03:30:15 File "test.mp4" accepted by extension ".mp4" (MIME type was "application/octet-stream")
Backend (Go)	Unit Tests	2026-04-05T03:30:15.6255919Z --- PASS: TestPrepareSwarmHandler_VideoRequest (0.00s)
Backend (Go)	Unit Tests	2026-04-05T03:30:15.6256289Z === RUN   TestConfirmSwarmHandler_ValidRequest
Backend (Go)	Unit Tests	2026-04-05T03:30:15.6256647Z --- PASS: TestConfirmSwarmHandler_ValidRequest (0.00s)
Backend (Go)	Unit Tests	2026-04-05T03:30:15.6257006Z === RUN   TestConfirmSwarmHandler_URLEncoded
Backend (Go)	Unit Tests	2026-04-05T03:30:15.6257357Z --- PASS: TestConfirmSwarmHandler_URLEncoded (0.00s)
Backend (Go)	Unit Tests	2026-04-05T03:30:15.6257713Z === RUN   TestSwarmListHandler_Unauthenticated
Backend (Go)	Unit Tests	2026-04-05T03:30:15.6258071Z --- PASS: TestSwarmListHandler_Unauthenticated (0.00s)
Backend (Go)	Unit Tests	2026-04-05T03:30:15.6258447Z === RUN   TestCollectorsMapHandler_Unauthenticated
Backend (Go)	Unit Tests	2026-04-05T03:30:15.6258839Z --- PASS: TestCollectorsMapHandler_Unauthenticated (0.00s)
Backend (Go)	Unit Tests	2026-04-05T03:30:15.6259214Z === RUN   TestAdminHandler_Unauthorized
Backend (Go)	Unit Tests	2026-04-05T03:30:15.6259535Z --- PASS: TestAdminHandler_Unauthorized (0.00s)
Backend (Go)	Unit Tests	2026-04-05T03:30:15.6259865Z === RUN   TestGenerateSampleDataHandler
Backend (Go)	Unit Tests	2026-04-05T03:30:15.6260269Z 2026/04/05 03:30:15 Generating sample swarms for session: "test-session-id"
Backend (Go)	Unit Tests	2026-04-05T03:30:15.6260941Z --- PASS: TestGenerateSampleDataHandler (0.00s)
Backend (Go)	Unit Tests	2026-04-05T03:30:15.6261280Z === RUN   TestApproveUserHandler
Backend (Go)	Unit Tests	2026-04-05T03:30:15.6261597Z --- PASS: TestApproveUserHandler (0.00s)
Backend (Go)	Unit Tests	2026-04-05T03:30:15.6261900Z === RUN   TestRejectUserHandler
Backend (Go)	Unit Tests	2026-04-05T03:30:15.6262185Z --- PASS: TestRejectUserHandler (0.00s)
Backend (Go)	Unit Tests	2026-04-05T03:30:15.6262491Z === RUN   TestDeleteSwarmHandler
Backend (Go)	Unit Tests	2026-04-05T03:30:15.6262779Z --- PASS: TestDeleteSwarmHandler (0.00s)
Backend (Go)	Unit Tests	2026-04-05T03:30:15.6263059Z === RUN   TestPromoteUserHandler
Backend (Go)	Unit Tests	2026-04-05T03:30:15.6263318Z --- PASS: TestPromoteUserHandler (0.00s)
Backend (Go)	Unit Tests	2026-04-05T03:30:15.6263613Z === RUN   TestUpdateSwarmStatusHandler
Backend (Go)	Unit Tests	2026-04-05T03:30:15.6263930Z --- PASS: TestUpdateSwarmStatusHandler (0.00s)
Backend (Go)	Unit Tests	2026-04-05T03:30:15.6264233Z === RUN   TestAssignSwarmHandler
Backend (Go)	Unit Tests	2026-04-05T03:30:15.6264497Z --- PASS: TestAssignSwarmHandler (0.00s)
Backend (Go)	Unit Tests	2026-04-05T03:30:15.6264806Z === RUN   TestCollectorAdminHandler_Unauthorized
Backend (Go)	Unit Tests	2026-04-05T03:30:15.6265167Z --- PASS: TestCollectorAdminHandler_Unauthorized (0.00s)
Backend (Go)	Unit Tests	2026-04-05T03:30:15.6265708Z === RUN   TestUsernameRegisterHandler
Backend (Go)	Unit Tests	2026-04-05T03:30:15.6266322Z 2026/04/05 03:30:15 USER CREATED: "test@example.com". VERIFICATION LINK: /auth/verify-email?token="ae6f6b5c-6a8c-4c94-9d6c-3306c5216ca3"
Backend (Go)	Unit Tests	2026-04-05T03:30:15.6266927Z --- PASS: TestUsernameRegisterHandler (0.07s)
Backend (Go)	Unit Tests	2026-04-05T03:30:15.6267220Z === RUN   TestVerifyChecks
Backend (Go)	Unit Tests	2026-04-05T03:30:15.6267465Z --- PASS: TestVerifyChecks (0.00s)
Backend (Go)	Unit Tests	2026-04-05T03:30:15.6267701Z FAIL
Backend (Go)	Unit Tests	2026-04-05T03:30:15.6267939Z FAIL	github.com/fkcurrie/utba-swarmmap/handlers	0.078s
Backend (Go)	Unit Tests	2026-04-05T03:30:15.6268350Z ?   	github.com/fkcurrie/utba-swarmmap/models	[no test files]
Backend (Go)	Unit Tests	2026-04-05T03:30:15.6268750Z ?   	github.com/fkcurrie/utba-swarmmap/store	[no test files]
Backend (Go)	Unit Tests	2026-04-05T03:30:15.6269164Z FAIL
Backend (Go)	Unit Tests	2026-04-05T03:30:15.6507578Z ##[error]Process completed with exit code 1.
Frontend (JS/HTML/CSS)	UNKNOWN STEP	﻿2026-04-05T03:29:29.9485628Z Current runner version: '2.333.1'
Frontend (JS/HTML/CSS)	UNKNOWN STEP	2026-04-05T03:29:29.9509564Z ##[group]Runner Image Provisioner
Frontend (JS/HTML/CSS)	UNKNOWN STEP	2026-04-05T03:29:29.9510454Z Hosted Compute Agent
Frontend (JS/HTML/CSS)	UNKNOWN STEP	2026-04-05T03:29:29.9511003Z Version: 20260213.493
Frontend (JS/HTML/CSS)	UNKNOWN STEP	2026-04-05T03:29:29.9511548Z Commit: 5c115507f6dd24b8de37d8bbe0bb4509d0cc0fa3
Frontend (JS/HTML/CSS)	UNKNOWN STEP	2026-04-05T03:29:29.9512303Z Build Date: 2026-02-13T00:28:41Z
Frontend (JS/HTML/CSS)	UNKNOWN STEP	2026-04-05T03:29:29.9512962Z Worker ID: {74db9881-8d71-41c7-8e04-a7ad34a25635}
Frontend (JS/HTML/CSS)	UNKNOWN STEP	2026-04-05T03:29:29.9513654Z Azure Region: westcentralus
Frontend (JS/HTML/CSS)	UNKNOWN STEP	2026-04-05T03:29:29.9514536Z ##[endgroup]
Frontend (JS/HTML/CSS)	UNKNOWN STEP	2026-04-05T03:29:29.9516314Z ##[group]Operating System
Frontend (JS/HTML/CSS)	UNKNOWN STEP	2026-04-05T03:29:29.9516869Z Ubuntu
Frontend (JS/HTML/CSS)	UNKNOWN STEP	2026-04-05T03:29:29.9517466Z 24.04.4
Frontend (JS/HTML/CSS)	UNKNOWN STEP	2026-04-05T03:29:29.9517977Z LTS
Frontend (JS/HTML/CSS)	UNKNOWN STEP	2026-04-05T03:29:29.9518420Z ##[endgroup]
Frontend (JS/HTML/CSS)	UNKNOWN STEP	2026-04-05T03:29:29.9518944Z ##[group]Runner Image
Frontend (JS/HTML/CSS)	UNKNOWN STEP	2026-04-05T03:29:29.9519444Z Image: ubuntu-24.04
Frontend (JS/HTML/CSS)	UNKNOWN STEP	2026-04-05T03:29:29.9519934Z Version: 20260329.72.1
Frontend (JS/HTML/CSS)	UNKNOWN STEP	2026-04-05T03:29:29.9521148Z Included Software: https://github.com/actions/runner-images/blob/ubuntu24/20260329.72/images/ubuntu/Ubuntu2404-Readme.md
Frontend (JS/HTML/CSS)	UNKNOWN STEP	2026-04-05T03:29:29.9522632Z Image Release: https://github.com/actions/runner-images/releases/tag/ubuntu24%2F20260329.72
Frontend (JS/HTML/CSS)	UNKNOWN STEP	2026-04-05T03:29:29.9523571Z ##[endgroup]
Frontend (JS/HTML/CSS)	UNKNOWN STEP	2026-04-05T03:29:29.9524870Z ##[group]GITHUB_TOKEN Permissions
Frontend (JS/HTML/CSS)	UNKNOWN STEP	2026-04-05T03:29:29.9526957Z Contents: read
Frontend (JS/HTML/CSS)	UNKNOWN STEP	2026-04-05T03:29:29.9527481Z Metadata: read
Frontend (JS/HTML/CSS)	UNKNOWN STEP	2026-04-05T03:29:29.9528009Z Packages: read
Frontend (JS/HTML/CSS)	UNKNOWN STEP	2026-04-05T03:29:29.9528452Z ##[endgroup]
Frontend (JS/HTML/CSS)	UNKNOWN STEP	2026-04-05T03:29:29.9530482Z Secret source: None
Frontend (JS/HTML/CSS)	UNKNOWN STEP	2026-04-05T03:29:29.9531135Z Prepare workflow directory
Frontend (JS/HTML/CSS)	UNKNOWN STEP	2026-04-05T03:29:29.9869906Z Prepare all required actions
Frontend (JS/HTML/CSS)	UNKNOWN STEP	2026-04-05T03:29:29.9908299Z Getting action download info
Frontend (JS/HTML/CSS)	UNKNOWN STEP	2026-04-05T03:29:30.3644546Z Download action repository 'actions/checkout@v6' (SHA:de0fac2e4500dabe0009e67214ff5f5447ce83dd)
Frontend (JS/HTML/CSS)	UNKNOWN STEP	2026-04-05T03:29:30.5218996Z Download action repository 'actions/setup-node@v5' (SHA:a0853c24544627f65ddf259abe73b1d18a591444)
Frontend (JS/HTML/CSS)	UNKNOWN STEP	2026-04-05T03:29:30.8210823Z Complete job name: Frontend (JS/HTML/CSS)
Frontend (JS/HTML/CSS)	UNKNOWN STEP	2026-04-05T03:29:30.8902502Z ##[group]Run actions/checkout@v6
Frontend (JS/HTML/CSS)	UNKNOWN STEP	2026-04-05T03:29:30.8903330Z with:
Frontend (JS/HTML/CSS)	UNKNOWN STEP	2026-04-05T03:29:30.8903738Z   repository: fkcurrie/utba-swarmmap
Frontend (JS/HTML/CSS)	UNKNOWN STEP	2026-04-05T03:29:30.8904680Z   token: ***
Frontend (JS/HTML/CSS)	UNKNOWN STEP	2026-04-05T03:29:30.8905057Z   ssh-strict: true
Frontend (JS/HTML/CSS)	UNKNOWN STEP	2026-04-05T03:29:30.8905429Z   ssh-user: git
Frontend (JS/HTML/CSS)	UNKNOWN STEP	2026-04-05T03:29:30.8905822Z   persist-credentials: true
Frontend (JS/HTML/CSS)	UNKNOWN STEP	2026-04-05T03:29:30.8906251Z   clean: true
Frontend (JS/HTML/CSS)	UNKNOWN STEP	2026-04-05T03:29:30.8906632Z   sparse-checkout-cone-mode: true
Frontend (JS/HTML/CSS)	UNKNOWN STEP	2026-04-05T03:29:30.8907089Z   fetch-depth: 1
Frontend (JS/HTML/CSS)	UNKNOWN STEP	2026-04-05T03:29:30.8907459Z   fetch-tags: false
Frontend (JS/HTML/CSS)	UNKNOWN STEP	2026-04-05T03:29:30.8907844Z   show-progress: true
Frontend (JS/HTML/CSS)	UNKNOWN STEP	2026-04-05T03:29:30.8908229Z   lfs: false
Frontend (JS/HTML/CSS)	UNKNOWN STEP	2026-04-05T03:29:30.8908581Z   submodules: false
Frontend (JS/HTML/CSS)	UNKNOWN STEP	2026-04-05T03:29:30.8908961Z   set-safe-directory: true
Frontend (JS/HTML/CSS)	UNKNOWN STEP	2026-04-05T03:29:30.8909658Z ##[endgroup]
Frontend (JS/HTML/CSS)	UNKNOWN STEP	2026-04-05T03:29:30.9858684Z Syncing repository: fkcurrie/utba-swarmmap
Frontend (JS/HTML/CSS)	UNKNOWN STEP	2026-04-05T03:29:30.9861277Z ##[group]Getting Git version info
Frontend (JS/HTML/CSS)	UNKNOWN STEP	2026-04-05T03:29:30.9862656Z Working directory is '/home/runner/work/utba-swarmmap/utba-swarmmap'
Frontend (JS/HTML/CSS)	UNKNOWN STEP	2026-04-05T03:29:30.9864897Z [command]/usr/bin/git version
Frontend (JS/HTML/CSS)	UNKNOWN STEP	2026-04-05T03:29:30.9871142Z git version 2.53.0
Frontend (JS/HTML/CSS)	UNKNOWN STEP	2026-04-05T03:29:30.9928819Z ##[endgroup]
Frontend (JS/HTML/CSS)	UNKNOWN STEP	2026-04-05T03:29:30.9946074Z Temporarily overriding HOME='/home/runner/work/_temp/2a4e677e-2eb5-4483-9115-d3022d910e57' before making global git config changes
Frontend (JS/HTML/CSS)	UNKNOWN STEP	2026-04-05T03:29:30.9948440Z Adding repository directory to the temporary git global config as a safe directory
Frontend (JS/HTML/CSS)	UNKNOWN STEP	2026-04-05T03:29:30.9950760Z [command]/usr/bin/git config --global --add safe.directory /home/runner/work/utba-swarmmap/utba-swarmmap
Frontend (JS/HTML/CSS)	UNKNOWN STEP	2026-04-05T03:29:30.9985409Z Deleting the contents of '/home/runner/work/utba-swarmmap/utba-swarmmap'
Frontend (JS/HTML/CSS)	UNKNOWN STEP	2026-04-05T03:29:30.9989390Z ##[group]Initializing the repository
Frontend (JS/HTML/CSS)	UNKNOWN STEP	2026-04-05T03:29:30.9993875Z [command]/usr/bin/git init /home/runner/work/utba-swarmmap/utba-swarmmap
Frontend (JS/HTML/CSS)	UNKNOWN STEP	2026-04-05T03:29:31.0077695Z hint: Using 'master' as the name for the initial branch. This default branch name
Frontend (JS/HTML/CSS)	UNKNOWN STEP	2026-04-05T03:29:31.0081404Z hint: will change to "main" in Git 3.0. To configure the initial branch name
Frontend (JS/HTML/CSS)	UNKNOWN STEP	2026-04-05T03:29:31.0084450Z hint: to use in all of your new repositories, which will suppress this warning,
Frontend (JS/HTML/CSS)	UNKNOWN STEP	2026-04-05T03:29:31.0088531Z hint: call:
Frontend (JS/HTML/CSS)	UNKNOWN STEP	2026-04-05T03:29:31.0089349Z hint:
Frontend (JS/HTML/CSS)	UNKNOWN STEP	2026-04-05T03:29:31.0090437Z hint: 	git config --global init.defaultBranch <name>
Frontend (JS/HTML/CSS)	UNKNOWN STEP	2026-04-05T03:29:31.0091683Z hint:
Frontend (JS/HTML/CSS)	UNKNOWN STEP	2026-04-05T03:29:31.0092889Z hint: Names commonly chosen instead of 'master' are 'main', 'trunk' and
Frontend (JS/HTML/CSS)	UNKNOWN STEP	2026-04-05T03:29:31.0095010Z hint: 'development'. The just-created branch can be renamed via this command:
Frontend (JS/HTML/CSS)	UNKNOWN STEP	2026-04-05T03:29:31.0096534Z hint:
Frontend (JS/HTML/CSS)	UNKNOWN STEP	2026-04-05T03:29:31.0097478Z hint: 	git branch -m <name>
Frontend (JS/HTML/CSS)	UNKNOWN STEP	2026-04-05T03:29:31.0098742Z hint:
Frontend (JS/HTML/CSS)	UNKNOWN STEP	2026-04-05T03:29:31.0099936Z hint: Disable this message with "git config set advice.defaultBranchName false"
Frontend (JS/HTML/CSS)	UNKNOWN STEP	2026-04-05T03:29:31.0102009Z Initialized empty Git repository in /home/runner/work/utba-swarmmap/utba-swarmmap/.git/
Frontend (JS/HTML/CSS)	UNKNOWN STEP	2026-04-05T03:29:31.0106049Z [command]/usr/bin/git remote add origin https://github.com/fkcurrie/utba-swarmmap
Frontend (JS/HTML/CSS)	UNKNOWN STEP	2026-04-05T03:29:31.0129954Z ##[endgroup]
Frontend (JS/HTML/CSS)	UNKNOWN STEP	2026-04-05T03:29:31.0131230Z ##[group]Disabling automatic garbage collection
Frontend (JS/HTML/CSS)	UNKNOWN STEP	2026-04-05T03:29:31.0132386Z [command]/usr/bin/git config --local gc.auto 0
Frontend (JS/HTML/CSS)	UNKNOWN STEP	2026-04-05T03:29:31.0161813Z ##[endgroup]
Frontend (JS/HTML/CSS)	UNKNOWN STEP	2026-04-05T03:29:31.0163001Z ##[group]Setting up auth
Frontend (JS/HTML/CSS)	UNKNOWN STEP	2026-04-05T03:29:31.0164269Z Removing SSH command configuration
Frontend (JS/HTML/CSS)	UNKNOWN STEP	2026-04-05T03:29:31.0169826Z [command]/usr/bin/git config --local --name-only --get-regexp core\.sshCommand
Frontend (JS/HTML/CSS)	UNKNOWN STEP	2026-04-05T03:29:31.0201790Z [command]/usr/bin/git submodule foreach --recursive sh -c "git config --local --name-only --get-regexp 'core\.sshCommand' && git config --local --unset-all 'core.sshCommand' || :"
Frontend (JS/HTML/CSS)	UNKNOWN STEP	2026-04-05T03:29:31.0501058Z Removing HTTP extra header
Frontend (JS/HTML/CSS)	UNKNOWN STEP	2026-04-05T03:29:31.0506643Z [command]/usr/bin/git config --local --name-only --get-regexp http\.https\:\/\/github\.com\/\.extraheader
Frontend (JS/HTML/CSS)	UNKNOWN STEP	2026-04-05T03:29:31.0537646Z [command]/usr/bin/git submodule foreach --recursive sh -c "git config --local --name-only --get-regexp 'http\.https\:\/\/github\.com\/\.extraheader' && git config --local --unset-all 'http.https://github.com/.extraheader' || :"
Frontend (JS/HTML/CSS)	UNKNOWN STEP	2026-04-05T03:29:31.0744777Z Removing includeIf entries pointing to credentials config files
Frontend (JS/HTML/CSS)	UNKNOWN STEP	2026-04-05T03:29:31.0750496Z [command]/usr/bin/git config --local --name-only --get-regexp ^includeIf\.gitdir:
Frontend (JS/HTML/CSS)	UNKNOWN STEP	2026-04-05T03:29:31.0781070Z [command]/usr/bin/git submodule foreach --recursive git config --local --show-origin --name-only --get-regexp remote.origin.url
Frontend (JS/HTML/CSS)	UNKNOWN STEP	2026-04-05T03:29:31.0998503Z [command]/usr/bin/git config --file /home/runner/work/_temp/git-credentials-99dacfaf-35cf-406c-a188-103bdcec9618.config http.https://github.com/.extraheader AUTHORIZATION: basic ***
Frontend (JS/HTML/CSS)	UNKNOWN STEP	2026-04-05T03:29:31.1036897Z [command]/usr/bin/git config --local includeIf.gitdir:/home/runner/work/utba-swarmmap/utba-swarmmap/.git.path /home/runner/work/_temp/git-credentials-99dacfaf-35cf-406c-a188-103bdcec9618.config
Frontend (JS/HTML/CSS)	UNKNOWN STEP	2026-04-05T03:29:31.1065195Z [command]/usr/bin/git config --local includeIf.gitdir:/home/runner/work/utba-swarmmap/utba-swarmmap/.git/worktrees/*.path /home/runner/work/_temp/git-credentials-99dacfaf-35cf-406c-a188-103bdcec9618.config
Frontend (JS/HTML/CSS)	UNKNOWN STEP	2026-04-05T03:29:31.1093283Z [command]/usr/bin/git config --local includeIf.gitdir:/github/workspace/.git.path /github/runner_temp/git-credentials-99dacfaf-35cf-406c-a188-103bdcec9618.config
Frontend (JS/HTML/CSS)	UNKNOWN STEP	2026-04-05T03:29:31.1121744Z [command]/usr/bin/git config --local includeIf.gitdir:/github/workspace/.git/worktrees/*.path /github/runner_temp/git-credentials-99dacfaf-35cf-406c-a188-103bdcec9618.config
Frontend (JS/HTML/CSS)	UNKNOWN STEP	2026-04-05T03:29:31.1146661Z ##[endgroup]
Frontend (JS/HTML/CSS)	UNKNOWN STEP	2026-04-05T03:29:31.1147490Z ##[group]Fetching the repository
Frontend (JS/HTML/CSS)	UNKNOWN STEP	2026-04-05T03:29:31.1155852Z [command]/usr/bin/git -c protocol.version=2 fetch --no-tags --prune --no-recurse-submodules --depth=1 origin +d04509f54e33e448d976d02ee32de7f5778c342f:refs/remotes/pull/11/merge
Frontend (JS/HTML/CSS)	UNKNOWN STEP	2026-04-05T03:29:31.9236737Z From https://github.com/fkcurrie/utba-swarmmap
Frontend (JS/HTML/CSS)	UNKNOWN STEP	2026-04-05T03:29:31.9240549Z  * [new ref]         d04509f54e33e448d976d02ee32de7f5778c342f -> pull/11/merge
Frontend (JS/HTML/CSS)	UNKNOWN STEP	2026-04-05T03:29:31.9266973Z ##[endgroup]
Frontend (JS/HTML/CSS)	UNKNOWN STEP	2026-04-05T03:29:31.9268907Z ##[group]Determining the checkout info
Frontend (JS/HTML/CSS)	UNKNOWN STEP	2026-04-05T03:29:31.9270854Z ##[endgroup]
Frontend (JS/HTML/CSS)	UNKNOWN STEP	2026-04-05T03:29:31.9274638Z [command]/usr/bin/git sparse-checkout disable
Frontend (JS/HTML/CSS)	UNKNOWN STEP	2026-04-05T03:29:31.9313072Z [command]/usr/bin/git config --local --unset-all extensions.worktreeConfig
Frontend (JS/HTML/CSS)	UNKNOWN STEP	2026-04-05T03:29:31.9340245Z ##[group]Checking out the ref
Frontend (JS/HTML/CSS)	UNKNOWN STEP	2026-04-05T03:29:31.9344194Z [command]/usr/bin/git checkout --progress --force refs/remotes/pull/11/merge
Frontend (JS/HTML/CSS)	UNKNOWN STEP	2026-04-05T03:29:31.9595532Z Note: switching to 'refs/remotes/pull/11/merge'.
Frontend (JS/HTML/CSS)	UNKNOWN STEP	2026-04-05T03:29:31.9597530Z 
Frontend (JS/HTML/CSS)	UNKNOWN STEP	2026-04-05T03:29:31.9598799Z You are in 'detached HEAD' state. You can look around, make experimental
Frontend (JS/HTML/CSS)	UNKNOWN STEP	2026-04-05T03:29:31.9601173Z changes and commit them, and you can discard any commits you make in this
Frontend (JS/HTML/CSS)	UNKNOWN STEP	2026-04-05T03:29:31.9602910Z state without impacting any branches by switching back to a branch.
Frontend (JS/HTML/CSS)	UNKNOWN STEP	2026-04-05T03:29:31.9604523Z 
Frontend (JS/HTML/CSS)	UNKNOWN STEP	2026-04-05T03:29:31.9605543Z If you want to create a new branch to retain commits you create, you may
Frontend (JS/HTML/CSS)	UNKNOWN STEP	2026-04-05T03:29:31.9607846Z do so (now or later) by using -c with the switch command. Example:
Frontend (JS/HTML/CSS)	UNKNOWN STEP	2026-04-05T03:29:31.9608986Z 
Frontend (JS/HTML/CSS)	UNKNOWN STEP	2026-04-05T03:29:31.9609556Z   git switch -c <new-branch-name>
Frontend (JS/HTML/CSS)	UNKNOWN STEP	2026-04-05T03:29:31.9610395Z 
Frontend (JS/HTML/CSS)	UNKNOWN STEP	2026-04-05T03:29:31.9610730Z Or undo this operation with:
Frontend (JS/HTML/CSS)	UNKNOWN STEP	2026-04-05T03:29:31.9611284Z 
Frontend (JS/HTML/CSS)	UNKNOWN STEP	2026-04-05T03:29:31.9611564Z   git switch -
Frontend (JS/HTML/CSS)	UNKNOWN STEP	2026-04-05T03:29:31.9612007Z 
Frontend (JS/HTML/CSS)	UNKNOWN STEP	2026-04-05T03:29:31.9612709Z Turn off this advice by setting config variable advice.detachedHead to false
Frontend (JS/HTML/CSS)	UNKNOWN STEP	2026-04-05T03:29:31.9614098Z 
Frontend (JS/HTML/CSS)	UNKNOWN STEP	2026-04-05T03:29:31.9615417Z HEAD is now at d04509f Merge 1433a8a3244ecb5b10d3b38c9db412a6897df1b2 into 863c8fc3f03abbad48bd820d5edee10a6b505402
Frontend (JS/HTML/CSS)	UNKNOWN STEP	2026-04-05T03:29:31.9619572Z ##[endgroup]
Frontend (JS/HTML/CSS)	UNKNOWN STEP	2026-04-05T03:29:31.9647994Z [command]/usr/bin/git log -1 --format=%H
Frontend (JS/HTML/CSS)	UNKNOWN STEP	2026-04-05T03:29:31.9671060Z d04509f54e33e448d976d02ee32de7f5778c342f
Frontend (JS/HTML/CSS)	UNKNOWN STEP	2026-04-05T03:29:32.0023395Z ##[group]Run actions/setup-node@v5
Frontend (JS/HTML/CSS)	UNKNOWN STEP	2026-04-05T03:29:32.0024729Z with:
Frontend (JS/HTML/CSS)	UNKNOWN STEP	2026-04-05T03:29:32.0025516Z   node-version: 24
Frontend (JS/HTML/CSS)	UNKNOWN STEP	2026-04-05T03:29:32.0026381Z   cache: npm
Frontend (JS/HTML/CSS)	UNKNOWN STEP	2026-04-05T03:29:32.0027195Z   always-auth: false
Frontend (JS/HTML/CSS)	UNKNOWN STEP	2026-04-05T03:29:32.0028081Z   check-latest: false
Frontend (JS/HTML/CSS)	UNKNOWN STEP	2026-04-05T03:29:32.0029301Z   token: ***
Frontend (JS/HTML/CSS)	UNKNOWN STEP	2026-04-05T03:29:32.0030152Z   package-manager-cache: true
Frontend (JS/HTML/CSS)	UNKNOWN STEP	2026-04-05T03:29:32.0031138Z ##[endgroup]
Frontend (JS/HTML/CSS)	UNKNOWN STEP	2026-04-05T03:29:32.1426999Z Found in cache @ /opt/hostedtoolcache/node/24.14.1/x64
Frontend (JS/HTML/CSS)	UNKNOWN STEP	2026-04-05T03:29:32.1431854Z (node:2326) [DEP0040] DeprecationWarning: The `punycode` module is deprecated. Please use a userland alternative instead.
Frontend (JS/HTML/CSS)	UNKNOWN STEP	2026-04-05T03:29:32.1435046Z (Use `node --trace-deprecation ...` to show where the warning was created)
Frontend (JS/HTML/CSS)	UNKNOWN STEP	2026-04-05T03:29:32.1437048Z ##[group]Environment details
Frontend (JS/HTML/CSS)	UNKNOWN STEP	2026-04-05T03:29:34.8018254Z node: v24.14.1
Frontend (JS/HTML/CSS)	UNKNOWN STEP	2026-04-05T03:29:34.8018838Z npm: 11.11.0
Frontend (JS/HTML/CSS)	UNKNOWN STEP	2026-04-05T03:29:34.8019268Z yarn: 1.22.22
Frontend (JS/HTML/CSS)	UNKNOWN STEP	2026-04-05T03:29:34.8021030Z ##[endgroup]
Frontend (JS/HTML/CSS)	UNKNOWN STEP	2026-04-05T03:29:34.8048136Z [command]/opt/hostedtoolcache/node/24.14.1/x64/bin/npm config get cache
Frontend (JS/HTML/CSS)	UNKNOWN STEP	2026-04-05T03:29:34.9814479Z /home/runner/.npm
Frontend (JS/HTML/CSS)	UNKNOWN STEP	2026-04-05T03:29:35.1961025Z Cache hit for: node-cache-Linux-x64-npm-cadd0e37c54b4179e13c1b7ce2245c9ff293dc0649a339b47d6a36ba2bf00bb6
Frontend (JS/HTML/CSS)	UNKNOWN STEP	2026-04-05T03:29:35.2063849Z (node:2326) [DEP0169] DeprecationWarning: `url.parse()` behavior is not standardized and prone to errors that have security implications. Use the WHATWG URL API instead. CVEs are not issued for `url.parse()` vulnerabilities.
Frontend (JS/HTML/CSS)	UNKNOWN STEP	2026-04-05T03:29:36.2553401Z Received 25535846 of 25535846 (100.0%), 28.6 MBs/sec
Frontend (JS/HTML/CSS)	UNKNOWN STEP	2026-04-05T03:29:36.2554730Z Cache Size: ~24 MB (25535846 B)
Frontend (JS/HTML/CSS)	UNKNOWN STEP	2026-04-05T03:29:36.2586732Z [command]/usr/bin/tar -xf /home/runner/work/_temp/450683fe-641c-45a4-b201-a6c8728e66f0/cache.tzst -P -C /home/runner/work/utba-swarmmap/utba-swarmmap --use-compress-program unzstd
Frontend (JS/HTML/CSS)	UNKNOWN STEP	2026-04-05T03:29:36.3515588Z Cache restored successfully
Frontend (JS/HTML/CSS)	UNKNOWN STEP	2026-04-05T03:29:36.3530951Z Cache restored from key: node-cache-Linux-x64-npm-cadd0e37c54b4179e13c1b7ce2245c9ff293dc0649a339b47d6a36ba2bf00bb6
Frontend (JS/HTML/CSS)	UNKNOWN STEP	2026-04-05T03:29:36.3775105Z ##[group]Run npm ci
Frontend (JS/HTML/CSS)	UNKNOWN STEP	2026-04-05T03:29:36.3775407Z [36;1mnpm ci[0m
Frontend (JS/HTML/CSS)	UNKNOWN STEP	2026-04-05T03:29:36.3812557Z shell: /usr/bin/bash -e {0}
Frontend (JS/HTML/CSS)	UNKNOWN STEP	2026-04-05T03:29:36.3812831Z ##[endgroup]
Frontend (JS/HTML/CSS)	UNKNOWN STEP	2026-04-05T03:29:38.9410247Z npm warn deprecated git-raw-commits@4.0.0: This package is no longer maintained. For the JavaScript API, please use @conventional-changelog/git-client instead.
Frontend (JS/HTML/CSS)	UNKNOWN STEP	2026-04-05T03:29:39.6908305Z npm warn deprecated popper.js@1.16.1: You can find the new Popper v2 at @popperjs/core, this package is dedicated to the legacy v1
Frontend (JS/HTML/CSS)	UNKNOWN STEP	2026-04-05T03:29:40.6685058Z 
Frontend (JS/HTML/CSS)	UNKNOWN STEP	2026-04-05T03:29:40.6686275Z added 354 packages, and audited 355 packages in 4s
Frontend (JS/HTML/CSS)	UNKNOWN STEP	2026-04-05T03:29:40.6686823Z 
Frontend (JS/HTML/CSS)	UNKNOWN STEP	2026-04-05T03:29:40.6687159Z 122 packages are looking for funding
Frontend (JS/HTML/CSS)	UNKNOWN STEP	2026-04-05T03:29:40.6687701Z   run `npm fund` for details
Frontend (JS/HTML/CSS)	UNKNOWN STEP	2026-04-05T03:29:40.6700175Z 
Frontend (JS/HTML/CSS)	UNKNOWN STEP	2026-04-05T03:29:40.6700491Z found 0 vulnerabilities
Frontend (JS/HTML/CSS)	UNKNOWN STEP	2026-04-05T03:29:40.7283727Z ##[group]Run npx eslint "frontend/static/js/**/*.js"
Frontend (JS/HTML/CSS)	UNKNOWN STEP	2026-04-05T03:29:40.7284460Z [36;1mnpx eslint "frontend/static/js/**/*.js"[0m
Frontend (JS/HTML/CSS)	UNKNOWN STEP	2026-04-05T03:29:40.7311895Z shell: /usr/bin/bash -e {0}
Frontend (JS/HTML/CSS)	UNKNOWN STEP	2026-04-05T03:29:40.7312160Z ##[endgroup]
Frontend (JS/HTML/CSS)	UNKNOWN STEP	2026-04-05T03:29:41.3688477Z ##[group]Run npx prettier --check "frontend/static/**/*.{js,css}" "backend/templates/**/*.html"
Frontend (JS/HTML/CSS)	UNKNOWN STEP	2026-04-05T03:29:41.3689178Z [36;1mnpx prettier --check "frontend/static/**/*.{js,css}" "backend/templates/**/*.html"[0m
Frontend (JS/HTML/CSS)	UNKNOWN STEP	2026-04-05T03:29:41.3716602Z shell: /usr/bin/bash -e {0}
Frontend (JS/HTML/CSS)	UNKNOWN STEP	2026-04-05T03:29:41.3716855Z ##[endgroup]
Frontend (JS/HTML/CSS)	UNKNOWN STEP	2026-04-05T03:29:41.6975715Z Checking formatting...
Frontend (JS/HTML/CSS)	UNKNOWN STEP	2026-04-05T03:29:41.8985275Z All matched files use Prettier code style!
Frontend (JS/HTML/CSS)	UNKNOWN STEP	2026-04-05T03:29:41.9449493Z ##[group]Run npx htmlhint "backend/templates/**/*.html"
Frontend (JS/HTML/CSS)	UNKNOWN STEP	2026-04-05T03:29:41.9449891Z [36;1mnpx htmlhint "backend/templates/**/*.html"[0m
Frontend (JS/HTML/CSS)	UNKNOWN STEP	2026-04-05T03:29:41.9476630Z shell: /usr/bin/bash -e {0}
Frontend (JS/HTML/CSS)	UNKNOWN STEP	2026-04-05T03:29:41.9476872Z ##[endgroup]
Frontend (JS/HTML/CSS)	UNKNOWN STEP	2026-04-05T03:29:42.2678565Z 
Frontend (JS/HTML/CSS)	UNKNOWN STEP	2026-04-05T03:29:42.2703795Z    Config loaded: /home/runner/work/utba-swarmmap/utba-swarmmap/.htmlhintrc
Frontend (JS/HTML/CSS)	UNKNOWN STEP	2026-04-05T03:29:42.2704507Z 
Frontend (JS/HTML/CSS)	UNKNOWN STEP	2026-04-05T03:29:42.2887372Z Scanned 12 files, no errors found (22 ms).
Frontend (JS/HTML/CSS)	UNKNOWN STEP	2026-04-05T03:29:42.3049872Z ##[group]Run npx stylelint "frontend/static/css/**/*.css"
Frontend (JS/HTML/CSS)	UNKNOWN STEP	2026-04-05T03:29:42.3050280Z [36;1mnpx stylelint "frontend/static/css/**/*.css"[0m
Frontend (JS/HTML/CSS)	UNKNOWN STEP	2026-04-05T03:29:42.3077716Z shell: /usr/bin/bash -e {0}
Frontend (JS/HTML/CSS)	UNKNOWN STEP	2026-04-05T03:29:42.3077957Z ##[endgroup]
Frontend (JS/HTML/CSS)	UNKNOWN STEP	2026-04-05T03:29:43.1283010Z 
Frontend (JS/HTML/CSS)	UNKNOWN STEP	2026-04-05T03:29:43.1283984Z frontend/static/css/style.css
Frontend (JS/HTML/CSS)	UNKNOWN STEP	2026-04-05T03:29:43.1285797Z   [2m9:3[22m  [31m[31m✖[39m  Expected empty line before declaration  [2mdeclaration-empty-line-before[22m
Frontend (JS/HTML/CSS)	UNKNOWN STEP	2026-04-05T03:29:43.1286558Z 
Frontend (JS/HTML/CSS)	UNKNOWN STEP	2026-04-05T03:29:43.1287149Z [31m✖[39m 1 problem ([31m1 error[39m, [33m0 warnings[39m)
Frontend (JS/HTML/CSS)	UNKNOWN STEP	2026-04-05T03:29:43.1287902Z   1 error potentially fixable with the "--fix" option.
Frontend (JS/HTML/CSS)	UNKNOWN STEP	2026-04-05T03:29:43.1288301Z 
Frontend (JS/HTML/CSS)	UNKNOWN STEP	2026-04-05T03:29:43.1495570Z ##[error]Process completed with exit code 2.
Frontend (JS/HTML/CSS)	UNKNOWN STEP	2026-04-05T03:29:43.1605440Z Post job cleanup.
Frontend (JS/HTML/CSS)	UNKNOWN STEP	2026-04-05T03:29:43.2376525Z [command]/usr/bin/git version
Frontend (JS/HTML/CSS)	UNKNOWN STEP	2026-04-05T03:29:43.2444377Z git version 2.53.0
Frontend (JS/HTML/CSS)	UNKNOWN STEP	2026-04-05T03:29:43.2484992Z Temporarily overriding HOME='/home/runner/work/_temp/d68e01a9-9b38-4b5b-a804-73d6dffafebb' before making global git config changes
Frontend (JS/HTML/CSS)	UNKNOWN STEP	2026-04-05T03:29:43.2486734Z Adding repository directory to the temporary git global config as a safe directory
Frontend (JS/HTML/CSS)	UNKNOWN STEP	2026-04-05T03:29:43.2490274Z [command]/usr/bin/git config --global --add safe.directory /home/runner/work/utba-swarmmap/utba-swarmmap
Frontend (JS/HTML/CSS)	UNKNOWN STEP	2026-04-05T03:29:43.2520848Z Removing SSH command configuration
Frontend (JS/HTML/CSS)	UNKNOWN STEP	2026-04-05T03:29:43.2526985Z [command]/usr/bin/git config --local --name-only --get-regexp core\.sshCommand
Frontend (JS/HTML/CSS)	UNKNOWN STEP	2026-04-05T03:29:43.2563454Z [command]/usr/bin/git submodule foreach --recursive sh -c "git config --local --name-only --get-regexp 'core\.sshCommand' && git config --local --unset-all 'core.sshCommand' || :"
Frontend (JS/HTML/CSS)	UNKNOWN STEP	2026-04-05T03:29:43.2781456Z Removing HTTP extra header
Frontend (JS/HTML/CSS)	UNKNOWN STEP	2026-04-05T03:29:43.2787128Z [command]/usr/bin/git config --local --name-only --get-regexp http\.https\:\/\/github\.com\/\.extraheader
Frontend (JS/HTML/CSS)	UNKNOWN STEP	2026-04-05T03:29:43.2820209Z [command]/usr/bin/git submodule foreach --recursive sh -c "git config --local --name-only --get-regexp 'http\.https\:\/\/github\.com\/\.extraheader' && git config --local --unset-all 'http.https://github.com/.extraheader' || :"
Frontend (JS/HTML/CSS)	UNKNOWN STEP	2026-04-05T03:29:43.3030265Z Removing includeIf entries pointing to credentials config files
Frontend (JS/HTML/CSS)	UNKNOWN STEP	2026-04-05T03:29:43.3037395Z [command]/usr/bin/git config --local --name-only --get-regexp ^includeIf\.gitdir:
Frontend (JS/HTML/CSS)	UNKNOWN STEP	2026-04-05T03:29:43.3060938Z includeif.gitdir:/home/runner/work/utba-swarmmap/utba-swarmmap/.git.path
Frontend (JS/HTML/CSS)	UNKNOWN STEP	2026-04-05T03:29:43.3062085Z includeif.gitdir:/home/runner/work/utba-swarmmap/utba-swarmmap/.git/worktrees/*.path
Frontend (JS/HTML/CSS)	UNKNOWN STEP	2026-04-05T03:29:43.3062971Z includeif.gitdir:/github/workspace/.git.path
Frontend (JS/HTML/CSS)	UNKNOWN STEP	2026-04-05T03:29:43.3063749Z includeif.gitdir:/github/workspace/.git/worktrees/*.path
Frontend (JS/HTML/CSS)	UNKNOWN STEP	2026-04-05T03:29:43.3071364Z [command]/usr/bin/git config --local --get-all includeif.gitdir:/home/runner/work/utba-swarmmap/utba-swarmmap/.git.path
Frontend (JS/HTML/CSS)	UNKNOWN STEP	2026-04-05T03:29:43.3092128Z /home/runner/work/_temp/git-credentials-99dacfaf-35cf-406c-a188-103bdcec9618.config
Frontend (JS/HTML/CSS)	UNKNOWN STEP	2026-04-05T03:29:43.3102049Z [command]/usr/bin/git config --local --unset includeif.gitdir:/home/runner/work/utba-swarmmap/utba-swarmmap/.git.path /home/runner/work/_temp/git-credentials-99dacfaf-35cf-406c-a188-103bdcec9618.config
Frontend (JS/HTML/CSS)	UNKNOWN STEP	2026-04-05T03:29:43.3134067Z [command]/usr/bin/git config --local --get-all includeif.gitdir:/home/runner/work/utba-swarmmap/utba-swarmmap/.git/worktrees/*.path
Frontend (JS/HTML/CSS)	UNKNOWN STEP	2026-04-05T03:29:43.3154322Z /home/runner/work/_temp/git-credentials-99dacfaf-35cf-406c-a188-103bdcec9618.config
Frontend (JS/HTML/CSS)	UNKNOWN STEP	2026-04-05T03:29:43.3163231Z [command]/usr/bin/git config --local --unset includeif.gitdir:/home/runner/work/utba-swarmmap/utba-swarmmap/.git/worktrees/*.path /home/runner/work/_temp/git-credentials-99dacfaf-35cf-406c-a188-103bdcec9618.config
Frontend (JS/HTML/CSS)	UNKNOWN STEP	2026-04-05T03:29:43.3192435Z [command]/usr/bin/git config --local --get-all includeif.gitdir:/github/workspace/.git.path
Frontend (JS/HTML/CSS)	UNKNOWN STEP	2026-04-05T03:29:43.3212607Z /github/runner_temp/git-credentials-99dacfaf-35cf-406c-a188-103bdcec9618.config
Frontend (JS/HTML/CSS)	UNKNOWN STEP	2026-04-05T03:29:43.3220541Z [command]/usr/bin/git config --local --unset includeif.gitdir:/github/workspace/.git.path /github/runner_temp/git-credentials-99dacfaf-35cf-406c-a188-103bdcec9618.config
Frontend (JS/HTML/CSS)	UNKNOWN STEP	2026-04-05T03:29:43.3249118Z [command]/usr/bin/git config --local --get-all includeif.gitdir:/github/workspace/.git/worktrees/*.path
Frontend (JS/HTML/CSS)	UNKNOWN STEP	2026-04-05T03:29:43.3269559Z /github/runner_temp/git-credentials-99dacfaf-35cf-406c-a188-103bdcec9618.config
Frontend (JS/HTML/CSS)	UNKNOWN STEP	2026-04-05T03:29:43.3279512Z [command]/usr/bin/git config --local --unset includeif.gitdir:/github/workspace/.git/worktrees/*.path /github/runner_temp/git-credentials-99dacfaf-35cf-406c-a188-103bdcec9618.config
Frontend (JS/HTML/CSS)	UNKNOWN STEP	2026-04-05T03:29:43.3312766Z [command]/usr/bin/git submodule foreach --recursive git config --local --show-origin --name-only --get-regexp remote.origin.url
Frontend (JS/HTML/CSS)	UNKNOWN STEP	2026-04-05T03:29:43.3543044Z Removing credentials config '/home/runner/work/_temp/git-credentials-99dacfaf-35cf-406c-a188-103bdcec9618.config'
Frontend (JS/HTML/CSS)	UNKNOWN STEP	2026-04-05T03:29:43.3706495Z Cleaning up orphan processes
