Backend (Go)	Go Vet	﻿2026-04-04T23:10:22.6269818Z ##[group]Run go vet ./...
Backend (Go)	Go Vet	2026-04-04T23:10:22.6270119Z [36;1mgo vet ./...[0m
Backend (Go)	Go Vet	2026-04-04T23:10:22.6296019Z shell: /usr/bin/bash -e {0}
Backend (Go)	Go Vet	2026-04-04T23:10:22.6296260Z ##[endgroup]
Backend (Go)	Go Vet	2026-04-04T23:10:23.0390726Z # github.com/fkcurrie/utba-swarmmap/handlers
Backend (Go)	Go Vet	2026-04-04T23:10:23.0418528Z ##[error]handlers/middleware.go:5:2: "log" imported and not used
Backend (Go)	Go Vet	2026-04-04T23:10:23.1202319Z # github.com/fkcurrie/utba-swarmmap/handlers
Backend (Go)	Go Vet	2026-04-04T23:10:23.1202948Z # [github.com/fkcurrie/utba-swarmmap/handlers]
Backend (Go)	Go Vet	2026-04-04T23:10:23.1204222Z ##[error]vet: handlers/middleware.go:5:2: "log" imported and not used
Backend (Go)	Go Vet	2026-04-04T23:10:23.1469088Z ##[error]Process completed with exit code 1.
General & Infrastructure	YAML Lint (yamllint)	﻿2026-04-04T23:14:18.8749282Z ##[group]Run ibiqlik/action-yamllint@v3
General & Infrastructure	YAML Lint (yamllint)	2026-04-04T23:14:18.8749594Z with:
General & Infrastructure	YAML Lint (yamllint)	2026-04-04T23:14:18.8749777Z   file_or_dir: .
General & Infrastructure	YAML Lint (yamllint)	2026-04-04T23:14:18.8749979Z   config_file: .yamllint.yaml
General & Infrastructure	YAML Lint (yamllint)	2026-04-04T23:14:18.8750225Z   format: parsable
General & Infrastructure	YAML Lint (yamllint)	2026-04-04T23:14:18.8750419Z   strict: false
General & Infrastructure	YAML Lint (yamllint)	2026-04-04T23:14:18.8750600Z   no_warnings: false
General & Infrastructure	YAML Lint (yamllint)	2026-04-04T23:14:18.8750801Z ##[endgroup]
General & Infrastructure	YAML Lint (yamllint)	2026-04-04T23:14:18.8846917Z ##[group]Run # export LOGFILE=$(mktemp yamllint-XXXXXX)
General & Infrastructure	YAML Lint (yamllint)	2026-04-04T23:14:18.8847332Z [36;1m# export LOGFILE=$(mktemp yamllint-XXXXXX)[0m
General & Infrastructure	YAML Lint (yamllint)	2026-04-04T23:14:18.8847774Z [36;1m/home/runner/work/_actions/ibiqlik/action-yamllint/v3/entrypoint.sh[0m
General & Infrastructure	YAML Lint (yamllint)	2026-04-04T23:14:18.8878796Z shell: /usr/bin/bash --noprofile --norc -e -o pipefail {0}
General & Infrastructure	YAML Lint (yamllint)	2026-04-04T23:14:18.8879138Z env:
General & Infrastructure	YAML Lint (yamllint)	2026-04-04T23:14:18.8879317Z   INPUT_FILE_OR_DIR: .
General & Infrastructure	YAML Lint (yamllint)	2026-04-04T23:14:18.8879553Z   INPUT_CONFIG_FILE: .yamllint.yaml
General & Infrastructure	YAML Lint (yamllint)	2026-04-04T23:14:18.8879806Z   INPUT_CONFIG_DATA: 
General & Infrastructure	YAML Lint (yamllint)	2026-04-04T23:14:18.8880017Z   INPUT_FORMAT: parsable
General & Infrastructure	YAML Lint (yamllint)	2026-04-04T23:14:18.8880238Z   INPUT_STRICT: false
General & Infrastructure	YAML Lint (yamllint)	2026-04-04T23:14:18.8880492Z   INPUT_NO_WARNINGS: false
General & Infrastructure	YAML Lint (yamllint)	2026-04-04T23:14:18.8880704Z ##[endgroup]
General & Infrastructure	YAML Lint (yamllint)	2026-04-04T23:14:19.0345800Z ======================
General & Infrastructure	YAML Lint (yamllint)	2026-04-04T23:14:19.0346259Z = Linting YAML files =
General & Infrastructure	YAML Lint (yamllint)	2026-04-04T23:14:19.0346561Z ======================
General & Infrastructure	YAML Lint (yamllint)	2026-04-04T23:14:19.3833624Z ./.yamllint.yaml:19:1: [error] duplication of key "ignore" in mapping (key-duplicates)
General & Infrastructure	YAML Lint (yamllint)	2026-04-04T23:14:19.3972941Z ##[error]Process completed with exit code 1.
